Archive member included to satisfy reference by file (symbol)

/home/ricardo/MaximSDK/Libraries/PeriphDrivers/bin/MAX32655/spi-v1_softfp/libPeriphDriver_spi-v1_softfp.a(mxc_delay.o)
                              /home/ricardo/MaximSDK/MyProjects/UPRM-Multi_Frq-BioZ-Research/build/sdhc.o (MXC_Delay)
/home/ricardo/MaximSDK/Libraries/PeriphDrivers/bin/MAX32655/spi-v1_softfp/libPeriphDriver_spi-v1_softfp.a(nvic_table.o)
                              /home/ricardo/MaximSDK/MyProjects/UPRM-Multi_Frq-BioZ-Research/build/cli.o (MXC_NVIC_SetVector)
/home/ricardo/MaximSDK/Libraries/PeriphDrivers/bin/MAX32655/spi-v1_softfp/libPeriphDriver_spi-v1_softfp.a(sys_me17.o)
                              /home/ricardo/MaximSDK/MyProjects/UPRM-Multi_Frq-BioZ-Research/build/board.o (MXC_SYS_ClockEnable)
/home/ricardo/MaximSDK/Libraries/PeriphDrivers/bin/MAX32655/spi-v1_softfp/libPeriphDriver_spi-v1_softfp.a(aes_me17.o)
                              /home/ricardo/MaximSDK/Libraries/PeriphDrivers/bin/MAX32655/spi-v1_softfp/libPeriphDriver_spi-v1_softfp.a(sys_me17.o) (MXC_AES_Init)
/home/ricardo/MaximSDK/Libraries/PeriphDrivers/bin/MAX32655/spi-v1_softfp/libPeriphDriver_spi-v1_softfp.a(aes_revb.o)
                              /home/ricardo/MaximSDK/Libraries/PeriphDrivers/bin/MAX32655/spi-v1_softfp/libPeriphDriver_spi-v1_softfp.a(aes_me17.o) (MXC_AES_RevB_IsBusy)
/home/ricardo/MaximSDK/Libraries/PeriphDrivers/bin/MAX32655/spi-v1_softfp/libPeriphDriver_spi-v1_softfp.a(dma_me17.o)
                              /home/ricardo/MaximSDK/Libraries/PeriphDrivers/bin/MAX32655/spi-v1_softfp/libPeriphDriver_spi-v1_softfp.a(aes_revb.o) (MXC_DMA_Init)
/home/ricardo/MaximSDK/Libraries/PeriphDrivers/bin/MAX32655/spi-v1_softfp/libPeriphDriver_spi-v1_softfp.a(dma_reva.o)
                              /home/ricardo/MaximSDK/Libraries/PeriphDrivers/bin/MAX32655/spi-v1_softfp/libPeriphDriver_spi-v1_softfp.a(dma_me17.o) (MXC_DMA_RevA_Init)
/home/ricardo/MaximSDK/Libraries/PeriphDrivers/bin/MAX32655/spi-v1_softfp/libPeriphDriver_spi-v1_softfp.a(flc_me17.o)
                              /home/ricardo/MaximSDK/Libraries/PeriphDrivers/bin/MAX32655/spi-v1_softfp/libPeriphDriver_spi-v1_softfp.a(sys_me17.o) (MXC_FLC_UnlockInfoBlock)
/home/ricardo/MaximSDK/Libraries/PeriphDrivers/bin/MAX32655/spi-v1_softfp/libPeriphDriver_spi-v1_softfp.a(flc_reva.o)
                              /home/ricardo/MaximSDK/Libraries/PeriphDrivers/bin/MAX32655/spi-v1_softfp/libPeriphDriver_spi-v1_softfp.a(flc_me17.o) (MXC_FLC_RevA_Busy)
/home/ricardo/MaximSDK/Libraries/PeriphDrivers/bin/MAX32655/spi-v1_softfp/libPeriphDriver_spi-v1_softfp.a(gpio_me17.o)
                              /home/ricardo/MaximSDK/MyProjects/UPRM-Multi_Frq-BioZ-Research/build/main.o (MXC_GPIO_InGet)
/home/ricardo/MaximSDK/Libraries/PeriphDrivers/bin/MAX32655/spi-v1_softfp/libPeriphDriver_spi-v1_softfp.a(gpio_reva.o)
                              /home/ricardo/MaximSDK/Libraries/PeriphDrivers/bin/MAX32655/spi-v1_softfp/libPeriphDriver_spi-v1_softfp.a(gpio_me17.o) (MXC_GPIO_RevA_InGet)
/home/ricardo/MaximSDK/Libraries/PeriphDrivers/bin/MAX32655/spi-v1_softfp/libPeriphDriver_spi-v1_softfp.a(i2c_me17.o)
                              /home/ricardo/MaximSDK/MyProjects/UPRM-Multi_Frq-BioZ-Research/build/max20303.o (MXC_I2C_Init)
/home/ricardo/MaximSDK/Libraries/PeriphDrivers/bin/MAX32655/spi-v1_softfp/libPeriphDriver_spi-v1_softfp.a(i2c_reva.o)
                              /home/ricardo/MaximSDK/Libraries/PeriphDrivers/bin/MAX32655/spi-v1_softfp/libPeriphDriver_spi-v1_softfp.a(i2c_me17.o) (MXC_I2C_RevA_DMACallback)
/home/ricardo/MaximSDK/Libraries/PeriphDrivers/bin/MAX32655/spi-v1_softfp/libPeriphDriver_spi-v1_softfp.a(icc_me17.o)
                              /home/ricardo/MaximSDK/MyProjects/UPRM-Multi_Frq-BioZ-Research/build/system_max32655.o (MXC_ICC_Enable)
/home/ricardo/MaximSDK/Libraries/PeriphDrivers/bin/MAX32655/spi-v1_softfp/libPeriphDriver_spi-v1_softfp.a(icc_reva.o)
                              /home/ricardo/MaximSDK/Libraries/PeriphDrivers/bin/MAX32655/spi-v1_softfp/libPeriphDriver_spi-v1_softfp.a(icc_me17.o) (MXC_ICC_RevA_ID)
/home/ricardo/MaximSDK/Libraries/PeriphDrivers/bin/MAX32655/spi-v1_softfp/libPeriphDriver_spi-v1_softfp.a(simo_me17.o)
                              /home/ricardo/MaximSDK/MyProjects/UPRM-Multi_Frq-BioZ-Research/build/system_max32655.o (MXC_SIMO_SetVregO_A)
/home/ricardo/MaximSDK/Libraries/PeriphDrivers/bin/MAX32655/spi-v1_softfp/libPeriphDriver_spi-v1_softfp.a(simo_reva.o)
                              /home/ricardo/MaximSDK/Libraries/PeriphDrivers/bin/MAX32655/spi-v1_softfp/libPeriphDriver_spi-v1_softfp.a(simo_me17.o) (MXC_SIMO_RevA_SetVregO_A)
/home/ricardo/MaximSDK/Libraries/PeriphDrivers/bin/MAX32655/spi-v1_softfp/libPeriphDriver_spi-v1_softfp.a(spi_me17.o)
                              /home/ricardo/MaximSDK/MyProjects/UPRM-Multi_Frq-BioZ-Research/build/spiFunctions.o (MXC_SPI_Init)
[...]
Memory Configuration

Name             Origin             Length             Attributes
ROM              0x0000000000000000 0x0000000000010000 xr
FLASH            0x0000000010000000 0x0000000000080000 xr
PAL_NVM_DB       0x0000000010080000 0x0000000000000000 r
RISCV_FLASH      0x0000000010080000 0x0000000000000000 xr
SRAM             0x0000000020000000 0x0000000000020000 xrw
MAILBOX_0        0x0000000020020000 0x0000000000000000 rw
MAILBOX_1        0x0000000020020000 0x0000000000000000 rw
RISCV_SRAM       0x0000000020020000 0x0000000000000000 xrw
*default*        0x0000000000000000 0xffffffffffffffff

Linker script and memory map

LOAD /home/ricardo/MaximSDK/Tools/GNUTools/10.3/bin/../lib/gcc/arm-none-eabi/10.3.1/thumb/v7e-m+fp/softfp/crti.o
LOAD /home/ricardo/MaximSDK/Tools/GNUTools/10.3/bin/../lib/gcc/arm-none-eabi/10.3.1/thumb/v7e-m+fp/softfp/crtbegin.o
LOAD /home/ricardo/MaximSDK/Tools/GNUTools/10.3/bin/../lib/gcc/arm-none-eabi/10.3.1/../../../../arm-none-eabi/lib/thumb/v7e-m+fp/softfp/crt0.o
LOAD /home/ricardo/MaximSDK/MyProjects/UPRM-Multi_Frq-BioZ-Research/build/main.o
LOAD /home/ricardo/MaximSDK/MyProjects/UPRM-Multi_Frq-BioZ-Research/build/bioZ.o
LOAD /home/ricardo/MaximSDK/MyProjects/UPRM-Multi_Frq-BioZ-Research/build/MAX30009.o
LOAD /home/ricardo/MaximSDK/MyProjects/UPRM-Multi_Frq-BioZ-Research/build/sdhc.o
LOAD /home/ricardo/MaximSDK/MyProjects/UPRM-Multi_Frq-BioZ-Research/build/spiFunctions.o
LOAD /home/ricardo/MaximSDK/MyProjects/UPRM-Multi_Frq-BioZ-Research/build/user-cli.o
LOAD /home/ricardo/MaximSDK/MyProjects/UPRM-Multi_Frq-BioZ-Research/build/board.o
LOAD /home/ricardo/MaximSDK/MyProjects/UPRM-Multi_Frq-BioZ-Research/build/stdio.o
LOAD /home/ricardo/MaximSDK/MyProjects/UPRM-Multi_Frq-BioZ-Research/build/led.o
LOAD /home/ricardo/MaximSDK/MyProjects/UPRM-Multi_Frq-BioZ-Research/build/pb.o
LOAD /home/ricardo/MaximSDK/MyProjects/UPRM-Multi_Frq-BioZ-Research/build/max20303.o
LOAD /home/ricardo/MaximSDK/MyProjects/UPRM-Multi_Frq-BioZ-Research/build/w25.o
LOAD /home/ricardo/MaximSDK/MyProjects/UPRM-Multi_Frq-BioZ-Research/build/cli.o
LOAD /home/ricardo/MaximSDK/MyProjects/UPRM-Multi_Frq-BioZ-Research/build/startup_max32655.o
LOAD /home/ricardo/MaximSDK/MyProjects/UPRM-Multi_Frq-BioZ-Research/build/heap.o
LOAD /home/ricardo/MaximSDK/MyProjects/UPRM-Multi_Frq-BioZ-Research/build/system_max32655.o
START GROUP
LOAD /home/ricardo/MaximSDK/Libraries/PeriphDrivers/bin/MAX32655/spi-v1_softfp/libPeriphDriver_spi-v1_softfp.a
LOAD /home/ricardo/MaximSDK/MyProjects/UPRM-Multi_Frq-BioZ-Research/build/Fat32Driver/FAT32.a
LOAD /home/ricardo/MaximSDK/MyProjects/UPRM-Multi_Frq-BioZ-Research/build/SDHCDriver/sdhc.a
LOAD /home/ricardo/MaximSDK/Tools/GNUTools/10.3/bin/../lib/gcc/arm-none-eabi/10.3.1/../../../../arm-none-eabi/lib/thumb/v7e-m+fp/softfp/libc.a
LOAD /home/ricardo/MaximSDK/Tools/GNUTools/10.3/bin/../lib/gcc/arm-none-eabi/10.3.1/../../../../arm-none-eabi/lib/thumb/v7e-m+fp/softfp/libm.a
LOAD /home/ricardo/MaximSDK/Tools/GNUTools/10.3/bin/../lib/gcc/arm-none-eabi/10.3.1/../../../../arm-none-eabi/lib/thumb/v7e-m+fp/softfp/libnosys.a
END GROUP
START GROUP
LOAD /home/ricardo/MaximSDK/Tools/GNUTools/10.3/bin/../lib/gcc/arm-none-eabi/10.3.1/thumb/v7e-m+fp/softfp/libgcc.a
LOAD /home/ricardo/MaximSDK/Tools/GNUTools/10.3/bin/../lib/gcc/arm-none-eabi/10.3.1/../../../../arm-none-eabi/lib/thumb/v7e-m+fp/softfp/libc.a
END GROUP
LOAD /home/ricardo/MaximSDK/Tools/GNUTools/10.3/bin/../lib/gcc/arm-none-eabi/10.3.1/thumb/v7e-m+fp/softfp/crtend.o
LOAD /home/ricardo/MaximSDK/Tools/GNUTools/10.3/bin/../lib/gcc/arm-none-eabi/10.3.1/thumb/v7e-m+fp/softfp/crtn.o
                0x0000000000080000                FLASH_MEM_SIZE = (_ARM_FLASH_SIZE - _PAL_NVM_SIZE)
                0x0000000010080000                PAL_NVM_ORIGIN = ((_ARM_FLASH_SIZE - _PAL_NVM_SIZE) + _ARM_FLASH_ORIGIN)
                0x0000000010080000                RISCV_FLASH_ORIGIN = (PAL_NVM_ORIGIN + _PAL_NVM_SIZE)
                0x0000000000000000                RISCV_FLASH_SIZE = (_FLASH_SIZE - _ARM_FLASH_SIZE)
                0x0000000020020000                MAILBOX_ORIGIN = (_ARM_SRAM_ORIGIN + _ARM_SRAM_SIZE)
                0x0000000020020000                RISCV_SRAM_ORIGIN = (MAILBOX_ORIGIN + (0x2 * _MAILBOX_SIZE))
                0x0000000000000000                RISCV_SRAM_SIZE = ((_SRAM_SIZE - _ARM_SRAM_SIZE) - (0x2 * _MAILBOX_SIZE))

.rom
 *(.rom_vector)
 *(.rom_handlers*)

.text           0x0000000010000000    0x24220
                0x0000000010000000                _text = .
 *(.isr_vector)
 .isr_vector    0x0000000010000000      0x1f8 /home/ricardo/MaximSDK/MyProjects/UPRM-Multi_Frq-BioZ-Research/build/startup_max32655.o
                0x0000000010000000                __isr_vector
 EXCLUDE_FILE(*riscv.o) *(.text*)
 .text          0x00000000100001f8       0x40 /home/ricardo/MaximSDK/Tools/GNUTools/10.3/bin/../lib/gcc/arm-none-eabi/10.3.1/thumb/v7e-m+fp/softfp/crtbegin.o
 .text.sensorISR
                0x0000000010000238       0x18 /home/ricardo/MaximSDK/MyProjects/UPRM-Multi_Frq-BioZ-Research/build/main.o
                0x0000000010000238                sensorISR
 .text.setupMax30009Interrupt
                0x0000000010000250       0x50 /home/ricardo/MaximSDK/MyProjects/UPRM-Multi_Frq-BioZ-Research/build/main.o
                0x0000000010000250                setupMax30009Interrupt
 .text.GPIO_InterruptSelfTest
                0x00000000100002a0       0xb8 /home/ricardo/MaximSDK/MyProjects/UPRM-Multi_Frq-BioZ-Research/build/main.o
                0x00000000100002a0                GPIO_InterruptSelfTest
 .text.startup.main
                0x0000000010000358       0x8c /home/ricardo/MaximSDK/MyProjects/UPRM-Multi_Frq-BioZ-Research/build/main.o
                0x0000000010000358                main
 .text.SFBIAsettings
                0x00000000100003e4       0xd8 /home/ricardo/MaximSDK/MyProjects/UPRM-Multi_Frq-BioZ-Research/build/bioZ.o
                0x00000000100003e4                SFBIAsettings
 .text.calcBioZ
                0x00000000100004bc      0x1e4 /home/ricardo/MaximSDK/MyProjects/UPRM-Multi_Frq-BioZ-Research/build/bioZ.o
                0x00000000100004bc                calcBioZ
 .text.init     0x00000000100006a0       0x7c /home/ricardo/MaximSDK/MyProjects/UPRM-Multi_Frq-BioZ-Research/build/MAX30009.o
                0x00000000100006a0                init
 .text.setMessage
                0x000000001000071c       0x18 /home/ricardo/MaximSDK/MyProjects/UPRM-Multi_Frq-BioZ-Research/build/sdhc.o
                0x000000001000071c                setMessage
 .text.mount    0x0000000010000734       0x70 /home/ricardo/MaximSDK/MyProjects/UPRM-Multi_Frq-BioZ-Research/build/sdhc.o
                0x0000000010000734                mount
 .text.umount   0x00000000100007a4       0x4c /home/ricardo/MaximSDK/MyProjects/UPRM-Multi_Frq-BioZ-Research/build/sdhc.o
                0x00000000100007a4                umount
 .text.formatSDHC
                0x00000000100007f0       0xd4 /home/ricardo/MaximSDK/MyProjects/UPRM-Multi_Frq-BioZ-Research/build/sdhc.o
                0x00000000100007f0                formatSDHC
 .text.getSize  0x00000000100008c4       0x9c /home/ricardo/MaximSDK/MyProjects/UPRM-Multi_Frq-BioZ-Research/build/sdhc.o
                0x00000000100008c4                getSize
 .text.ls       0x0000000010000960       0x9c /home/ricardo/MaximSDK/MyProjects/UPRM-Multi_Frq-BioZ-Research/build/sdhc.o
                0x0000000010000960                ls
 .text.createFile
                0x00000000100009fc      0x148 /home/ricardo/MaximSDK/MyProjects/UPRM-Multi_Frq-BioZ-Research/build/sdhc.o
                0x00000000100009fc                createFile
 .text.appendFile
                0x0000000010000b44       0xf8 /home/ricardo/MaximSDK/MyProjects/UPRM-Multi_Frq-BioZ-Research/build/sdhc.o
                0x0000000010000b44                appendFile
 .text.mkdir    0x0000000010000c3c       0xa4 /home/ricardo/MaximSDK/MyProjects/UPRM-Multi_Frq-BioZ-Research/build/sdhc.o
                0x0000000010000c3c                mkdir
 .text.cd       0x0000000010000ce0       0xac /home/ricardo/MaximSDK/MyProjects/UPRM-Multi_Frq-BioZ-Research/build/sdhc.o
                0x0000000010000ce0                cd
 .text.deleteFile
                0x0000000010000d8c       0x84 /home/ricardo/MaximSDK/MyProjects/UPRM-Multi_Frq-BioZ-Research/build/sdhc.o
                0x0000000010000d8c                deleteFile
 .text.createNextBiozLogFile
                0x0000000010000e10      0x164 /home/ricardo/MaximSDK/MyProjects/UPRM-Multi_Frq-BioZ-Research/build/sdhc.o
                0x0000000010000e10                createNextBiozLogFile
 .text.example  0x0000000010000f74      0x30c /home/ricardo/MaximSDK/MyProjects/UPRM-Multi_Frq-BioZ-Research/build/sdhc.o
                0x0000000010000f74                example
 .text.waitCardInserted
                0x0000000010001280       0x40 /home/ricardo/MaximSDK/MyProjects/UPRM-Multi_Frq-BioZ-Research/build/sdhc.o
                0x0000000010001280                waitCardInserted
 .text.initSPI  0x00000000100012c0       0xa8 /home/ricardo/MaximSDK/MyProjects/UPRM-Multi_Frq-BioZ-Research/build/spiFunctions.o
                0x00000000100012c0                initSPI
 .text.regWrite
                0x0000000010001368       0x70 /home/ricardo/MaximSDK/MyProjects/UPRM-Multi_Frq-BioZ-Research/build/spiFunctions.o
                0x0000000010001368                regWrite
 .text.regRead  0x00000000100013d8       0x90 /home/ricardo/MaximSDK/MyProjects/UPRM-Multi_Frq-BioZ-Research/build/spiFunctions.o
                0x00000000100013d8                regRead
 .text.spiBurst
                0x0000000010001468      0x158 /home/ricardo/MaximSDK/MyProjects/UPRM-Multi_Frq-BioZ-Research/build/spiFunctions.o
                0x0000000010001468                spiBurst
 .text.handle_start
                0x00000000100015c0       0x30 /home/ricardo/MaximSDK/MyProjects/UPRM-Multi_Frq-BioZ-Research/build/user-cli.o
                0x00000000100015c0                handle_start
 .text.handle_stop
                0x00000000100015f0       0x30 /home/ricardo/MaximSDK/MyProjects/UPRM-Multi_Frq-BioZ-Research/build/user-cli.o
                0x00000000100015f0                handle_stop
 .text.handle_size
                0x0000000010001620       0x1c /home/ricardo/MaximSDK/MyProjects/UPRM-Multi_Frq-BioZ-Research/build/user-cli.o
                0x0000000010001620                handle_size
 .text.handle_format
                0x000000001000163c       0x1c /home/ricardo/MaximSDK/MyProjects/UPRM-Multi_Frq-BioZ-Research/build/user-cli.o
                0x000000001000163c                handle_format
 .text.handle_mount
                0x0000000010001658       0x1c /home/ricardo/MaximSDK/MyProjects/UPRM-Multi_Frq-BioZ-Research/build/user-cli.o
                0x0000000010001658                handle_mount
 .text.handle_ls
                0x0000000010001674       0x1c /home/ricardo/MaximSDK/MyProjects/UPRM-Multi_Frq-BioZ-Research/build/user-cli.o
                0x0000000010001674                handle_ls
 .text.handle_mkdir
                0x0000000010001690       0x1c /home/ricardo/MaximSDK/MyProjects/UPRM-Multi_Frq-BioZ-Research/build/user-cli.o
                0x0000000010001690                handle_mkdir
 .text.handle_createfile
                0x00000000100016ac       0x2c /home/ricardo/MaximSDK/MyProjects/UPRM-Multi_Frq-BioZ-Research/build/user-cli.o
                0x00000000100016ac                handle_createfile
 .text.handle_cd
                0x00000000100016d8       0x1c /home/ricardo/MaximSDK/MyProjects/UPRM-Multi_Frq-BioZ-Research/build/user-cli.o
                0x00000000100016d8                handle_cd
 .text.handle_add_data
                0x00000000100016f4       0x2c /home/ricardo/MaximSDK/MyProjects/UPRM-Multi_Frq-BioZ-Research/build/user-cli.o
                0x00000000100016f4                handle_add_data
 .text.handle_del
                0x0000000010001720       0x1c /home/ricardo/MaximSDK/MyProjects/UPRM-Multi_Frq-BioZ-Research/build/user-cli.o
                0x0000000010001720                handle_del
 .text.handle_fatfs
                0x000000001000173c       0x1c /home/ricardo/MaximSDK/MyProjects/UPRM-Multi_Frq-BioZ-Research/build/user-cli.o
                0x000000001000173c                handle_fatfs
 .text.handle_unmount
                0x0000000010001758       0x1c /home/ricardo/MaximSDK/MyProjects/UPRM-Multi_Frq-BioZ-Research/build/user-cli.o
                0x0000000010001758                handle_unmount
 .text.ext_flash_clock
                0x0000000010001774       0x74 /home/ricardo/MaximSDK/MyProjects/UPRM-Multi_Frq-BioZ-Research/build/board.o
 .text.ext_flash_board_init
                0x00000000100017e8       0x88 /home/ricardo/MaximSDK/MyProjects/UPRM-Multi_Frq-BioZ-Research/build/board.o
 .text.ext_flash_board_read
                0x0000000010001870      0x100 /home/ricardo/MaximSDK/MyProjects/UPRM-Multi_Frq-BioZ-Research/build/board.o
 .text.ext_flash_board_write
                0x0000000010001970      0x100 /home/ricardo/MaximSDK/MyProjects/UPRM-Multi_Frq-BioZ-Research/build/board.o
 .text.GPIO0_IRQHandler
                0x0000000010001a70        0x8 /home/ricardo/MaximSDK/MyProjects/UPRM-Multi_Frq-BioZ-Research/build/board.o
                0x0000000010001a70                GPIO0_IRQHandler
 .text.mxc_assert
                0x0000000010001a78       0x10 /home/ricardo/MaximSDK/MyProjects/UPRM-Multi_Frq-BioZ-Research/build/board.o
                0x0000000010001a78                mxc_assert
 .text.Board_Init
                0x0000000010001a88       0x7c /home/ricardo/MaximSDK/MyProjects/UPRM-Multi_Frq-BioZ-Research/build/board.o
                0x0000000010001a88                Board_Init
 .text.NMI_Handler
                0x0000000010001b04        0x4 /home/ricardo/MaximSDK/MyProjects/UPRM-Multi_Frq-BioZ-Research/build/board.o
                0x0000000010001b04                NMI_Handler
 .text.SD_Power
                0x0000000010001b08       0x44 /home/ricardo/MaximSDK/MyProjects/UPRM-Multi_Frq-BioZ-Research/build/board.o
                0x0000000010001b08                SD_Power
 .text.SD_Get_Connections
                0x0000000010001b4c       0x1c /home/ricardo/MaximSDK/MyProjects/UPRM-Multi_Frq-BioZ-Research/build/board.o
                0x0000000010001b4c                SD_Get_Connections
 .text._close   0x0000000010001b68        0x8 /home/ricardo/MaximSDK/MyProjects/UPRM-Multi_Frq-BioZ-Research/build/stdio.o
                0x0000000010001b68                _close
 .text._isatty  0x0000000010001b70        0x8 /home/ricardo/MaximSDK/MyProjects/UPRM-Multi_Frq-BioZ-Research/build/stdio.o
                0x0000000010001b70                _isatty
 .text._lseek   0x0000000010001b78        0x8 /home/ricardo/MaximSDK/MyProjects/UPRM-Multi_Frq-BioZ-Research/build/stdio.o
                0x0000000010001b78                _lseek
 .text._fstat   0x0000000010001b80        0x8 /home/ricardo/MaximSDK/MyProjects/UPRM-Multi_Frq-BioZ-Research/build/stdio.o
                0x0000000010001b80                _fstat
 .text._read    0x0000000010001b88       0x50 /home/ricardo/MaximSDK/MyProjects/UPRM-Multi_Frq-BioZ-Research/build/stdio.o
                0x0000000010001b88                _read
 .text._write   0x0000000010001bd8       0x54 /home/ricardo/MaximSDK/MyProjects/UPRM-Multi_Frq-BioZ-Research/build/stdio.o
                0x0000000010001bd8                _write
 .text.LED_Init
                0x0000000010001c2c       0x40 /home/ricardo/MaximSDK/MyProjects/UPRM-Multi_Frq-BioZ-Research/build/led.o
                0x0000000010001c2c                LED_Init
 .text.PB_Init  0x0000000010001c6c       0x68 /home/ricardo/MaximSDK/MyProjects/UPRM-Multi_Frq-BioZ-Research/build/pb.o
                0x0000000010001c6c                PB_Init
 .text.Ext_Flash_Configure
                0x0000000010001cd4       0x28 /home/ricardo/MaximSDK/MyProjects/UPRM-Multi_Frq-BioZ-Research/build/w25.o
                0x0000000010001cd4                Ext_Flash_Configure
 .text.handle_help
                0x0000000010001cfc       0x6c /home/ricardo/MaximSDK/MyProjects/UPRM-Multi_Frq-BioZ-Research/build/cli.o
                0x0000000010001cfc                handle_help
 .text.MXC_CLI_Handler
                0x0000000010001d68       0x10 /home/ricardo/MaximSDK/MyProjects/UPRM-Multi_Frq-BioZ-Research/build/cli.o
                0x0000000010001d68                MXC_CLI_Handler
 .text.process_command
                0x0000000010001d78       0xe0 /home/ricardo/MaximSDK/MyProjects/UPRM-Multi_Frq-BioZ-Research/build/cli.o
                0x0000000010001d78                process_command
 .text.line_accumulator
                0x0000000010001e58       0x9c /home/ricardo/MaximSDK/MyProjects/UPRM-Multi_Frq-BioZ-Research/build/cli.o
                0x0000000010001e58                line_accumulator
 .text.CLI_Callback
                0x0000000010001ef4       0x20 /home/ricardo/MaximSDK/MyProjects/UPRM-Multi_Frq-BioZ-Research/build/cli.o
                0x0000000010001ef4                CLI_Callback
 .text.MXC_CLI_Init
                0x0000000010001f14      0x140 /home/ricardo/MaximSDK/MyProjects/UPRM-Multi_Frq-BioZ-Research/build/cli.o
                0x0000000010001f14                MXC_CLI_Init
 .text          0x0000000010002054      0x154 /home/ricardo/MaximSDK/MyProjects/UPRM-Multi_Frq-BioZ-Research/build/startup_max32655.o
                0x0000000010002054                Reset_Handler
                0x0000000010002092                HardFault_Handler
                0x0000000010002094                MemManage_Handler
                0x0000000010002096                BusFault_Handler
                0x0000000010002098                UsageFault_Handler
                0x000000001000209a                SVC_Handler
                0x000000001000209c                DebugMon_Handler
                0x000000001000209e                PendSV_Handler
                0x00000000100020a0                SysTick_Handler
                0x00000000100020a2                Default_Handler
                0x00000000100020a4                PF_IRQHandler
                0x00000000100020a6                WDT0_IRQHandler
                0x00000000100020a8                RSV02_IRQHandler
                0x00000000100020aa                RTC_IRQHandler
                0x00000000100020ac                TRNG_IRQHandler
                0x00000000100020ae                TMR0_IRQHandler
                0x00000000100020b0                TMR1_IRQHandler
                0x00000000100020b2                TMR2_IRQHandler
                0x00000000100020b4                TMR3_IRQHandler
                0x00000000100020b6                TMR4_IRQHandler
                0x00000000100020b8                TMR5_IRQHandler
                0x00000000100020ba                RSV11_IRQHandler
                0x00000000100020bc                RSV12_IRQHandler
                0x00000000100020be                I2C0_IRQHandler
                0x00000000100020c0                UART0_IRQHandler
                0x00000000100020c2                UART1_IRQHandler
                0x00000000100020c4                SPI1_IRQHandler
                0x00000000100020c6                RSV17_IRQHandler
                0x00000000100020c8                RSV18_IRQHandler
                0x00000000100020ca                RSV19_IRQHandler
                0x00000000100020cc                ADC_IRQHandler
                0x00000000100020ce                RSV21_IRQHandler
                0x00000000100020d0                RSV22_IRQHandler
                0x00000000100020d2                FLC0_IRQHandler
                0x00000000100020d6                GPIO1_IRQHandler
                0x00000000100020d8                GPIO2_IRQHandler
                0x00000000100020da                RSV27_IRQHandler
                0x00000000100020dc                DMA0_IRQHandler
                0x00000000100020de                DMA1_IRQHandler
                0x00000000100020e0                DMA2_IRQHandler
                0x00000000100020e2                DMA3_IRQHandler
                0x00000000100020e4                RSV32_IRQHandler
                0x00000000100020e6                RSV33_IRQHandler
                0x00000000100020e8                UART2_IRQHandler
                0x00000000100020ea                RSV35_IRQHandler
                0x00000000100020ec                I2C1_IRQHandler
                0x00000000100020ee                RSV37_IRQHandler
                0x00000000100020f0                RSV38_IRQHandler
                0x00000000100020f2                BTLE_TX_DONE_IRQHandler
                0x00000000100020f4                BTLE_RX_RCVD_IRQHandler
                0x00000000100020f6                BTLE_RX_ENG_DET_IRQHandler
                0x00000000100020f8                BTLE_SFD_DET_IRQHandler
                0x00000000100020fa                BTLE_SFD_TO_IRQHandler
                0x00000000100020fc                BTLE_GP_EVENT_IRQHandler
                0x00000000100020fe                BTLE_CFO_IRQHandler
                0x0000000010002100                BTLE_SIG_DET_IRQHandler
                0x0000000010002102                BTLE_AGC_EVENT_IRQHandler
                0x0000000010002104                BTLE_RFFE_SPIM_IRQHandler
                0x0000000010002106                BTLE_TX_AES_IRQHandler
                0x0000000010002108                BTLE_RX_AES_IRQHandler
                0x000000001000210a                BTLE_INV_APB_ADDR_IRQHandler
                0x000000001000210c                BTLE_IQ_DATA_VALID_IRQHandler
                0x000000001000210e                WUT0_IRQHandler
                0x0000000010002110                GPIOWAKE_IRQHandler
                0x0000000010002112                RSV55_IRQHandler
                0x0000000010002114                SPI0_IRQHandler
                0x0000000010002116                WDT1_IRQHandler
                0x0000000010002118                RSV57_IRQHandler
                0x000000001000211a                PT_IRQHandler
                0x000000001000211c                RSV60_IRQHandler
                0x000000001000211e                RSV61_IRQHandler
                0x0000000010002120                I2C2_IRQHandler
                0x0000000010002122                RISCV_IRQHandler
                0x0000000010002124                RSV64_IRQHandler
                0x0000000010002126                RSV65_IRQHandler
                0x0000000010002128                RSV66_IRQHandler
                0x000000001000212a                OWM_IRQHandler
                0x000000001000212c                RSV68_IRQHandler
                0x000000001000212e                RSV69_IRQHandler
                0x0000000010002130                RSV70_IRQHandler
                0x0000000010002132                RSV71_IRQHandler
                0x0000000010002134                RSV72_IRQHandler
                0x0000000010002136                RSV73_IRQHandler
                0x0000000010002138                RSV74_IRQHandler
                0x000000001000213a                RSV75_IRQHandler
                0x000000001000213c                RSV76_IRQHandler
                0x000000001000213e                RSV77_IRQHandler
                0x0000000010002140                RSV78_IRQHandler
                0x0000000010002142                RSV79_IRQHandler
                0x0000000010002144                RSV80_IRQHandler
                0x0000000010002146                RSV81_IRQHandler
                0x0000000010002148                ECC_IRQHandler
                0x000000001000214a                DVS_IRQHandler
                0x000000001000214c                SIMO_IRQHandler
                0x000000001000214e                RSV85_IRQHandler
                0x0000000010002150                RSV86_IRQHandler
                0x0000000010002152                RSV87_IRQHandler
                0x0000000010002154                UART3_IRQHandler
                0x0000000010002156                RSV89_IRQHandler
                0x0000000010002158                RSV90_IRQHandler
                0x000000001000215a                RSV91_IRQHandler
                0x000000001000215c                RSV92_IRQHandler
                0x000000001000215e                RSV93_IRQHandler
                0x0000000010002160                RSV94_IRQHandler
                0x0000000010002162                RSV95_IRQHandler
                0x0000000010002164                RSV96_IRQHandler
                0x0000000010002166                AES_IRQHandler
                0x0000000010002168                CRC_IRQHandler
                0x000000001000216a                I2S_IRQHandler
                0x000000001000216c                RSV116_IRQHandler
                0x000000001000216e                RSV117_IRQHandler
                0x0000000010002170                RSV118_IRQHandler
                0x0000000010002172                LPCMP_IRQHandler
                0x0000000010002174                RSV120_IRQHandler
                0x0000000010002176                RSV121_IRQHandler
                0x0000000010002178                RSV122_IRQHandler
                0x000000001000217a                RSV123_IRQHandler
                0x000000001000217c                RSV124_IRQHandler
                0x000000001000217e                WUT1_IRQHandler
 .text._sbrk    0x00000000100021a8       0x3c /home/ricardo/MaximSDK/MyProjects/UPRM-Multi_Frq-BioZ-Research/build/heap.o
                0x00000000100021a8                _sbrk
 .text._getpid  0x00000000100021e4        0x8 /home/ricardo/MaximSDK/MyProjects/UPRM-Multi_Frq-BioZ-Research/build/system_max32655.o
                0x00000000100021e4                _getpid
 .text._kill    0x00000000100021ec        0x8 /home/ricardo/MaximSDK/MyProjects/UPRM-Multi_Frq-BioZ-Research/build/system_max32655.o
                0x00000000100021ec                _kill
 .text.SystemCoreClockUpdate
                0x00000000100021f4       0x78 /home/ricardo/MaximSDK/MyProjects/UPRM-Multi_Frq-BioZ-Research/build/system_max32655.o
                0x00000000100021f4                SystemCoreClockUpdate
 .text.PreInit  0x000000001000226c       0x48 /home/ricardo/MaximSDK/MyProjects/UPRM-Multi_Frq-BioZ-Research/build/system_max32655.o
                0x000000001000226c                PreInit
 .text.PinInit  0x00000000100022b4        0x4 /home/ricardo/MaximSDK/MyProjects/UPRM-Multi_Frq-BioZ-Research/build/system_max32655.o
                0x00000000100022b4                PinInit
 .text.PalSysInit
                0x00000000100022b8        0x4 /home/ricardo/MaximSDK/MyProjects/UPRM-Multi_Frq-BioZ-Research/build/system_max32655.o
                0x00000000100022b8                PalSysInit
 .text.SystemInit
                0x00000000100022bc       0x80 /home/ricardo/MaximSDK/MyProjects/UPRM-Multi_Frq-BioZ-Research/build/system_max32655.o
                0x00000000100022bc                SystemInit
 .text.MXC_DelayInit
                0x000000001000233c       0x84 /home/ricardo/MaximSDK/Libraries/PeriphDrivers/bin/MAX32655/spi-v1_softfp/libPeriphDriver_spi-v1_softfp.a(mxc_delay.o)
 .text.MXC_DelayAsync
                0x00000000100023c0       0x44 /home/ricardo/MaximSDK/Libraries/PeriphDrivers/bin/MAX32655/spi-v1_softfp/libPeriphDriver_spi-v1_softfp.a(mxc_delay.o)
                0x00000000100023c0                MXC_DelayAsync
 .text.MXC_DelayAbort
                0x0000000010002404       0x34 /home/ricardo/MaximSDK/Libraries/PeriphDrivers/bin/MAX32655/spi-v1_softfp/libPeriphDriver_spi-v1_softfp.a(mxc_delay.o)
                0x0000000010002404                MXC_DelayAbort
 .text.MXC_DelayCheck
                0x0000000010002438       0x64 /home/ricardo/MaximSDK/Libraries/PeriphDrivers/bin/MAX32655/spi-v1_softfp/libPeriphDriver_spi-v1_softfp.a(mxc_delay.o)
                0x0000000010002438                MXC_DelayCheck
 .text.MXC_Delay
                0x000000001000249c       0x58 /home/ricardo/MaximSDK/Libraries/PeriphDrivers/bin/MAX32655/spi-v1_softfp/libPeriphDriver_spi-v1_softfp.a(mxc_delay.o)
                0x000000001000249c                MXC_Delay
 .text.NVIC_SetRAM
                0x00000000100024f4       0x24 /home/ricardo/MaximSDK/Libraries/PeriphDrivers/bin/MAX32655/spi-v1_softfp/libPeriphDriver_spi-v1_softfp.a(nvic_table.o)
                0x00000000100024f4                NVIC_SetRAM
 .text.MXC_NVIC_SetVector
                0x0000000010002518       0x44 /home/ricardo/MaximSDK/Libraries/PeriphDrivers/bin/MAX32655/spi-v1_softfp/libPeriphDriver_spi-v1_softfp.a(nvic_table.o)
                0x0000000010002518                MXC_NVIC_SetVector
 .text.MXC_SYS_ClockDisable
                0x000000001000255c       0x48 /home/ricardo/MaximSDK/Libraries/PeriphDrivers/bin/MAX32655/spi-v1_softfp/libPeriphDriver_spi-v1_softfp.a(sys_me17.o)
                0x000000001000255c                MXC_SYS_ClockDisable
 .text.MXC_SYS_ClockEnable
                0x00000000100025a4       0x50 /home/ricardo/MaximSDK/Libraries/PeriphDrivers/bin/MAX32655/spi-v1_softfp/libPeriphDriver_spi-v1_softfp.a(sys_me17.o)
                0x00000000100025a4                MXC_SYS_ClockEnable
 .text.MXC_SYS_Clock_Timeout
                0x00000000100025f4       0x30 /home/ricardo/MaximSDK/Libraries/PeriphDrivers/bin/MAX32655/spi-v1_softfp/libPeriphDriver_spi-v1_softfp.a(sys_me17.o)
                0x00000000100025f4                MXC_SYS_Clock_Timeout
 .text.MXC_SYS_ClockSourceEnable
                0x0000000010002624       0x9c /home/ricardo/MaximSDK/Libraries/PeriphDrivers/bin/MAX32655/spi-v1_softfp/libPeriphDriver_spi-v1_softfp.a(sys_me17.o)
                0x0000000010002624                MXC_SYS_ClockSourceEnable
 .text.MXC_SYS_Clock_Select
                0x00000000100026c0      0x19c /home/ricardo/MaximSDK/Libraries/PeriphDrivers/bin/MAX32655/spi-v1_softfp/libPeriphDriver_spi-v1_softfp.a(sys_me17.o)
                0x00000000100026c0                MXC_SYS_Clock_Select
 .text.MXC_SYS_GetClockDiv
                0x000000001000285c        0xc /home/ricardo/MaximSDK/Libraries/PeriphDrivers/bin/MAX32655/spi-v1_softfp/libPeriphDriver_spi-v1_softfp.a(sys_me17.o)
                0x000000001000285c                MXC_SYS_GetClockDiv
 .text.MXC_SYS_SetClockDiv
                0x0000000010002868       0x24 /home/ricardo/MaximSDK/Libraries/PeriphDrivers/bin/MAX32655/spi-v1_softfp/libPeriphDriver_spi-v1_softfp.a(sys_me17.o)
                0x0000000010002868                MXC_SYS_SetClockDiv
 .text.MXC_SYS_Reset_Periph
                0x000000001000288c       0x58 /home/ricardo/MaximSDK/Libraries/PeriphDrivers/bin/MAX32655/spi-v1_softfp/libPeriphDriver_spi-v1_softfp.a(sys_me17.o)
                0x000000001000288c                MXC_SYS_Reset_Periph
 .text.MXC_GPIO_Init
                0x00000000100028e4       0x36 /home/ricardo/MaximSDK/Libraries/PeriphDrivers/bin/MAX32655/spi-v1_softfp/libPeriphDriver_spi-v1_softfp.a(gpio_me17.o)
                0x00000000100028e4                MXC_GPIO_Init
 *fill*         0x000000001000291a        0x2 
 .text.MXC_GPIO_InGet
                0x000000001000291c       0x3c /home/ricardo/MaximSDK/Libraries/PeriphDrivers/bin/MAX32655/spi-v1_softfp/libPeriphDriver_spi-v1_softfp.a(gpio_me17.o)
                0x000000001000291c                MXC_GPIO_InGet
 .text.MXC_GPIO_OutSet
                0x0000000010002958       0x2c /home/ricardo/MaximSDK/Libraries/PeriphDrivers/bin/MAX32655/spi-v1_softfp/libPeriphDriver_spi-v1_softfp.a(gpio_me17.o)
                0x0000000010002958                MXC_GPIO_OutSet
 .text.MXC_GPIO_OutClr
                0x0000000010002984       0x30 /home/ricardo/MaximSDK/Libraries/PeriphDrivers/bin/MAX32655/spi-v1_softfp/libPeriphDriver_spi-v1_softfp.a(gpio_me17.o)
                0x0000000010002984                MXC_GPIO_OutClr
 .text.MXC_GPIO_IntConfig
                0x00000000100029b4       0x24 /home/ricardo/MaximSDK/Libraries/PeriphDrivers/bin/MAX32655/spi-v1_softfp/libPeriphDriver_spi-v1_softfp.a(gpio_me17.o)
                0x00000000100029b4                MXC_GPIO_IntConfig
 .text.MXC_GPIO_EnableInt
                0x00000000100029d8       0x20 /home/ricardo/MaximSDK/Libraries/PeriphDrivers/bin/MAX32655/spi-v1_softfp/libPeriphDriver_spi-v1_softfp.a(gpio_me17.o)
                0x00000000100029d8                MXC_GPIO_EnableInt
 .text.MXC_GPIO_RegisterCallback
                0x00000000100029f8        0x8 /home/ricardo/MaximSDK/Libraries/PeriphDrivers/bin/MAX32655/spi-v1_softfp/libPeriphDriver_spi-v1_softfp.a(gpio_me17.o)
                0x00000000100029f8                MXC_GPIO_RegisterCallback
 .text.MXC_GPIO_Handler
                0x0000000010002a00        0x8 /home/ricardo/MaximSDK/Libraries/PeriphDrivers/bin/MAX32655/spi-v1_softfp/libPeriphDriver_spi-v1_softfp.a(gpio_me17.o)
                0x0000000010002a00                MXC_GPIO_Handler
 .text.MXC_GPIO_ClearFlags
                0x0000000010002a08       0x1c /home/ricardo/MaximSDK/Libraries/PeriphDrivers/bin/MAX32655/spi-v1_softfp/libPeriphDriver_spi-v1_softfp.a(gpio_me17.o)
                0x0000000010002a08                MXC_GPIO_ClearFlags
 .text.MXC_GPIO_GetFlags
                0x0000000010002a24       0x1c /home/ricardo/MaximSDK/Libraries/PeriphDrivers/bin/MAX32655/spi-v1_softfp/libPeriphDriver_spi-v1_softfp.a(gpio_me17.o)
                0x0000000010002a24                MXC_GPIO_GetFlags
 .text.MXC_GPIO_SetVSSEL
                0x0000000010002a40       0x20 /home/ricardo/MaximSDK/Libraries/PeriphDrivers/bin/MAX32655/spi-v1_softfp/libPeriphDriver_spi-v1_softfp.a(gpio_me17.o)
                0x0000000010002a40                MXC_GPIO_SetVSSEL
 .text.MXC_GPIO_SetDriveStrength
                0x0000000010002a60        0x8 /home/ricardo/MaximSDK/Libraries/PeriphDrivers/bin/MAX32655/spi-v1_softfp/libPeriphDriver_spi-v1_softfp.a(gpio_me17.o)
                0x0000000010002a60                MXC_GPIO_SetDriveStrength
 .text.MXC_GPIO_GetConfigLock
                0x0000000010002a68        0x8 /home/ricardo/MaximSDK/Libraries/PeriphDrivers/bin/MAX32655/spi-v1_softfp/libPeriphDriver_spi-v1_softfp.a(gpio_me17.o)
                0x0000000010002a68                MXC_GPIO_GetConfigLock
 .text.MXC_GPIO_Config
                0x0000000010002a70      0x290 /home/ricardo/MaximSDK/Libraries/PeriphDrivers/bin/MAX32655/spi-v1_softfp/libPeriphDriver_spi-v1_softfp.a(gpio_me17.o)
                0x0000000010002a70                MXC_GPIO_Config
 .text.MXC_GPIO_RevA_InGet
                0x0000000010002d00        0x6 /home/ricardo/MaximSDK/Libraries/PeriphDrivers/bin/MAX32655/spi-v1_softfp/libPeriphDriver_spi-v1_softfp.a(gpio_reva.o)
                0x0000000010002d00                MXC_GPIO_RevA_InGet
 .text.MXC_GPIO_RevA_OutSet
                0x0000000010002d06        0x4 /home/ricardo/MaximSDK/Libraries/PeriphDrivers/bin/MAX32655/spi-v1_softfp/libPeriphDriver_spi-v1_softfp.a(gpio_reva.o)
                0x0000000010002d06                MXC_GPIO_RevA_OutSet
 .text.MXC_GPIO_RevA_OutClr
                0x0000000010002d0a        0x4 /home/ricardo/MaximSDK/Libraries/PeriphDrivers/bin/MAX32655/spi-v1_softfp/libPeriphDriver_spi-v1_softfp.a(gpio_reva.o)
                0x0000000010002d0a                MXC_GPIO_RevA_OutClr
 .text.MXC_GPIO_RevA_IntConfig
                0x0000000010002d0e       0xaa /home/ricardo/MaximSDK/Libraries/PeriphDrivers/bin/MAX32655/spi-v1_softfp/libPeriphDriver_spi-v1_softfp.a(gpio_reva.o)
                0x0000000010002d0e                MXC_GPIO_RevA_IntConfig
 .text.MXC_GPIO_RevA_EnableInt
                0x0000000010002db8        0x4 /home/ricardo/MaximSDK/Libraries/PeriphDrivers/bin/MAX32655/spi-v1_softfp/libPeriphDriver_spi-v1_softfp.a(gpio_reva.o)
                0x0000000010002db8                MXC_GPIO_RevA_EnableInt
 .text.MXC_GPIO_RevA_ClearFlags
                0x0000000010002dbc        0x4 /home/ricardo/MaximSDK/Libraries/PeriphDrivers/bin/MAX32655/spi-v1_softfp/libPeriphDriver_spi-v1_softfp.a(gpio_reva.o)
                0x0000000010002dbc                MXC_GPIO_RevA_ClearFlags
 .text.MXC_GPIO_RevA_GetFlags
                0x0000000010002dc0        0x4 /home/ricardo/MaximSDK/Libraries/PeriphDrivers/bin/MAX32655/spi-v1_softfp/libPeriphDriver_spi-v1_softfp.a(gpio_reva.o)
                0x0000000010002dc0                MXC_GPIO_RevA_GetFlags
 .text.MXC_GPIO_RevA_SetVSSEL
                0x0000000010002dc4       0x3e /home/ricardo/MaximSDK/Libraries/PeriphDrivers/bin/MAX32655/spi-v1_softfp/libPeriphDriver_spi-v1_softfp.a(gpio_reva.o)
                0x0000000010002dc4                MXC_GPIO_RevA_SetVSSEL
 .text.MXC_GPIO_RevA_SetAF
                0x0000000010002e02       0x88 /home/ricardo/MaximSDK/Libraries/PeriphDrivers/bin/MAX32655/spi-v1_softfp/libPeriphDriver_spi-v1_softfp.a(gpio_reva.o)
                0x0000000010002e02                MXC_GPIO_RevA_SetAF
 .text.MXC_GPIO_RevA_SetDriveStrength
                0x0000000010002e8a       0x98 /home/ricardo/MaximSDK/Libraries/PeriphDrivers/bin/MAX32655/spi-v1_softfp/libPeriphDriver_spi-v1_softfp.a(gpio_reva.o)
                0x0000000010002e8a                MXC_GPIO_RevA_SetDriveStrength
 .text.MXC_ICC_Enable
                0x0000000010002f22        0x8 /home/ricardo/MaximSDK/Libraries/PeriphDrivers/bin/MAX32655/spi-v1_softfp/libPeriphDriver_spi-v1_softfp.a(icc_me17.o)
                0x0000000010002f22                MXC_ICC_Enable
 .text.MXC_ICC_Ready
                0x0000000010002f2a        0xa /home/ricardo/MaximSDK/Libraries/PeriphDrivers/bin/MAX32655/spi-v1_softfp/libPeriphDriver_spi-v1_softfp.a(icc_reva.o)
 .text.MXC_ICC_RevA_Enable
                0x0000000010002f34       0x38 /home/ricardo/MaximSDK/Libraries/PeriphDrivers/bin/MAX32655/spi-v1_softfp/libPeriphDriver_spi-v1_softfp.a(icc_reva.o)
                0x0000000010002f34                MXC_ICC_RevA_Enable
 .text.MXC_SIMO_SetVregO_A
                0x0000000010002f6c       0x10 /home/ricardo/MaximSDK/Libraries/PeriphDrivers/bin/MAX32655/spi-v1_softfp/libPeriphDriver_spi-v1_softfp.a(simo_me17.o)
                0x0000000010002f6c                MXC_SIMO_SetVregO_A
 .text.MXC_SIMO_SetVregO_B
                0x0000000010002f7c       0x10 /home/ricardo/MaximSDK/Libraries/PeriphDrivers/bin/MAX32655/spi-v1_softfp/libPeriphDriver_spi-v1_softfp.a(simo_me17.o)
                0x0000000010002f7c                MXC_SIMO_SetVregO_B
 .text.MXC_SIMO_SetVregO_C
                0x0000000010002f8c       0x10 /home/ricardo/MaximSDK/Libraries/PeriphDrivers/bin/MAX32655/spi-v1_softfp/libPeriphDriver_spi-v1_softfp.a(simo_me17.o)
                0x0000000010002f8c                MXC_SIMO_SetVregO_C
 .text.MXC_SIMO_GetOutReadyA
                0x0000000010002f9c       0x10 /home/ricardo/MaximSDK/Libraries/PeriphDrivers/bin/MAX32655/spi-v1_softfp/libPeriphDriver_spi-v1_softfp.a(simo_me17.o)
                0x0000000010002f9c                MXC_SIMO_GetOutReadyA
 .text.MXC_SIMO_GetOutReadyB
                0x0000000010002fac       0x10 /home/ricardo/MaximSDK/Libraries/PeriphDrivers/bin/MAX32655/spi-v1_softfp/libPeriphDriver_spi-v1_softfp.a(simo_me17.o)
                0x0000000010002fac                MXC_SIMO_GetOutReadyB
 .text.MXC_SIMO_GetOutReadyC
                0x0000000010002fbc       0x10 /home/ricardo/MaximSDK/Libraries/PeriphDrivers/bin/MAX32655/spi-v1_softfp/libPeriphDriver_spi-v1_softfp.a(simo_me17.o)
                0x0000000010002fbc                MXC_SIMO_GetOutReadyC
 .text.MXC_SIMO_RevA_SetVregO_A
                0x0000000010002fcc       0x30 /home/ricardo/MaximSDK/Libraries/PeriphDrivers/bin/MAX32655/spi-v1_softfp/libPeriphDriver_spi-v1_softfp.a(simo_reva.o)
                0x0000000010002fcc                MXC_SIMO_RevA_SetVregO_A
 .text.MXC_SIMO_RevA_SetVregO_B
                0x0000000010002ffc       0x30 /home/ricardo/MaximSDK/Libraries/PeriphDrivers/bin/MAX32655/spi-v1_softfp/libPeriphDriver_spi-v1_softfp.a(simo_reva.o)
                0x0000000010002ffc                MXC_SIMO_RevA_SetVregO_B
 .text.MXC_SIMO_RevA_SetVregO_C
                0x000000001000302c       0x30 /home/ricardo/MaximSDK/Libraries/PeriphDrivers/bin/MAX32655/spi-v1_softfp/libPeriphDriver_spi-v1_softfp.a(simo_reva.o)
                0x000000001000302c                MXC_SIMO_RevA_SetVregO_C
 .text.MXC_SIMO_RevA_GetOutReadyA
                0x000000001000305c       0x12 /home/ricardo/MaximSDK/Libraries/PeriphDrivers/bin/MAX32655/spi-v1_softfp/libPeriphDriver_spi-v1_softfp.a(simo_reva.o)
                0x000000001000305c                MXC_SIMO_RevA_GetOutReadyA
 .text.MXC_SIMO_RevA_GetOutReadyB
                0x000000001000306e       0x12 /home/ricardo/MaximSDK/Libraries/PeriphDrivers/bin/MAX32655/spi-v1_softfp/libPeriphDriver_spi-v1_softfp.a(simo_reva.o)
                0x000000001000306e                MXC_SIMO_RevA_GetOutReadyB
 .text.MXC_SIMO_RevA_GetOutReadyC
                0x0000000010003080       0x12 /home/ricardo/MaximSDK/Libraries/PeriphDrivers/bin/MAX32655/spi-v1_softfp/libPeriphDriver_spi-v1_softfp.a(simo_reva.o)
                0x0000000010003080                MXC_SIMO_RevA_GetOutReadyC
 *fill*         0x0000000010003092        0x2 
 .text.MXC_SPI_Init
                0x0000000010003094      0x214 /home/ricardo/MaximSDK/Libraries/PeriphDrivers/bin/MAX32655/spi-v1_softfp/libPeriphDriver_spi-v1_softfp.a(spi_me17.o)
                0x0000000010003094                MXC_SPI_Init
 .text.MXC_SPI_GetPeripheralClock
                0x00000000100032a8       0x7c /home/ricardo/MaximSDK/Libraries/PeriphDrivers/bin/MAX32655/spi-v1_softfp/libPeriphDriver_spi-v1_softfp.a(spi_me17.o)
                0x00000000100032a8                MXC_SPI_GetPeripheralClock
 .text.MXC_SPI_SetFrequency
                0x0000000010003324        0x8 /home/ricardo/MaximSDK/Libraries/PeriphDrivers/bin/MAX32655/spi-v1_softfp/libPeriphDriver_spi-v1_softfp.a(spi_me17.o)
                0x0000000010003324                MXC_SPI_SetFrequency
 .text.MXC_SPI_SetDataSize
                0x000000001000332c        0x8 /home/ricardo/MaximSDK/Libraries/PeriphDrivers/bin/MAX32655/spi-v1_softfp/libPeriphDriver_spi-v1_softfp.a(spi_me17.o)
                0x000000001000332c                MXC_SPI_SetDataSize
 .text.MXC_SPI_GetDataSize
                0x0000000010003334        0x8 /home/ricardo/MaximSDK/Libraries/PeriphDrivers/bin/MAX32655/spi-v1_softfp/libPeriphDriver_spi-v1_softfp.a(spi_me17.o)
                0x0000000010003334                MXC_SPI_GetDataSize
 .text.MXC_SPI_SetSlave
                0x000000001000333c        0x8 /home/ricardo/MaximSDK/Libraries/PeriphDrivers/bin/MAX32655/spi-v1_softfp/libPeriphDriver_spi-v1_softfp.a(spi_me17.o)
                0x000000001000333c                MXC_SPI_SetSlave
 .text.MXC_SPI_SetWidth
                0x0000000010003344        0x8 /home/ricardo/MaximSDK/Libraries/PeriphDrivers/bin/MAX32655/spi-v1_softfp/libPeriphDriver_spi-v1_softfp.a(spi_me17.o)
                0x0000000010003344                MXC_SPI_SetWidth
 .text.MXC_SPI_GetWidth
                0x000000001000334c        0x8 /home/ricardo/MaximSDK/Libraries/PeriphDrivers/bin/MAX32655/spi-v1_softfp/libPeriphDriver_spi-v1_softfp.a(spi_me17.o)
                0x000000001000334c                MXC_SPI_GetWidth
 .text.MXC_SPI_SetMode
                0x0000000010003354        0x8 /home/ricardo/MaximSDK/Libraries/PeriphDrivers/bin/MAX32655/spi-v1_softfp/libPeriphDriver_spi-v1_softfp.a(spi_me17.o)
                0x0000000010003354                MXC_SPI_SetMode
 .text.MXC_SPI_StartTransmission
                0x000000001000335c        0x8 /home/ricardo/MaximSDK/Libraries/PeriphDrivers/bin/MAX32655/spi-v1_softfp/libPeriphDriver_spi-v1_softfp.a(spi_me17.o)
                0x000000001000335c                MXC_SPI_StartTransmission
 .text.MXC_SPI_GetActive
                0x0000000010003364        0x8 /home/ricardo/MaximSDK/Libraries/PeriphDrivers/bin/MAX32655/spi-v1_softfp/libPeriphDriver_spi-v1_softfp.a(spi_me17.o)
                0x0000000010003364                MXC_SPI_GetActive
 .text.MXC_SPI_ReadRXFIFO
                0x000000001000336c        0x8 /home/ricardo/MaximSDK/Libraries/PeriphDrivers/bin/MAX32655/spi-v1_softfp/libPeriphDriver_spi-v1_softfp.a(spi_me17.o)
                0x000000001000336c                MXC_SPI_ReadRXFIFO
 .text.MXC_SPI_GetRXFIFOAvailable
                0x0000000010003374        0x8 /home/ricardo/MaximSDK/Libraries/PeriphDrivers/bin/MAX32655/spi-v1_softfp/libPeriphDriver_spi-v1_softfp.a(spi_me17.o)
                0x0000000010003374                MXC_SPI_GetRXFIFOAvailable
 .text.MXC_SPI_WriteTXFIFO
                0x000000001000337c        0x8 /home/ricardo/MaximSDK/Libraries/PeriphDrivers/bin/MAX32655/spi-v1_softfp/libPeriphDriver_spi-v1_softfp.a(spi_me17.o)
                0x000000001000337c                MXC_SPI_WriteTXFIFO
 .text.MXC_SPI_GetTXFIFOAvailable
                0x0000000010003384        0x8 /home/ricardo/MaximSDK/Libraries/PeriphDrivers/bin/MAX32655/spi-v1_softfp/libPeriphDriver_spi-v1_softfp.a(spi_me17.o)
                0x0000000010003384                MXC_SPI_GetTXFIFOAvailable
 .text.MXC_SPI_SetRXThreshold
                0x000000001000338c        0x8 /home/ricardo/MaximSDK/Libraries/PeriphDrivers/bin/MAX32655/spi-v1_softfp/libPeriphDriver_spi-v1_softfp.a(spi_me17.o)
                0x000000001000338c                MXC_SPI_SetRXThreshold
 .text.MXC_SPI_SetTXThreshold
                0x0000000010003394        0x8 /home/ricardo/MaximSDK/Libraries/PeriphDrivers/bin/MAX32655/spi-v1_softfp/libPeriphDriver_spi-v1_softfp.a(spi_me17.o)
                0x0000000010003394                MXC_SPI_SetTXThreshold
 .text.MXC_SPI_MasterTransaction
                0x000000001000339c        0x8 /home/ricardo/MaximSDK/Libraries/PeriphDrivers/bin/MAX32655/spi-v1_softfp/libPeriphDriver_spi-v1_softfp.a(spi_me17.o)
                0x000000001000339c                MXC_SPI_MasterTransaction
 .text.MXC_SPI_SetDefaultTXData
                0x00000000100033a4        0x8 /home/ricardo/MaximSDK/Libraries/PeriphDrivers/bin/MAX32655/spi-v1_softfp/libPeriphDriver_spi-v1_softfp.a(spi_me17.o)
                0x00000000100033a4                MXC_SPI_SetDefaultTXData
 .text.MXC_SPI_RevA1_TransSetup
                0x00000000100033ac      0x1c4 /home/ricardo/MaximSDK/Libraries/PeriphDrivers/bin/MAX32655/spi-v1_softfp/libPeriphDriver_spi-v1_softfp.a(spi_reva1.o)
 .text.MXC_SPI_RevA1_TransHandler
                0x0000000010003570      0x18c /home/ricardo/MaximSDK/Libraries/PeriphDrivers/bin/MAX32655/spi-v1_softfp/libPeriphDriver_spi-v1_softfp.a(spi_reva1.o)
 .text.MXC_SPI_RevA1_MasterTransHandler
                0x00000000100036fc       0x98 /home/ricardo/MaximSDK/Libraries/PeriphDrivers/bin/MAX32655/spi-v1_softfp/libPeriphDriver_spi-v1_softfp.a(spi_reva1.o)
 .text.MXC_SPI_RevA1_Init
                0x0000000010003794      0x104 /home/ricardo/MaximSDK/Libraries/PeriphDrivers/bin/MAX32655/spi-v1_softfp/libPeriphDriver_spi-v1_softfp.a(spi_reva1.o)
                0x0000000010003794                MXC_SPI_RevA1_Init
 .text.MXC_SPI_RevA1_SetFrequency
                0x0000000010003898       0x84 /home/ricardo/MaximSDK/Libraries/PeriphDrivers/bin/MAX32655/spi-v1_softfp/libPeriphDriver_spi-v1_softfp.a(spi_reva1.o)
                0x0000000010003898                MXC_SPI_RevA1_SetFrequency
 .text.MXC_SPI_RevA1_SetDataSize
                0x000000001000391c       0x9c /home/ricardo/MaximSDK/Libraries/PeriphDrivers/bin/MAX32655/spi-v1_softfp/libPeriphDriver_spi-v1_softfp.a(spi_reva1.o)
                0x000000001000391c                MXC_SPI_RevA1_SetDataSize
 .text.MXC_SPI_RevA1_GetDataSize
                0x00000000100039b8       0x14 /home/ricardo/MaximSDK/Libraries/PeriphDrivers/bin/MAX32655/spi-v1_softfp/libPeriphDriver_spi-v1_softfp.a(spi_reva1.o)
                0x00000000100039b8                MXC_SPI_RevA1_GetDataSize
 .text.MXC_SPI_RevA1_SetSlave
                0x00000000100039cc       0x74 /home/ricardo/MaximSDK/Libraries/PeriphDrivers/bin/MAX32655/spi-v1_softfp/libPeriphDriver_spi-v1_softfp.a(spi_reva1.o)
                0x00000000100039cc                MXC_SPI_RevA1_SetSlave
 .text.MXC_SPI_RevA1_SetWidth
                0x0000000010003a40       0x3a /home/ricardo/MaximSDK/Libraries/PeriphDrivers/bin/MAX32655/spi-v1_softfp/libPeriphDriver_spi-v1_softfp.a(spi_reva1.o)
                0x0000000010003a40                MXC_SPI_RevA1_SetWidth
 .text.MXC_SPI_RevA1_GetWidth
                0x0000000010003a7a       0x28 /home/ricardo/MaximSDK/Libraries/PeriphDrivers/bin/MAX32655/spi-v1_softfp/libPeriphDriver_spi-v1_softfp.a(spi_reva1.o)
                0x0000000010003a7a                MXC_SPI_RevA1_GetWidth
 .text.MXC_SPI_RevA1_SetMode
                0x0000000010003aa2       0x56 /home/ricardo/MaximSDK/Libraries/PeriphDrivers/bin/MAX32655/spi-v1_softfp/libPeriphDriver_spi-v1_softfp.a(spi_reva1.o)
                0x0000000010003aa2                MXC_SPI_RevA1_SetMode
 .text.MXC_SPI_RevA1_StartTransmission
                0x0000000010003af8       0x1a /home/ricardo/MaximSDK/Libraries/PeriphDrivers/bin/MAX32655/spi-v1_softfp/libPeriphDriver_spi-v1_softfp.a(spi_reva1.o)
                0x0000000010003af8                MXC_SPI_RevA1_StartTransmission
 .text.MXC_SPI_RevA1_GetActive
                0x0000000010003b12       0x12 /home/ricardo/MaximSDK/Libraries/PeriphDrivers/bin/MAX32655/spi-v1_softfp/libPeriphDriver_spi-v1_softfp.a(spi_reva1.o)
                0x0000000010003b12                MXC_SPI_RevA1_GetActive
 .text.MXC_SPI_RevA1_ReadRXFIFO
                0x0000000010003b24       0x64 /home/ricardo/MaximSDK/Libraries/PeriphDrivers/bin/MAX32655/spi-v1_softfp/libPeriphDriver_spi-v1_softfp.a(spi_reva1.o)
                0x0000000010003b24                MXC_SPI_RevA1_ReadRXFIFO
 .text.MXC_SPI_RevA1_GetRXFIFOAvailable
                0x0000000010003b88        0x8 /home/ricardo/MaximSDK/Libraries/PeriphDrivers/bin/MAX32655/spi-v1_softfp/libPeriphDriver_spi-v1_softfp.a(spi_reva1.o)
                0x0000000010003b88                MXC_SPI_RevA1_GetRXFIFOAvailable
 .text.MXC_SPI_RevA1_WriteTXFIFO
                0x0000000010003b90       0x60 /home/ricardo/MaximSDK/Libraries/PeriphDrivers/bin/MAX32655/spi-v1_softfp/libPeriphDriver_spi-v1_softfp.a(spi_reva1.o)
                0x0000000010003b90                MXC_SPI_RevA1_WriteTXFIFO
 .text.MXC_SPI_RevA1_GetTXFIFOAvailable
                0x0000000010003bf0        0xc /home/ricardo/MaximSDK/Libraries/PeriphDrivers/bin/MAX32655/spi-v1_softfp/libPeriphDriver_spi-v1_softfp.a(spi_reva1.o)
                0x0000000010003bf0                MXC_SPI_RevA1_GetTXFIFOAvailable
 .text.MXC_SPI_RevA1_SetRXThreshold
                0x0000000010003bfc       0x1e /home/ricardo/MaximSDK/Libraries/PeriphDrivers/bin/MAX32655/spi-v1_softfp/libPeriphDriver_spi-v1_softfp.a(spi_reva1.o)
                0x0000000010003bfc                MXC_SPI_RevA1_SetRXThreshold
 .text.MXC_SPI_RevA1_SetTXThreshold
                0x0000000010003c1a       0x1e /home/ricardo/MaximSDK/Libraries/PeriphDrivers/bin/MAX32655/spi-v1_softfp/libPeriphDriver_spi-v1_softfp.a(spi_reva1.o)
                0x0000000010003c1a                MXC_SPI_RevA1_SetTXThreshold
 .text.MXC_SPI_RevA1_MasterTransaction
                0x0000000010003c38       0x5c /home/ricardo/MaximSDK/Libraries/PeriphDrivers/bin/MAX32655/spi-v1_softfp/libPeriphDriver_spi-v1_softfp.a(spi_reva1.o)
                0x0000000010003c38                MXC_SPI_RevA1_MasterTransaction
 .text.MXC_SPI_RevA1_SetDefaultTXData
                0x0000000010003c94       0x34 /home/ricardo/MaximSDK/Libraries/PeriphDrivers/bin/MAX32655/spi-v1_softfp/libPeriphDriver_spi-v1_softfp.a(spi_reva1.o)
                0x0000000010003c94                MXC_SPI_RevA1_SetDefaultTXData
 .text.MXC_TMR_Init
                0x0000000010003cc8      0x244 /home/ricardo/MaximSDK/Libraries/PeriphDrivers/bin/MAX32655/spi-v1_softfp/libPeriphDriver_spi-v1_softfp.a(tmr_me17.o)
                0x0000000010003cc8                MXC_TMR_Init
 .text.MXC_TMR_Start
                0x0000000010003f0c        0x8 /home/ricardo/MaximSDK/Libraries/PeriphDrivers/bin/MAX32655/spi-v1_softfp/libPeriphDriver_spi-v1_softfp.a(tmr_me17.o)
                0x0000000010003f0c                MXC_TMR_Start
 .text.MXC_TMR_GetCount
                0x0000000010003f14        0x8 /home/ricardo/MaximSDK/Libraries/PeriphDrivers/bin/MAX32655/spi-v1_softfp/libPeriphDriver_spi-v1_softfp.a(tmr_me17.o)
                0x0000000010003f14                MXC_TMR_GetCount
 .text.MXC_TMR_RevB_SetClockSource
                0x0000000010003f1c       0x98 /home/ricardo/MaximSDK/Libraries/PeriphDrivers/bin/MAX32655/spi-v1_softfp/libPeriphDriver_spi-v1_softfp.a(tmr_revb.o)
                0x0000000010003f1c                MXC_TMR_RevB_SetClockSource
 .text.MXC_TMR_RevB_SetPrescalar
                0x0000000010003fb4       0x2e /home/ricardo/MaximSDK/Libraries/PeriphDrivers/bin/MAX32655/spi-v1_softfp/libPeriphDriver_spi-v1_softfp.a(tmr_revb.o)
                0x0000000010003fb4                MXC_TMR_RevB_SetPrescalar
 *fill*         0x0000000010003fe2        0x2 
 .text.MXC_TMR_RevB_SetClockSourceFreq
                0x0000000010003fe4       0x88 /home/ricardo/MaximSDK/Libraries/PeriphDrivers/bin/MAX32655/spi-v1_softfp/libPeriphDriver_spi-v1_softfp.a(tmr_revb.o)
                0x0000000010003fe4                MXC_TMR_RevB_SetClockSourceFreq
 .text.MXC_TMR_RevB_ConfigGeneric
                0x000000001000406c       0xb4 /home/ricardo/MaximSDK/Libraries/PeriphDrivers/bin/MAX32655/spi-v1_softfp/libPeriphDriver_spi-v1_softfp.a(tmr_revb.o)
                0x000000001000406c                MXC_TMR_RevB_ConfigGeneric
 .text.MXC_TMR_RevB_Init
                0x0000000010004120      0x15c /home/ricardo/MaximSDK/Libraries/PeriphDrivers/bin/MAX32655/spi-v1_softfp/libPeriphDriver_spi-v1_softfp.a(tmr_revb.o)
                0x0000000010004120                MXC_TMR_RevB_Init
 .text.MXC_TMR_RevB_Start
                0x000000001000427c       0x80 /home/ricardo/MaximSDK/Libraries/PeriphDrivers/bin/MAX32655/spi-v1_softfp/libPeriphDriver_spi-v1_softfp.a(tmr_revb.o)
                0x000000001000427c                MXC_TMR_RevB_Start
 .text.MXC_TMR_RevB_GetCount
                0x00000000100042fc       0x54 /home/ricardo/MaximSDK/Libraries/PeriphDrivers/bin/MAX32655/spi-v1_softfp/libPeriphDriver_spi-v1_softfp.a(tmr_revb.o)
                0x00000000100042fc                MXC_TMR_RevB_GetCount
 .text.MXC_UART_AsyncCallback
                0x0000000010004350        0x8 /home/ricardo/MaximSDK/Libraries/PeriphDrivers/bin/MAX32655/spi-v1_softfp/libPeriphDriver_spi-v1_softfp.a(uart_me17.o)
                0x0000000010004350                MXC_UART_AsyncCallback
 .text.MXC_UART_AsyncStop
                0x0000000010004358        0x8 /home/ricardo/MaximSDK/Libraries/PeriphDrivers/bin/MAX32655/spi-v1_softfp/libPeriphDriver_spi-v1_softfp.a(uart_me17.o)
                0x0000000010004358                MXC_UART_AsyncStop
 .text.MXC_UART_Shutdown
                0x0000000010004360       0x70 /home/ricardo/MaximSDK/Libraries/PeriphDrivers/bin/MAX32655/spi-v1_softfp/libPeriphDriver_spi-v1_softfp.a(uart_me17.o)
                0x0000000010004360                MXC_UART_Shutdown
 .text.MXC_UART_SetFrequency
                0x00000000100043d0       0xa4 /home/ricardo/MaximSDK/Libraries/PeriphDrivers/bin/MAX32655/spi-v1_softfp/libPeriphDriver_spi-v1_softfp.a(uart_me17.o)
                0x00000000100043d0                MXC_UART_SetFrequency
 .text.MXC_UART_SetDataSize
                0x0000000010004474        0x8 /home/ricardo/MaximSDK/Libraries/PeriphDrivers/bin/MAX32655/spi-v1_softfp/libPeriphDriver_spi-v1_softfp.a(uart_me17.o)
                0x0000000010004474                MXC_UART_SetDataSize
 .text.MXC_UART_SetStopBits
                0x000000001000447c        0x8 /home/ricardo/MaximSDK/Libraries/PeriphDrivers/bin/MAX32655/spi-v1_softfp/libPeriphDriver_spi-v1_softfp.a(uart_me17.o)
                0x000000001000447c                MXC_UART_SetStopBits
 .text.MXC_UART_SetParity
                0x0000000010004484        0x8 /home/ricardo/MaximSDK/Libraries/PeriphDrivers/bin/MAX32655/spi-v1_softfp/libPeriphDriver_spi-v1_softfp.a(uart_me17.o)
                0x0000000010004484                MXC_UART_SetParity
 .text.MXC_UART_SetClockSource
                0x000000001000448c       0x8c /home/ricardo/MaximSDK/Libraries/PeriphDrivers/bin/MAX32655/spi-v1_softfp/libPeriphDriver_spi-v1_softfp.a(uart_me17.o)
                0x000000001000448c                MXC_UART_SetClockSource
 .text.MXC_UART_GetClockSource
                0x0000000010004518       0x50 /home/ricardo/MaximSDK/Libraries/PeriphDrivers/bin/MAX32655/spi-v1_softfp/libPeriphDriver_spi-v1_softfp.a(uart_me17.o)
                0x0000000010004518                MXC_UART_GetClockSource
 .text.MXC_UART_Init
                0x0000000010004568       0xa8 /home/ricardo/MaximSDK/Libraries/PeriphDrivers/bin/MAX32655/spi-v1_softfp/libPeriphDriver_spi-v1_softfp.a(uart_me17.o)
                0x0000000010004568                MXC_UART_Init
 .text.MXC_UART_GetActive
                0x0000000010004610        0x8 /home/ricardo/MaximSDK/Libraries/PeriphDrivers/bin/MAX32655/spi-v1_softfp/libPeriphDriver_spi-v1_softfp.a(uart_me17.o)
                0x0000000010004610                MXC_UART_GetActive
 .text.MXC_UART_ReadCharacterRaw
                0x0000000010004618        0x8 /home/ricardo/MaximSDK/Libraries/PeriphDrivers/bin/MAX32655/spi-v1_softfp/libPeriphDriver_spi-v1_softfp.a(uart_me17.o)
                0x0000000010004618                MXC_UART_ReadCharacterRaw
 .text.MXC_UART_WriteCharacterRaw
                0x0000000010004620        0x8 /home/ricardo/MaximSDK/Libraries/PeriphDrivers/bin/MAX32655/spi-v1_softfp/libPeriphDriver_spi-v1_softfp.a(uart_me17.o)
                0x0000000010004620                MXC_UART_WriteCharacterRaw
 .text.MXC_UART_ReadCharacter
                0x0000000010004628        0x8 /home/ricardo/MaximSDK/Libraries/PeriphDrivers/bin/MAX32655/spi-v1_softfp/libPeriphDriver_spi-v1_softfp.a(uart_me17.o)
                0x0000000010004628                MXC_UART_ReadCharacter
 .text.MXC_UART_WriteCharacter
                0x0000000010004630        0x8 /home/ricardo/MaximSDK/Libraries/PeriphDrivers/bin/MAX32655/spi-v1_softfp/libPeriphDriver_spi-v1_softfp.a(uart_me17.o)
                0x0000000010004630                MXC_UART_WriteCharacter
 .text.MXC_UART_ReadRXFIFO
                0x0000000010004638        0x8 /home/ricardo/MaximSDK/Libraries/PeriphDrivers/bin/MAX32655/spi-v1_softfp/libPeriphDriver_spi-v1_softfp.a(uart_me17.o)
                0x0000000010004638                MXC_UART_ReadRXFIFO
 .text.MXC_UART_GetRXFIFOAvailable
                0x0000000010004640        0x8 /home/ricardo/MaximSDK/Libraries/PeriphDrivers/bin/MAX32655/spi-v1_softfp/libPeriphDriver_spi-v1_softfp.a(uart_me17.o)
                0x0000000010004640                MXC_UART_GetRXFIFOAvailable
 .text.MXC_UART_WriteTXFIFO
                0x0000000010004648        0x8 /home/ricardo/MaximSDK/Libraries/PeriphDrivers/bin/MAX32655/spi-v1_softfp/libPeriphDriver_spi-v1_softfp.a(uart_me17.o)
                0x0000000010004648                MXC_UART_WriteTXFIFO
 .text.MXC_UART_GetTXFIFOAvailable
                0x0000000010004650        0x8 /home/ricardo/MaximSDK/Libraries/PeriphDrivers/bin/MAX32655/spi-v1_softfp/libPeriphDriver_spi-v1_softfp.a(uart_me17.o)
                0x0000000010004650                MXC_UART_GetTXFIFOAvailable
 .text.MXC_UART_ClearRXFIFO
                0x0000000010004658        0x8 /home/ricardo/MaximSDK/Libraries/PeriphDrivers/bin/MAX32655/spi-v1_softfp/libPeriphDriver_spi-v1_softfp.a(uart_me17.o)
                0x0000000010004658                MXC_UART_ClearRXFIFO
 .text.MXC_UART_ClearTXFIFO
                0x0000000010004660        0x8 /home/ricardo/MaximSDK/Libraries/PeriphDrivers/bin/MAX32655/spi-v1_softfp/libPeriphDriver_spi-v1_softfp.a(uart_me17.o)
                0x0000000010004660                MXC_UART_ClearTXFIFO
 .text.MXC_UART_SetRXThreshold
                0x0000000010004668        0x8 /home/ricardo/MaximSDK/Libraries/PeriphDrivers/bin/MAX32655/spi-v1_softfp/libPeriphDriver_spi-v1_softfp.a(uart_me17.o)
                0x0000000010004668                MXC_UART_SetRXThreshold
 .text.MXC_UART_GetFlags
                0x0000000010004670        0x8 /home/ricardo/MaximSDK/Libraries/PeriphDrivers/bin/MAX32655/spi-v1_softfp/libPeriphDriver_spi-v1_softfp.a(uart_me17.o)
                0x0000000010004670                MXC_UART_GetFlags
 .text.MXC_UART_ClearFlags
                0x0000000010004678        0x8 /home/ricardo/MaximSDK/Libraries/PeriphDrivers/bin/MAX32655/spi-v1_softfp/libPeriphDriver_spi-v1_softfp.a(uart_me17.o)
                0x0000000010004678                MXC_UART_ClearFlags
 .text.MXC_UART_EnableInt
                0x0000000010004680        0x8 /home/ricardo/MaximSDK/Libraries/PeriphDrivers/bin/MAX32655/spi-v1_softfp/libPeriphDriver_spi-v1_softfp.a(uart_me17.o)
                0x0000000010004680                MXC_UART_EnableInt
 .text.MXC_UART_DisableInt
                0x0000000010004688        0x8 /home/ricardo/MaximSDK/Libraries/PeriphDrivers/bin/MAX32655/spi-v1_softfp/libPeriphDriver_spi-v1_softfp.a(uart_me17.o)
                0x0000000010004688                MXC_UART_DisableInt
 .text.MXC_UART_TransactionAsync
                0x0000000010004690        0x8 /home/ricardo/MaximSDK/Libraries/PeriphDrivers/bin/MAX32655/spi-v1_softfp/libPeriphDriver_spi-v1_softfp.a(uart_me17.o)
                0x0000000010004690                MXC_UART_TransactionAsync
 .text.MXC_UART_AsyncHandler
                0x0000000010004698        0x8 /home/ricardo/MaximSDK/Libraries/PeriphDrivers/bin/MAX32655/spi-v1_softfp/libPeriphDriver_spi-v1_softfp.a(uart_me17.o)
                0x0000000010004698                MXC_UART_AsyncHandler
 .text.emptyRxAsync
                0x00000000100046a0       0x52 /home/ricardo/MaximSDK/Libraries/PeriphDrivers/bin/MAX32655/spi-v1_softfp/libPeriphDriver_spi-v1_softfp.a(uart_revb.o)
 *fill*         0x00000000100046f2        0x2 
 .text.MXC_UART_RevB_Init
                0x00000000100046f4       0xe0 /home/ricardo/MaximSDK/Libraries/PeriphDrivers/bin/MAX32655/spi-v1_softfp/libPeriphDriver_spi-v1_softfp.a(uart_revb.o)
                0x00000000100046f4                MXC_UART_RevB_Init
 .text.MXC_UART_RevB_SetFrequency
                0x00000000100047d4       0x1e /home/ricardo/MaximSDK/Libraries/PeriphDrivers/bin/MAX32655/spi-v1_softfp/libPeriphDriver_spi-v1_softfp.a(uart_revb.o)
                0x00000000100047d4                MXC_UART_RevB_SetFrequency
 .text.MXC_UART_RevB_SetDataSize
                0x00000000100047f2       0x20 /home/ricardo/MaximSDK/Libraries/PeriphDrivers/bin/MAX32655/spi-v1_softfp/libPeriphDriver_spi-v1_softfp.a(uart_revb.o)
                0x00000000100047f2                MXC_UART_RevB_SetDataSize
 .text.MXC_UART_RevB_SetStopBits
                0x0000000010004812       0x24 /home/ricardo/MaximSDK/Libraries/PeriphDrivers/bin/MAX32655/spi-v1_softfp/libPeriphDriver_spi-v1_softfp.a(uart_revb.o)
                0x0000000010004812                MXC_UART_RevB_SetStopBits
 .text.MXC_UART_RevB_SetParity
                0x0000000010004836       0x90 /home/ricardo/MaximSDK/Libraries/PeriphDrivers/bin/MAX32655/spi-v1_softfp/libPeriphDriver_spi-v1_softfp.a(uart_revb.o)
                0x0000000010004836                MXC_UART_RevB_SetParity
 *fill*         0x00000000100048c6        0x2 
 .text.MXC_UART_RevB_SetClockSource
                0x00000000100048c8       0x98 /home/ricardo/MaximSDK/Libraries/PeriphDrivers/bin/MAX32655/spi-v1_softfp/libPeriphDriver_spi-v1_softfp.a(uart_revb.o)
                0x00000000100048c8                MXC_UART_RevB_SetClockSource
 .text.MXC_UART_RevB_GetClockSource
                0x0000000010004960        0x8 /home/ricardo/MaximSDK/Libraries/PeriphDrivers/bin/MAX32655/spi-v1_softfp/libPeriphDriver_spi-v1_softfp.a(uart_revb.o)
                0x0000000010004960                MXC_UART_RevB_GetClockSource
 .text.MXC_UART_RevB_GetActive
                0x0000000010004968       0x12 /home/ricardo/MaximSDK/Libraries/PeriphDrivers/bin/MAX32655/spi-v1_softfp/libPeriphDriver_spi-v1_softfp.a(uart_revb.o)
                0x0000000010004968                MXC_UART_RevB_GetActive
 .text.MXC_UART_RevB_ReadCharacterRaw
                0x000000001000497a       0x12 /home/ricardo/MaximSDK/Libraries/PeriphDrivers/bin/MAX32655/spi-v1_softfp/libPeriphDriver_spi-v1_softfp.a(uart_revb.o)
                0x000000001000497a                MXC_UART_RevB_ReadCharacterRaw
 .text.MXC_UART_RevB_WriteCharacterRaw
                0x000000001000498c       0x14 /home/ricardo/MaximSDK/Libraries/PeriphDrivers/bin/MAX32655/spi-v1_softfp/libPeriphDriver_spi-v1_softfp.a(uart_revb.o)
                0x000000001000498c                MXC_UART_RevB_WriteCharacterRaw
 .text.MXC_UART_RevB_ReadRXFIFO
                0x00000000100049a0       0x24 /home/ricardo/MaximSDK/Libraries/PeriphDrivers/bin/MAX32655/spi-v1_softfp/libPeriphDriver_spi-v1_softfp.a(uart_revb.o)
                0x00000000100049a0                MXC_UART_RevB_ReadRXFIFO
 .text.MXC_UART_RevB_GetRXFIFOAvailable
                0x00000000100049c4        0x8 /home/ricardo/MaximSDK/Libraries/PeriphDrivers/bin/MAX32655/spi-v1_softfp/libPeriphDriver_spi-v1_softfp.a(uart_revb.o)
                0x00000000100049c4                MXC_UART_RevB_GetRXFIFOAvailable
 .text.MXC_UART_RevB_WriteTXFIFO
                0x00000000100049cc       0x24 /home/ricardo/MaximSDK/Libraries/PeriphDrivers/bin/MAX32655/spi-v1_softfp/libPeriphDriver_spi-v1_softfp.a(uart_revb.o)
                0x00000000100049cc                MXC_UART_RevB_WriteTXFIFO
 .text.MXC_UART_RevB_GetTXFIFOAvailable
                0x00000000100049f0        0xc /home/ricardo/MaximSDK/Libraries/PeriphDrivers/bin/MAX32655/spi-v1_softfp/libPeriphDriver_spi-v1_softfp.a(uart_revb.o)
                0x00000000100049f0                MXC_UART_RevB_GetTXFIFOAvailable
 .text.MXC_UART_RevB_ClearRXFIFO
                0x00000000100049fc       0x14 /home/ricardo/MaximSDK/Libraries/PeriphDrivers/bin/MAX32655/spi-v1_softfp/libPeriphDriver_spi-v1_softfp.a(uart_revb.o)
                0x00000000100049fc                MXC_UART_RevB_ClearRXFIFO
 .text.MXC_UART_RevB_ClearTXFIFO
                0x0000000010004a10       0x14 /home/ricardo/MaximSDK/Libraries/PeriphDrivers/bin/MAX32655/spi-v1_softfp/libPeriphDriver_spi-v1_softfp.a(uart_revb.o)
                0x0000000010004a10                MXC_UART_RevB_ClearTXFIFO
 .text.MXC_UART_RevB_SetRXThreshold
                0x0000000010004a24       0x1e /home/ricardo/MaximSDK/Libraries/PeriphDrivers/bin/MAX32655/spi-v1_softfp/libPeriphDriver_spi-v1_softfp.a(uart_revb.o)
                0x0000000010004a24                MXC_UART_RevB_SetRXThreshold
 .text.MXC_UART_RevB_GetFlags
                0x0000000010004a42        0x4 /home/ricardo/MaximSDK/Libraries/PeriphDrivers/bin/MAX32655/spi-v1_softfp/libPeriphDriver_spi-v1_softfp.a(uart_revb.o)
                0x0000000010004a42                MXC_UART_RevB_GetFlags
 .text.MXC_UART_RevB_ClearFlags
                0x0000000010004a46        0x6 /home/ricardo/MaximSDK/Libraries/PeriphDrivers/bin/MAX32655/spi-v1_softfp/libPeriphDriver_spi-v1_softfp.a(uart_revb.o)
                0x0000000010004a46                MXC_UART_RevB_ClearFlags
 .text.MXC_UART_RevB_EnableInt
                0x0000000010004a4c        0xa /home/ricardo/MaximSDK/Libraries/PeriphDrivers/bin/MAX32655/spi-v1_softfp/libPeriphDriver_spi-v1_softfp.a(uart_revb.o)
                0x0000000010004a4c                MXC_UART_RevB_EnableInt
 .text.MXC_UART_RevB_DisableInt
                0x0000000010004a56        0xc /home/ricardo/MaximSDK/Libraries/PeriphDrivers/bin/MAX32655/spi-v1_softfp/libPeriphDriver_spi-v1_softfp.a(uart_revb.o)
                0x0000000010004a56                MXC_UART_RevB_DisableInt
 *fill*         0x0000000010004a62        0x2 
 .text.MXC_UART_RevB_TransactionAsync
                0x0000000010004a64      0x208 /home/ricardo/MaximSDK/Libraries/PeriphDrivers/bin/MAX32655/spi-v1_softfp/libPeriphDriver_spi-v1_softfp.a(uart_revb.o)
                0x0000000010004a64                MXC_UART_RevB_TransactionAsync
 .text.MXC_UART_RevB_AsyncTxCallback
                0x0000000010004c6c       0x58 /home/ricardo/MaximSDK/Libraries/PeriphDrivers/bin/MAX32655/spi-v1_softfp/libPeriphDriver_spi-v1_softfp.a(uart_revb.o)
                0x0000000010004c6c                MXC_UART_RevB_AsyncTxCallback
 .text.MXC_UART_RevB_AsyncRxCallback
                0x0000000010004cc4       0x58 /home/ricardo/MaximSDK/Libraries/PeriphDrivers/bin/MAX32655/spi-v1_softfp/libPeriphDriver_spi-v1_softfp.a(uart_revb.o)
                0x0000000010004cc4                MXC_UART_RevB_AsyncRxCallback
 .text.MXC_UART_RevB_AsyncCallback
                0x0000000010004d1c       0x68 /home/ricardo/MaximSDK/Libraries/PeriphDrivers/bin/MAX32655/spi-v1_softfp/libPeriphDriver_spi-v1_softfp.a(uart_revb.o)
                0x0000000010004d1c                MXC_UART_RevB_AsyncCallback
 .text.MXC_UART_RevB_AsyncStopTx
                0x0000000010004d84        0xc /home/ricardo/MaximSDK/Libraries/PeriphDrivers/bin/MAX32655/spi-v1_softfp/libPeriphDriver_spi-v1_softfp.a(uart_revb.o)
                0x0000000010004d84                MXC_UART_RevB_AsyncStopTx
 .text.MXC_UART_RevB_AsyncStopRx
                0x0000000010004d90        0xc /home/ricardo/MaximSDK/Libraries/PeriphDrivers/bin/MAX32655/spi-v1_softfp/libPeriphDriver_spi-v1_softfp.a(uart_revb.o)
                0x0000000010004d90                MXC_UART_RevB_AsyncStopRx
 .text.MXC_UART_RevB_AsyncStop
                0x0000000010004d9c        0xe /home/ricardo/MaximSDK/Libraries/PeriphDrivers/bin/MAX32655/spi-v1_softfp/libPeriphDriver_spi-v1_softfp.a(uart_revb.o)
                0x0000000010004d9c                MXC_UART_RevB_AsyncStop
 *fill*         0x0000000010004daa        0x2 
 .text.MXC_UART_RevB_AsyncHandler
                0x0000000010004dac      0x150 /home/ricardo/MaximSDK/Libraries/PeriphDrivers/bin/MAX32655/spi-v1_softfp/libPeriphDriver_spi-v1_softfp.a(uart_revb.o)
                0x0000000010004dac                MXC_UART_RevB_AsyncHandler
 .text.MXC_FreeLock
                0x0000000010004efc        0xa /home/ricardo/MaximSDK/Libraries/PeriphDrivers/bin/MAX32655/spi-v1_softfp/libPeriphDriver_spi-v1_softfp.a(mxc_lock.o)
                0x0000000010004efc                MXC_FreeLock
 *fill*         0x0000000010004f06        0x2 
 .text.MXC_GPIO_Common_Init
                0x0000000010004f08       0x40 /home/ricardo/MaximSDK/Libraries/PeriphDrivers/bin/MAX32655/spi-v1_softfp/libPeriphDriver_spi-v1_softfp.a(gpio_common.o)
                0x0000000010004f08                MXC_GPIO_Common_Init
 .text.MXC_GPIO_Common_RegisterCallback
                0x0000000010004f48       0xcc /home/ricardo/MaximSDK/Libraries/PeriphDrivers/bin/MAX32655/spi-v1_softfp/libPeriphDriver_spi-v1_softfp.a(gpio_common.o)
                0x0000000010004f48                MXC_GPIO_Common_RegisterCallback
 .text.MXC_GPIO_Common_Handler
                0x0000000010005014       0x90 /home/ricardo/MaximSDK/Libraries/PeriphDrivers/bin/MAX32655/spi-v1_softfp/libPeriphDriver_spi-v1_softfp.a(gpio_common.o)
                0x0000000010005014                MXC_GPIO_Common_Handler
 .text.MXC_GPIO_Common_GetConfigLock
                0x00000000100050a4        0xc /home/ricardo/MaximSDK/Libraries/PeriphDrivers/bin/MAX32655/spi-v1_softfp/libPeriphDriver_spi-v1_softfp.a(gpio_common.o)
                0x00000000100050a4                MXC_GPIO_Common_GetConfigLock
 .text.MXC_UART_Common_ReadCharacter
                0x00000000100050b0       0x16 /home/ricardo/MaximSDK/Libraries/PeriphDrivers/bin/MAX32655/spi-v1_softfp/libPeriphDriver_spi-v1_softfp.a(uart_common.o)
                0x00000000100050b0                MXC_UART_Common_ReadCharacter
 .text.MXC_UART_Common_WriteCharacter
                0x00000000100050c6       0x1a /home/ricardo/MaximSDK/Libraries/PeriphDrivers/bin/MAX32655/spi-v1_softfp/libPeriphDriver_spi-v1_softfp.a(uart_common.o)
                0x00000000100050c6                MXC_UART_Common_WriteCharacter
 .text.get_ldnumber
                0x00000000100050e0       0x38 /home/ricardo/MaximSDK/MyProjects/UPRM-Multi_Frq-BioZ-Research/build/Fat32Driver/FAT32.a(ff.o)
 .text.validate
                0x0000000010005118       0x30 /home/ricardo/MaximSDK/MyProjects/UPRM-Multi_Frq-BioZ-Research/build/Fat32Driver/FAT32.a(ff.o)
 .text.tchar2uni
                0x0000000010005148       0x5c /home/ricardo/MaximSDK/MyProjects/UPRM-Multi_Frq-BioZ-Research/build/Fat32Driver/FAT32.a(ff.o)
 .text.sync_window.part.0
                0x00000000100051a4       0x44 /home/ricardo/MaximSDK/MyProjects/UPRM-Multi_Frq-BioZ-Research/build/Fat32Driver/FAT32.a(ff.o)
 .text.dir_clear
                0x00000000100051e8       0x6c /home/ricardo/MaximSDK/MyProjects/UPRM-Multi_Frq-BioZ-Research/build/Fat32Driver/FAT32.a(ff.o)
 .text.sync_fs  0x0000000010005254       0xc0 /home/ricardo/MaximSDK/MyProjects/UPRM-Multi_Frq-BioZ-Research/build/Fat32Driver/FAT32.a(ff.o)
 .text.move_window.part.0
                0x0000000010005314       0x30 /home/ricardo/MaximSDK/MyProjects/UPRM-Multi_Frq-BioZ-Research/build/Fat32Driver/FAT32.a(ff.o)
 .text.init_alloc_info.isra.0
                0x0000000010005344       0x1c /home/ricardo/MaximSDK/MyProjects/UPRM-Multi_Frq-BioZ-Research/build/Fat32Driver/FAT32.a(ff.o)
 .text.get_fileinfo
                0x0000000010005360      0x21c /home/ricardo/MaximSDK/MyProjects/UPRM-Multi_Frq-BioZ-Research/build/Fat32Driver/FAT32.a(ff.o)
 .text.check_fs
                0x000000001000557c      0x100 /home/ricardo/MaximSDK/MyProjects/UPRM-Multi_Frq-BioZ-Research/build/Fat32Driver/FAT32.a(ff.o)
 .text.change_bitmap
                0x000000001000567c       0xcc /home/ricardo/MaximSDK/MyProjects/UPRM-Multi_Frq-BioZ-Research/build/Fat32Driver/FAT32.a(ff.o)
 .text.put_fat.part.0
                0x0000000010005748      0x1dc /home/ricardo/MaximSDK/MyProjects/UPRM-Multi_Frq-BioZ-Research/build/Fat32Driver/FAT32.a(ff.o)
 .text.fill_first_frag.part.0
                0x0000000010005924       0x40 /home/ricardo/MaximSDK/MyProjects/UPRM-Multi_Frq-BioZ-Research/build/Fat32Driver/FAT32.a(ff.o)
 .text.fill_last_frag
                0x0000000010005964       0x4c /home/ricardo/MaximSDK/MyProjects/UPRM-Multi_Frq-BioZ-Research/build/Fat32Driver/FAT32.a(ff.o)
 .text.get_fat  0x00000000100059b0      0x204 /home/ricardo/MaximSDK/MyProjects/UPRM-Multi_Frq-BioZ-Research/build/Fat32Driver/FAT32.a(ff.o)
 .text.create_chain
                0x0000000010005bb4      0x2ac /home/ricardo/MaximSDK/MyProjects/UPRM-Multi_Frq-BioZ-Research/build/Fat32Driver/FAT32.a(ff.o)
 .text.dir_sdi  0x0000000010005e60       0xac /home/ricardo/MaximSDK/MyProjects/UPRM-Multi_Frq-BioZ-Research/build/Fat32Driver/FAT32.a(ff.o)
 .text.remove_chain
                0x0000000010005f0c      0x120 /home/ricardo/MaximSDK/MyProjects/UPRM-Multi_Frq-BioZ-Research/build/Fat32Driver/FAT32.a(ff.o)
 .text.dir_next
                0x000000001000602c       0xdc /home/ricardo/MaximSDK/MyProjects/UPRM-Multi_Frq-BioZ-Research/build/Fat32Driver/FAT32.a(ff.o)
 .text.dir_alloc
                0x0000000010006108       0x94 /home/ricardo/MaximSDK/MyProjects/UPRM-Multi_Frq-BioZ-Research/build/Fat32Driver/FAT32.a(ff.o)
 .text.dir_remove
                0x000000001000619c       0xa0 /home/ricardo/MaximSDK/MyProjects/UPRM-Multi_Frq-BioZ-Research/build/Fat32Driver/FAT32.a(ff.o)
 .text.load_xdir
                0x000000001000623c      0x20c /home/ricardo/MaximSDK/MyProjects/UPRM-Multi_Frq-BioZ-Research/build/Fat32Driver/FAT32.a(ff.o)
 .text.dir_read
                0x0000000010006448      0x188 /home/ricardo/MaximSDK/MyProjects/UPRM-Multi_Frq-BioZ-Research/build/Fat32Driver/FAT32.a(ff.o)
 .text.store_xdir
                0x00000000100065d0      0x108 /home/ricardo/MaximSDK/MyProjects/UPRM-Multi_Frq-BioZ-Research/build/Fat32Driver/FAT32.a(ff.o)
 .text.dir_find
                0x00000000100066d8      0x274 /home/ricardo/MaximSDK/MyProjects/UPRM-Multi_Frq-BioZ-Research/build/Fat32Driver/FAT32.a(ff.o)
 .text.follow_path
                0x000000001000694c      0x47c /home/ricardo/MaximSDK/MyProjects/UPRM-Multi_Frq-BioZ-Research/build/Fat32Driver/FAT32.a(ff.o)
 .text.dir_register
                0x0000000010006dc8      0x5b0 /home/ricardo/MaximSDK/MyProjects/UPRM-Multi_Frq-BioZ-Research/build/Fat32Driver/FAT32.a(ff.o)
 .text.mount_volume
                0x0000000010007378      0x404 /home/ricardo/MaximSDK/MyProjects/UPRM-Multi_Frq-BioZ-Research/build/Fat32Driver/FAT32.a(ff.o)
 .text.f_mount  0x000000001000777c       0x54 /home/ricardo/MaximSDK/MyProjects/UPRM-Multi_Frq-BioZ-Research/build/Fat32Driver/FAT32.a(ff.o)
                0x000000001000777c                f_mount
 .text.f_open   0x00000000100077d0      0x348 /home/ricardo/MaximSDK/MyProjects/UPRM-Multi_Frq-BioZ-Research/build/Fat32Driver/FAT32.a(ff.o)
                0x00000000100077d0                f_open
 .text.f_read   0x0000000010007b18      0x1a8 /home/ricardo/MaximSDK/MyProjects/UPRM-Multi_Frq-BioZ-Research/build/Fat32Driver/FAT32.a(ff.o)
                0x0000000010007b18                f_read
 .text.f_write  0x0000000010007cc0      0x218 /home/ricardo/MaximSDK/MyProjects/UPRM-Multi_Frq-BioZ-Research/build/Fat32Driver/FAT32.a(ff.o)
                0x0000000010007cc0                f_write
 .text.f_sync   0x0000000010007ed8      0x238 /home/ricardo/MaximSDK/MyProjects/UPRM-Multi_Frq-BioZ-Research/build/Fat32Driver/FAT32.a(ff.o)
                0x0000000010007ed8                f_sync
 .text.f_close  0x0000000010008110       0x24 /home/ricardo/MaximSDK/MyProjects/UPRM-Multi_Frq-BioZ-Research/build/Fat32Driver/FAT32.a(ff.o)
                0x0000000010008110                f_close
 .text.f_chdir  0x0000000010008134       0x98 /home/ricardo/MaximSDK/MyProjects/UPRM-Multi_Frq-BioZ-Research/build/Fat32Driver/FAT32.a(ff.o)
                0x0000000010008134                f_chdir
 .text.f_getcwd
                0x00000000100081cc      0x19c /home/ricardo/MaximSDK/MyProjects/UPRM-Multi_Frq-BioZ-Research/build/Fat32Driver/FAT32.a(ff.o)
                0x00000000100081cc                f_getcwd
 .text.f_opendir
                0x0000000010008368       0x9c /home/ricardo/MaximSDK/MyProjects/UPRM-Multi_Frq-BioZ-Research/build/Fat32Driver/FAT32.a(ff.o)
                0x0000000010008368                f_opendir
 .text.f_closedir
                0x0000000010008404       0x30 /home/ricardo/MaximSDK/MyProjects/UPRM-Multi_Frq-BioZ-Research/build/Fat32Driver/FAT32.a(ff.o)
                0x0000000010008404                f_closedir
 .text.f_readdir
                0x0000000010008434       0x60 /home/ricardo/MaximSDK/MyProjects/UPRM-Multi_Frq-BioZ-Research/build/Fat32Driver/FAT32.a(ff.o)
                0x0000000010008434                f_readdir
 .text.f_stat   0x0000000010008494       0x44 /home/ricardo/MaximSDK/MyProjects/UPRM-Multi_Frq-BioZ-Research/build/Fat32Driver/FAT32.a(ff.o)
                0x0000000010008494                f_stat
 .text.f_getfree
                0x00000000100084d8      0x188 /home/ricardo/MaximSDK/MyProjects/UPRM-Multi_Frq-BioZ-Research/build/Fat32Driver/FAT32.a(ff.o)
                0x00000000100084d8                f_getfree
 .text.f_unlink
                0x0000000010008660       0xd0 /home/ricardo/MaximSDK/MyProjects/UPRM-Multi_Frq-BioZ-Research/build/Fat32Driver/FAT32.a(ff.o)
                0x0000000010008660                f_unlink
 .text.f_mkdir  0x0000000010008730      0x248 /home/ricardo/MaximSDK/MyProjects/UPRM-Multi_Frq-BioZ-Research/build/Fat32Driver/FAT32.a(ff.o)
                0x0000000010008730                f_mkdir
 .text.f_rename
                0x0000000010008978      0x24c /home/ricardo/MaximSDK/MyProjects/UPRM-Multi_Frq-BioZ-Research/build/Fat32Driver/FAT32.a(ff.o)
                0x0000000010008978                f_rename
 .text.f_chmod  0x0000000010008bc4       0x7c /home/ricardo/MaximSDK/MyProjects/UPRM-Multi_Frq-BioZ-Research/build/Fat32Driver/FAT32.a(ff.o)
                0x0000000010008bc4                f_chmod
 .text.f_getlabel
                0x0000000010008c40      0x150 /home/ricardo/MaximSDK/MyProjects/UPRM-Multi_Frq-BioZ-Research/build/Fat32Driver/FAT32.a(ff.o)
                0x0000000010008c40                f_getlabel
 .text.f_setlabel
                0x0000000010008d90      0x1f0 /home/ricardo/MaximSDK/MyProjects/UPRM-Multi_Frq-BioZ-Research/build/Fat32Driver/FAT32.a(ff.o)
                0x0000000010008d90                f_setlabel
 .text.f_mkfs   0x0000000010008f80     0x1168 /home/ricardo/MaximSDK/MyProjects/UPRM-Multi_Frq-BioZ-Research/build/Fat32Driver/FAT32.a(ff.o)
                0x0000000010008f80                f_mkfs
 .text.ff_uni2oem
                0x000000001000a0e8       0x54 /home/ricardo/MaximSDK/MyProjects/UPRM-Multi_Frq-BioZ-Research/build/Fat32Driver/FAT32.a(ffunicode.o)
                0x000000001000a0e8                ff_uni2oem
 .text.ff_oem2uni
                0x000000001000a13c       0x4c /home/ricardo/MaximSDK/MyProjects/UPRM-Multi_Frq-BioZ-Research/build/Fat32Driver/FAT32.a(ffunicode.o)
                0x000000001000a13c                ff_oem2uni
 .text.ff_wtoupper
                0x000000001000a188       0xbc /home/ricardo/MaximSDK/MyProjects/UPRM-Multi_Frq-BioZ-Research/build/Fat32Driver/FAT32.a(ffunicode.o)
                0x000000001000a188                ff_wtoupper
 .text.init_mmc
                0x000000001000a244      0x134 /home/ricardo/MaximSDK/MyProjects/UPRM-Multi_Frq-BioZ-Research/build/Fat32Driver/FAT32.a(diskio.o)
 .text.sd_select
                0x000000001000a378      0x104 /home/ricardo/MaximSDK/MyProjects/UPRM-Multi_Frq-BioZ-Research/build/Fat32Driver/FAT32.a(diskio.o)
 .text.rcvr_datablock
                0x000000001000a47c       0xd0 /home/ricardo/MaximSDK/MyProjects/UPRM-Multi_Frq-BioZ-Research/build/Fat32Driver/FAT32.a(diskio.o)
 .text.send_cmd
                0x000000001000a54c      0x1b8 /home/ricardo/MaximSDK/MyProjects/UPRM-Multi_Frq-BioZ-Research/build/Fat32Driver/FAT32.a(diskio.o)
 .text.disk_status
                0x000000001000a704       0x10 /home/ricardo/MaximSDK/MyProjects/UPRM-Multi_Frq-BioZ-Research/build/Fat32Driver/FAT32.a(diskio.o)
                0x000000001000a704                disk_status
 .text.disk_initialize
                0x000000001000a714      0x1e8 /home/ricardo/MaximSDK/MyProjects/UPRM-Multi_Frq-BioZ-Research/build/Fat32Driver/FAT32.a(diskio.o)
                0x000000001000a714                disk_initialize
 .text.disk_read
                0x000000001000a8fc       0xd4 /home/ricardo/MaximSDK/MyProjects/UPRM-Multi_Frq-BioZ-Research/build/Fat32Driver/FAT32.a(diskio.o)
                0x000000001000a8fc                disk_read
 .text.disk_write
                0x000000001000a9d0      0x3ac /home/ricardo/MaximSDK/MyProjects/UPRM-Multi_Frq-BioZ-Research/build/Fat32Driver/FAT32.a(diskio.o)
                0x000000001000a9d0                disk_write
 .text.disk_ioctl
                0x000000001000ad7c      0x120 /home/ricardo/MaximSDK/MyProjects/UPRM-Multi_Frq-BioZ-Research/build/Fat32Driver/FAT32.a(diskio.o)
                0x000000001000ad7c                disk_ioctl
 .text.atoi     0x000000001000ae9c        0x8 /home/ricardo/MaximSDK/Tools/GNUTools/10.3/bin/../lib/gcc/arm-none-eabi/10.3.1/../../../../arm-none-eabi/lib/thumb/v7e-m+fp/softfp/libc.a(lib_a-atoi.o)
                0x000000001000ae9c                atoi
 .text.calloc   0x000000001000aea4       0x18 /home/ricardo/MaximSDK/Tools/GNUTools/10.3/bin/../lib/gcc/arm-none-eabi/10.3.1/../../../../arm-none-eabi/lib/thumb/v7e-m+fp/softfp/libc.a(lib_a-calloc.o)
                0x000000001000aea4                calloc
 .text._calloc_r
                0x000000001000aebc       0x78 /home/ricardo/MaximSDK/Tools/GNUTools/10.3/bin/../lib/gcc/arm-none-eabi/10.3.1/../../../../arm-none-eabi/lib/thumb/v7e-m+fp/softfp/libc.a(lib_a-callocr.o)
                0x000000001000aebc                _calloc_r
 .text.__errno  0x000000001000af34        0xc /home/ricardo/MaximSDK/Tools/GNUTools/10.3/bin/../lib/gcc/arm-none-eabi/10.3.1/../../../../arm-none-eabi/lib/thumb/v7e-m+fp/softfp/libc.a(lib_a-errno.o)
                0x000000001000af34                __errno
 .text.__libc_init_array
                0x000000001000af40       0x48 /home/ricardo/MaximSDK/Tools/GNUTools/10.3/bin/../lib/gcc/arm-none-eabi/10.3.1/../../../../arm-none-eabi/lib/thumb/v7e-m+fp/softfp/libc.a(lib_a-init.o)
                0x000000001000af40                __libc_init_array
 .text.malloc   0x000000001000af88       0x10 /home/ricardo/MaximSDK/Tools/GNUTools/10.3/bin/../lib/gcc/arm-none-eabi/10.3.1/../../../../arm-none-eabi/lib/thumb/v7e-m+fp/softfp/libc.a(lib_a-malloc.o)
                0x000000001000af88                malloc
 .text.free     0x000000001000af98       0x10 /home/ricardo/MaximSDK/Tools/GNUTools/10.3/bin/../lib/gcc/arm-none-eabi/10.3.1/../../../../arm-none-eabi/lib/thumb/v7e-m+fp/softfp/libc.a(lib_a-malloc.o)
                0x000000001000af98                free
 .text._malloc_r
                0x000000001000afa8      0x560 /home/ricardo/MaximSDK/Tools/GNUTools/10.3/bin/../lib/gcc/arm-none-eabi/10.3.1/../../../../arm-none-eabi/lib/thumb/v7e-m+fp/softfp/libc.a(lib_a-mallocr.o)
                0x000000001000afa8                _malloc_r
 .text.memcmp   0x000000001000b508       0x64 /home/ricardo/MaximSDK/Tools/GNUTools/10.3/bin/../lib/gcc/arm-none-eabi/10.3.1/../../../../arm-none-eabi/lib/thumb/v7e-m+fp/softfp/libc.a(lib_a-memcmp.o)
                0x000000001000b508                memcmp
 .text          0x000000001000b56c      0x134 /home/ricardo/MaximSDK/Tools/GNUTools/10.3/bin/../lib/gcc/arm-none-eabi/10.3.1/../../../../arm-none-eabi/lib/thumb/v7e-m+fp/softfp/libc.a(lib_a-memcpy.o)
                0x000000001000b56c                memcpy
 .text.memset   0x000000001000b6a0       0xa4 /home/ricardo/MaximSDK/Tools/GNUTools/10.3/bin/../lib/gcc/arm-none-eabi/10.3.1/../../../../arm-none-eabi/lib/thumb/v7e-m+fp/softfp/libc.a(lib_a-memset.o)
                0x000000001000b6a0                memset
 .text.__malloc_lock
                0x000000001000b744        0xc /home/ricardo/MaximSDK/Tools/GNUTools/10.3/bin/../lib/gcc/arm-none-eabi/10.3.1/../../../../arm-none-eabi/lib/thumb/v7e-m+fp/softfp/libc.a(lib_a-mlock.o)
                0x000000001000b744                __malloc_lock
 .text.__malloc_unlock
                0x000000001000b750        0xc /home/ricardo/MaximSDK/Tools/GNUTools/10.3/bin/../lib/gcc/arm-none-eabi/10.3.1/../../../../arm-none-eabi/lib/thumb/v7e-m+fp/softfp/libc.a(lib_a-mlock.o)
                0x000000001000b750                __malloc_unlock
 .text.printf   0x000000001000b75c       0x28 /home/ricardo/MaximSDK/Tools/GNUTools/10.3/bin/../lib/gcc/arm-none-eabi/10.3.1/../../../../arm-none-eabi/lib/thumb/v7e-m+fp/softfp/libc.a(lib_a-printf.o)
                0x000000001000b75c                printf
 .text.putchar  0x000000001000b784       0x10 /home/ricardo/MaximSDK/Tools/GNUTools/10.3/bin/../lib/gcc/arm-none-eabi/10.3.1/../../../../arm-none-eabi/lib/thumb/v7e-m+fp/softfp/libc.a(lib_a-putchar.o)
                0x000000001000b784                putchar
 .text._puts_r  0x000000001000b794       0x9c /home/ricardo/MaximSDK/Tools/GNUTools/10.3/bin/../lib/gcc/arm-none-eabi/10.3.1/../../../../arm-none-eabi/lib/thumb/v7e-m+fp/softfp/libc.a(lib_a-puts.o)
                0x000000001000b794                _puts_r
 .text.puts     0x000000001000b830       0x10 /home/ricardo/MaximSDK/Tools/GNUTools/10.3/bin/../lib/gcc/arm-none-eabi/10.3.1/../../../../arm-none-eabi/lib/thumb/v7e-m+fp/softfp/libc.a(lib_a-puts.o)
                0x000000001000b830                puts
 .text.rand     0x000000001000b840       0x3c /home/ricardo/MaximSDK/Tools/GNUTools/10.3/bin/../lib/gcc/arm-none-eabi/10.3.1/../../../../arm-none-eabi/lib/thumb/v7e-m+fp/softfp/libc.a(lib_a-rand.o)
                0x000000001000b840                rand
 .text._sbrk_r  0x000000001000b87c       0x24 /home/ricardo/MaximSDK/Tools/GNUTools/10.3/bin/../lib/gcc/arm-none-eabi/10.3.1/../../../../arm-none-eabi/lib/thumb/v7e-m+fp/softfp/libc.a(lib_a-sbrkr.o)
                0x000000001000b87c                _sbrk_r
 .text.snprintf
                0x000000001000b8a0       0x88 /home/ricardo/MaximSDK/Tools/GNUTools/10.3/bin/../lib/gcc/arm-none-eabi/10.3.1/../../../../arm-none-eabi/lib/thumb/v7e-m+fp/softfp/libc.a(lib_a-snprintf.o)
                0x000000001000b8a0                snprintf
 .text.strcasecmp
                0x000000001000b928       0x4c /home/ricardo/MaximSDK/Tools/GNUTools/10.3/bin/../lib/gcc/arm-none-eabi/10.3.1/../../../../arm-none-eabi/lib/thumb/v7e-m+fp/softfp/libc.a(lib_a-strcasecmp.o)
                0x000000001000b928                strcasecmp
 .text.strchr   0x000000001000b974       0xcc /home/ricardo/MaximSDK/Tools/GNUTools/10.3/bin/../lib/gcc/arm-none-eabi/10.3.1/../../../../arm-none-eabi/lib/thumb/v7e-m+fp/softfp/libc.a(lib_a-strchr.o)
                0x000000001000b974                strchr
 .text          0x000000001000ba40       0xdc /home/ricardo/MaximSDK/Tools/GNUTools/10.3/bin/../lib/gcc/arm-none-eabi/10.3.1/../../../../arm-none-eabi/lib/thumb/v7e-m+fp/softfp/libc.a(lib_a-strlen.o)
                0x000000001000ba40                strlen
 .text.strncmp  0x000000001000bb1c       0x80 /home/ricardo/MaximSDK/Tools/GNUTools/10.3/bin/../lib/gcc/arm-none-eabi/10.3.1/../../../../arm-none-eabi/lib/thumb/v7e-m+fp/softfp/libc.a(lib_a-strncmp.o)
                0x000000001000bb1c                strncmp
 .text.__strtok_r
                0x000000001000bb9c       0x64 /home/ricardo/MaximSDK/Tools/GNUTools/10.3/bin/../lib/gcc/arm-none-eabi/10.3.1/../../../../arm-none-eabi/lib/thumb/v7e-m+fp/softfp/libc.a(lib_a-strtok_r.o)
                0x000000001000bb9c                __strtok_r
 .text.strtok_r
                0x000000001000bc00        0x8 /home/ricardo/MaximSDK/Tools/GNUTools/10.3/bin/../lib/gcc/arm-none-eabi/10.3.1/../../../../arm-none-eabi/lib/thumb/v7e-m+fp/softfp/libc.a(lib_a-strtok_r.o)
                0x000000001000bc00                strtok_r
 .text._strtol_l.part.0
                0x000000001000bc08      0x120 /home/ricardo/MaximSDK/Tools/GNUTools/10.3/bin/../lib/gcc/arm-none-eabi/10.3.1/../../../../arm-none-eabi/lib/thumb/v7e-m+fp/softfp/libc.a(lib_a-strtol.o)
 .text.strtol   0x000000001000bd28       0x2c /home/ricardo/MaximSDK/Tools/GNUTools/10.3/bin/../lib/gcc/arm-none-eabi/10.3.1/../../../../arm-none-eabi/lib/thumb/v7e-m+fp/softfp/libc.a(lib_a-strtol.o)
                0x000000001000bd28                strtol
 *fill*         0x000000001000bd54        0x4 
 .text._svfprintf_r
                0x000000001000bd58     0x1ac8 /home/ricardo/MaximSDK/Tools/GNUTools/10.3/bin/../lib/gcc/arm-none-eabi/10.3.1/../../../../arm-none-eabi/lib/thumb/v7e-m+fp/softfp/libc.a(lib_a-svfprintf.o)
                0x000000001000bd58                _svfprintf_r
 .text._vfprintf_r
                0x000000001000d820     0x1b8c /home/ricardo/MaximSDK/Tools/GNUTools/10.3/bin/../lib/gcc/arm-none-eabi/10.3.1/../../../../arm-none-eabi/lib/thumb/v7e-m+fp/softfp/libc.a(lib_a-vfprintf.o)
                0x000000001000d820                _vfprintf_r
 .text.__sbprintf
                0x000000001000f3ac       0x80 /home/ricardo/MaximSDK/Tools/GNUTools/10.3/bin/../lib/gcc/arm-none-eabi/10.3.1/../../../../arm-none-eabi/lib/thumb/v7e-m+fp/softfp/libc.a(lib_a-vfprintf.o)
 .text.__swsetup_r
                0x000000001000f42c       0xd4 /home/ricardo/MaximSDK/Tools/GNUTools/10.3/bin/../lib/gcc/arm-none-eabi/10.3.1/../../../../arm-none-eabi/lib/thumb/v7e-m+fp/softfp/libc.a(lib_a-wsetup.o)
                0x000000001000f42c                __swsetup_r
 .text.startup.register_fini
                0x000000001000f500       0x14 /home/ricardo/MaximSDK/Tools/GNUTools/10.3/bin/../lib/gcc/arm-none-eabi/10.3.1/../../../../arm-none-eabi/lib/thumb/v7e-m+fp/softfp/libc.a(lib_a-__call_atexit.o)
 .text.atexit   0x000000001000f514        0xc /home/ricardo/MaximSDK/Tools/GNUTools/10.3/bin/../lib/gcc/arm-none-eabi/10.3.1/../../../../arm-none-eabi/lib/thumb/v7e-m+fp/softfp/libc.a(lib_a-atexit.o)
                0x000000001000f514                atexit
 .text.quorem   0x000000001000f520      0x128 /home/ricardo/MaximSDK/Tools/GNUTools/10.3/bin/../lib/gcc/arm-none-eabi/10.3.1/../../../../arm-none-eabi/lib/thumb/v7e-m+fp/softfp/libc.a(lib_a-dtoa.o)
 .text._dtoa_r  0x000000001000f648      0xf34 /home/ricardo/MaximSDK/Tools/GNUTools/10.3/bin/../lib/gcc/arm-none-eabi/10.3.1/../../../../arm-none-eabi/lib/thumb/v7e-m+fp/softfp/libc.a(lib_a-dtoa.o)
                0x000000001000f648                _dtoa_r
 .text.__sflush_r
                0x000000001001057c      0x130 /home/ricardo/MaximSDK/Tools/GNUTools/10.3/bin/../lib/gcc/arm-none-eabi/10.3.1/../../../../arm-none-eabi/lib/thumb/v7e-m+fp/softfp/libc.a(lib_a-fflush.o)
                0x000000001001057c                __sflush_r
 .text._fflush_r
                0x00000000100106ac       0x5c /home/ricardo/MaximSDK/Tools/GNUTools/10.3/bin/../lib/gcc/arm-none-eabi/10.3.1/../../../../arm-none-eabi/lib/thumb/v7e-m+fp/softfp/libc.a(lib_a-fflush.o)
                0x00000000100106ac                _fflush_r
 .text._cleanup_r
                0x0000000010010708        0xc /home/ricardo/MaximSDK/Tools/GNUTools/10.3/bin/../lib/gcc/arm-none-eabi/10.3.1/../../../../arm-none-eabi/lib/thumb/v7e-m+fp/softfp/libc.a(lib_a-findfp.o)
                0x0000000010010708                _cleanup_r
 .text.__sinit  0x0000000010010714      0x10c /home/ricardo/MaximSDK/Tools/GNUTools/10.3/bin/../lib/gcc/arm-none-eabi/10.3.1/../../../../arm-none-eabi/lib/thumb/v7e-m+fp/softfp/libc.a(lib_a-findfp.o)
                0x0000000010010714                __sinit
 .text.__sfp_lock_acquire
                0x0000000010010820        0xc /home/ricardo/MaximSDK/Tools/GNUTools/10.3/bin/../lib/gcc/arm-none-eabi/10.3.1/../../../../arm-none-eabi/lib/thumb/v7e-m+fp/softfp/libc.a(lib_a-findfp.o)
                0x0000000010010820                __sfp_lock_acquire
 .text.__sfp_lock_release
                0x000000001001082c        0xc /home/ricardo/MaximSDK/Tools/GNUTools/10.3/bin/../lib/gcc/arm-none-eabi/10.3.1/../../../../arm-none-eabi/lib/thumb/v7e-m+fp/softfp/libc.a(lib_a-findfp.o)
                0x000000001001082c                __sfp_lock_release
 .text.__libc_fini_array
                0x0000000010010838       0x2c /home/ricardo/MaximSDK/Tools/GNUTools/10.3/bin/../lib/gcc/arm-none-eabi/10.3.1/../../../../arm-none-eabi/lib/thumb/v7e-m+fp/softfp/libc.a(lib_a-fini.o)
                0x0000000010010838                __libc_fini_array
 .text._malloc_trim_r
                0x0000000010010864       0xa0 /home/ricardo/MaximSDK/Tools/GNUTools/10.3/bin/../lib/gcc/arm-none-eabi/10.3.1/../../../../arm-none-eabi/lib/thumb/v7e-m+fp/softfp/libc.a(lib_a-freer.o)