Archive member included to satisfy reference by file (symbol)

C:/MaximSDK/Libraries/PeriphDrivers/bin/MAX32655/spi-v1_softfp/libPeriphDriver_spi-v1_softfp.a(mxc_delay.o)
                              C:/Users/oscar/OneDrive/Desktop/Work/UPRM-Multi_Frq-BioZ-Research/build/sdhc.o (MXC_Delay)
C:/MaximSDK/Libraries/PeriphDrivers/bin/MAX32655/spi-v1_softfp/libPeriphDriver_spi-v1_softfp.a(nvic_table.o)
                              C:/Users/oscar/OneDrive/Desktop/Work/UPRM-Multi_Frq-BioZ-Research/build/cli.o (MXC_NVIC_SetVector)
C:/MaximSDK/Libraries/PeriphDrivers/bin/MAX32655/spi-v1_softfp/libPeriphDriver_spi-v1_softfp.a(sys_me17.o)
                              C:/Users/oscar/OneDrive/Desktop/Work/UPRM-Multi_Frq-BioZ-Research/build/board.o (MXC_SYS_ClockEnable)
C:/MaximSDK/Libraries/PeriphDrivers/bin/MAX32655/spi-v1_softfp/libPeriphDriver_spi-v1_softfp.a(aes_me17.o)
                              C:/MaximSDK/Libraries/PeriphDrivers/bin/MAX32655/spi-v1_softfp/libPeriphDriver_spi-v1_softfp.a(sys_me17.o) (MXC_AES_Init)
C:/MaximSDK/Libraries/PeriphDrivers/bin/MAX32655/spi-v1_softfp/libPeriphDriver_spi-v1_softfp.a(aes_revb.o)
                              C:/MaximSDK/Libraries/PeriphDrivers/bin/MAX32655/spi-v1_softfp/libPeriphDriver_spi-v1_softfp.a(aes_me17.o) (MXC_AES_RevB_IsBusy)
C:/MaximSDK/Libraries/PeriphDrivers/bin/MAX32655/spi-v1_softfp/libPeriphDriver_spi-v1_softfp.a(dma_me17.o)
                              C:/MaximSDK/Libraries/PeriphDrivers/bin/MAX32655/spi-v1_softfp/libPeriphDriver_spi-v1_softfp.a(aes_revb.o) (MXC_DMA_Init)
C:/MaximSDK/Libraries/PeriphDrivers/bin/MAX32655/spi-v1_softfp/libPeriphDriver_spi-v1_softfp.a(dma_reva.o)
                              C:/MaximSDK/Libraries/PeriphDrivers/bin/MAX32655/spi-v1_softfp/libPeriphDriver_spi-v1_softfp.a(dma_me17.o) (MXC_DMA_RevA_Init)
C:/MaximSDK/Libraries/PeriphDrivers/bin/MAX32655/spi-v1_softfp/libPeriphDriver_spi-v1_softfp.a(flc_me17.o)
                              C:/MaximSDK/Libraries/PeriphDrivers/bin/MAX32655/spi-v1_softfp/libPeriphDriver_spi-v1_softfp.a(sys_me17.o) (MXC_FLC_UnlockInfoBlock)
C:/MaximSDK/Libraries/PeriphDrivers/bin/MAX32655/spi-v1_softfp/libPeriphDriver_spi-v1_softfp.a(flc_reva.o)
                              C:/MaximSDK/Libraries/PeriphDrivers/bin/MAX32655/spi-v1_softfp/libPeriphDriver_spi-v1_softfp.a(flc_me17.o) (MXC_FLC_RevA_Busy)
C:/MaximSDK/Libraries/PeriphDrivers/bin/MAX32655/spi-v1_softfp/libPeriphDriver_spi-v1_softfp.a(gpio_me17.o)
                              C:/Users/oscar/OneDrive/Desktop/Work/UPRM-Multi_Frq-BioZ-Research/build/sdhc.o (MXC_GPIO_InGet)
C:/MaximSDK/Libraries/PeriphDrivers/bin/MAX32655/spi-v1_softfp/libPeriphDriver_spi-v1_softfp.a(gpio_reva.o)
                              C:/MaximSDK/Libraries/PeriphDrivers/bin/MAX32655/spi-v1_softfp/libPeriphDriver_spi-v1_softfp.a(gpio_me17.o) (MXC_GPIO_RevA_InGet)
C:/MaximSDK/Libraries/PeriphDrivers/bin/MAX32655/spi-v1_softfp/libPeriphDriver_spi-v1_softfp.a(i2c_me17.o)
                              C:/Users/oscar/OneDrive/Desktop/Work/UPRM-Multi_Frq-BioZ-Research/build/max20303.o (MXC_I2C_Init)
C:/MaximSDK/Libraries/PeriphDrivers/bin/MAX32655/spi-v1_softfp/libPeriphDriver_spi-v1_softfp.a(i2c_reva.o)
                              C:/MaximSDK/Libraries/PeriphDrivers/bin/MAX32655/spi-v1_softfp/libPeriphDriver_spi-v1_softfp.a(i2c_me17.o) (MXC_I2C_RevA_DMACallback)
C:/MaximSDK/Libraries/PeriphDrivers/bin/MAX32655/spi-v1_softfp/libPeriphDriver_spi-v1_softfp.a(icc_me17.o)
                              C:/Users/oscar/OneDrive/Desktop/Work/UPRM-Multi_Frq-BioZ-Research/build/system_max32655.o (MXC_ICC_Enable)
C:/MaximSDK/Libraries/PeriphDrivers/bin/MAX32655/spi-v1_softfp/libPeriphDriver_spi-v1_softfp.a(icc_reva.o)
                              C:/MaximSDK/Libraries/PeriphDrivers/bin/MAX32655/spi-v1_softfp/libPeriphDriver_spi-v1_softfp.a(icc_me17.o) (MXC_ICC_RevA_ID)
C:/MaximSDK/Libraries/PeriphDrivers/bin/MAX32655/spi-v1_softfp/libPeriphDriver_spi-v1_softfp.a(simo_me17.o)
                              C:/Users/oscar/OneDrive/Desktop/Work/UPRM-Multi_Frq-BioZ-Research/build/system_max32655.o (MXC_SIMO_SetVregO_A)
C:/MaximSDK/Libraries/PeriphDrivers/bin/MAX32655/spi-v1_softfp/libPeriphDriver_spi-v1_softfp.a(simo_reva.o)
                              C:/MaximSDK/Libraries/PeriphDrivers/bin/MAX32655/spi-v1_softfp/libPeriphDriver_spi-v1_softfp.a(simo_me17.o) (MXC_SIMO_RevA_SetVregO_A)
C:/MaximSDK/Libraries/PeriphDrivers/bin/MAX32655/spi-v1_softfp/libPeriphDriver_spi-v1_softfp.a(spi_me17.o)
                              C:/Users/oscar/OneDrive/Desktop/Work/UPRM-Multi_Frq-BioZ-Research/build/spiFunctions.o (MXC_SPI_Init)
C:/MaximSDK/Libraries/PeriphDrivers/bin/MAX32655/spi-v1_softfp/libPeriphDriver_spi-v1_softfp.a(spi_reva1.o)
                              C:/MaximSDK/Libraries/PeriphDrivers/bin/MAX32655/spi-v1_softfp/libPeriphDriver_spi-v1_softfp.a(spi_me17.o) (MXC_SPI_RevA1_Init)
[...]
Memory Configuration

Name             Origin             Length             Attributes
ROM              0x00000000         0x00010000         xr
FLASH            0x10000000         0x00080000         xr
PAL_NVM_DB       0x10080000         0x00000000         r
RISCV_FLASH      0x10080000         0x00000000         xr
SRAM             0x20000000         0x00020000         xrw
MAILBOX_0        0x20020000         0x00000000         rw
MAILBOX_1        0x20020000         0x00000000         rw
RISCV_SRAM       0x20020000         0x00000000         xrw
*default*        0x00000000         0xffffffff

Linker script and memory map

LOAD C:/Program Files (x86)/Arm GNU Toolchain arm-none-eabi/14.2 rel1/bin/../lib/gcc/arm-none-eabi/14.2.1/thumb/v7e-m+fp/softfp/crti.o
LOAD C:/Program Files (x86)/Arm GNU Toolchain arm-none-eabi/14.2 rel1/bin/../lib/gcc/arm-none-eabi/14.2.1/thumb/v7e-m+fp/softfp/crtbegin.o
LOAD C:/Program Files (x86)/Arm GNU Toolchain arm-none-eabi/14.2 rel1/bin/../lib/gcc/arm-none-eabi/14.2.1/thumb/v7e-m+fp/softfp/crt0.o
LOAD C:/Users/oscar/OneDrive/Desktop/Work/UPRM-Multi_Frq-BioZ-Research/build/main.o
LOAD C:/Users/oscar/OneDrive/Desktop/Work/UPRM-Multi_Frq-BioZ-Research/build/MAX30009.o
LOAD C:/Users/oscar/OneDrive/Desktop/Work/UPRM-Multi_Frq-BioZ-Research/build/bioZ.o
LOAD C:/Users/oscar/OneDrive/Desktop/Work/UPRM-Multi_Frq-BioZ-Research/build/sdhc.o
LOAD C:/Users/oscar/OneDrive/Desktop/Work/UPRM-Multi_Frq-BioZ-Research/build/spiFunctions.o
LOAD C:/Users/oscar/OneDrive/Desktop/Work/UPRM-Multi_Frq-BioZ-Research/build/user-cli.o
LOAD C:/Users/oscar/OneDrive/Desktop/Work/UPRM-Multi_Frq-BioZ-Research/build/board.o
LOAD C:/Users/oscar/OneDrive/Desktop/Work/UPRM-Multi_Frq-BioZ-Research/build/stdio.o
LOAD C:/Users/oscar/OneDrive/Desktop/Work/UPRM-Multi_Frq-BioZ-Research/build/led.o
LOAD C:/Users/oscar/OneDrive/Desktop/Work/UPRM-Multi_Frq-BioZ-Research/build/pb.o
LOAD C:/Users/oscar/OneDrive/Desktop/Work/UPRM-Multi_Frq-BioZ-Research/build/max20303.o
LOAD C:/Users/oscar/OneDrive/Desktop/Work/UPRM-Multi_Frq-BioZ-Research/build/w25.o
LOAD C:/Users/oscar/OneDrive/Desktop/Work/UPRM-Multi_Frq-BioZ-Research/build/cli.o
LOAD C:/Users/oscar/OneDrive/Desktop/Work/UPRM-Multi_Frq-BioZ-Research/build/startup_max32655.o
LOAD C:/Users/oscar/OneDrive/Desktop/Work/UPRM-Multi_Frq-BioZ-Research/build/heap.o
LOAD C:/Users/oscar/OneDrive/Desktop/Work/UPRM-Multi_Frq-BioZ-Research/build/system_max32655.o
START GROUP
LOAD C:/MaximSDK/Libraries/PeriphDrivers/bin/MAX32655/spi-v1_softfp/libPeriphDriver_spi-v1_softfp.a
LOAD C:/Users/oscar/OneDrive/Desktop/Work/UPRM-Multi_Frq-BioZ-Research/build/Fat32Driver/FAT32.a
LOAD C:/Users/oscar/OneDrive/Desktop/Work/UPRM-Multi_Frq-BioZ-Research/build/SDHCDriver/sdhc.a
LOAD C:/Program Files (x86)/Arm GNU Toolchain arm-none-eabi/14.2 rel1/bin/../lib/gcc/arm-none-eabi/14.2.1/thumb/v7e-m+fp/softfp\libc.a
LOAD C:/Program Files (x86)/Arm GNU Toolchain arm-none-eabi/14.2 rel1/bin/../lib/gcc/arm-none-eabi/14.2.1/thumb/v7e-m+fp/softfp\libm.a
LOAD C:/Program Files (x86)/Arm GNU Toolchain arm-none-eabi/14.2 rel1/bin/../lib/gcc/arm-none-eabi/14.2.1/thumb/v7e-m+fp/softfp\libnosys.a
END GROUP
START GROUP
LOAD C:/Program Files (x86)/Arm GNU Toolchain arm-none-eabi/14.2 rel1/bin/../lib/gcc/arm-none-eabi/14.2.1/thumb/v7e-m+fp/softfp\libgcc.a
LOAD C:/Program Files (x86)/Arm GNU Toolchain arm-none-eabi/14.2 rel1/bin/../lib/gcc/arm-none-eabi/14.2.1/thumb/v7e-m+fp/softfp\libc.a
END GROUP
LOAD C:/Program Files (x86)/Arm GNU Toolchain arm-none-eabi/14.2 rel1/bin/../lib/gcc/arm-none-eabi/14.2.1/thumb/v7e-m+fp/softfp/crtend.o
LOAD C:/Program Files (x86)/Arm GNU Toolchain arm-none-eabi/14.2 rel1/bin/../lib/gcc/arm-none-eabi/14.2.1/thumb/v7e-m+fp/softfp/crtn.o
                0x00080000                        FLASH_MEM_SIZE = (_ARM_FLASH_SIZE - _PAL_NVM_SIZE)
                0x10080000                        PAL_NVM_ORIGIN = ((_ARM_FLASH_SIZE - _PAL_NVM_SIZE) + _ARM_FLASH_ORIGIN)
                0x10080000                        RISCV_FLASH_ORIGIN = (PAL_NVM_ORIGIN + _PAL_NVM_SIZE)
                0x00000000                        RISCV_FLASH_SIZE = (_FLASH_SIZE - _ARM_FLASH_SIZE)
                0x20020000                        MAILBOX_ORIGIN = (_ARM_SRAM_ORIGIN + _ARM_SRAM_SIZE)
                0x20020000                        RISCV_SRAM_ORIGIN = (MAILBOX_ORIGIN + (0x2 * _MAILBOX_SIZE))
                0x00000000                        RISCV_SRAM_SIZE = ((_SRAM_SIZE - _ARM_SRAM_SIZE) - (0x2 * _MAILBOX_SIZE))

.rom
 *(.rom_vector)
 *(.rom_handlers*)

.text           0x10000000    0x2550c
                0x10000000                        _text = .
 *(.isr_vector)
 .isr_vector    0x10000000      0x1f8 C:/Users/oscar/OneDrive/Desktop/Work/UPRM-Multi_Frq-BioZ-Research/build/startup_max32655.o
                0x10000000                __isr_vector
 EXCLUDE_FILE(*riscv.o) *(.text*)
 .text.deregister_tm_clones
                0x100001f8       0x1c C:/Program Files (x86)/Arm GNU Toolchain arm-none-eabi/14.2 rel1/bin/../lib/gcc/arm-none-eabi/14.2.1/thumb/v7e-m+fp/softfp/crtbegin.o
 .text.register_tm_clones
                0x10000214       0x24 C:/Program Files (x86)/Arm GNU Toolchain arm-none-eabi/14.2 rel1/bin/../lib/gcc/arm-none-eabi/14.2.1/thumb/v7e-m+fp/softfp/crtbegin.o
 .text.__do_global_dtors_aux
                0x10000238       0x28 C:/Program Files (x86)/Arm GNU Toolchain arm-none-eabi/14.2 rel1/bin/../lib/gcc/arm-none-eabi/14.2.1/thumb/v7e-m+fp/softfp/crtbegin.o
 .text.frame_dummy
                0x10000260       0x24 C:/Program Files (x86)/Arm GNU Toolchain arm-none-eabi/14.2 rel1/bin/../lib/gcc/arm-none-eabi/14.2.1/thumb/v7e-m+fp/softfp/crtbegin.o
 .text.startup.main
                0x10000284       0x88 C:/Users/oscar/OneDrive/Desktop/Work/UPRM-Multi_Frq-BioZ-Research/build/main.o
                0x10000284                main
 .text.init     0x1000030c       0x7c C:/Users/oscar/OneDrive/Desktop/Work/UPRM-Multi_Frq-BioZ-Research/build/MAX30009.o
                0x1000030c                init
 .text.SFBIAsettings
                0x10000388       0xd0 C:/Users/oscar/OneDrive/Desktop/Work/UPRM-Multi_Frq-BioZ-Research/build/bioZ.o
                0x10000388                SFBIAsettings
 .text.setMode  0x10000458      0x200 C:/Users/oscar/OneDrive/Desktop/Work/UPRM-Multi_Frq-BioZ-Research/build/bioZ.o
                0x10000458                setMode
 .text.calcBioZ
                0x10000658      0x284 C:/Users/oscar/OneDrive/Desktop/Work/UPRM-Multi_Frq-BioZ-Research/build/bioZ.o
                0x10000658                calcBioZ
 .text.setMessage
                0x100008dc       0x18 C:/Users/oscar/OneDrive/Desktop/Work/UPRM-Multi_Frq-BioZ-Research/build/sdhc.o
                0x100008dc                setMessage
 .text.mount    0x100008f4       0x70 C:/Users/oscar/OneDrive/Desktop/Work/UPRM-Multi_Frq-BioZ-Research/build/sdhc.o
                0x100008f4                mount
 .text.umount   0x10000964       0x4c C:/Users/oscar/OneDrive/Desktop/Work/UPRM-Multi_Frq-BioZ-Research/build/sdhc.o
                0x10000964                umount
 .text.formatSDHC
                0x100009b0       0xd4 C:/Users/oscar/OneDrive/Desktop/Work/UPRM-Multi_Frq-BioZ-Research/build/sdhc.o
                0x100009b0                formatSDHC
 .text.getSize  0x10000a84       0x9c C:/Users/oscar/OneDrive/Desktop/Work/UPRM-Multi_Frq-BioZ-Research/build/sdhc.o
                0x10000a84                getSize
 .text.ls       0x10000b20       0x9c C:/Users/oscar/OneDrive/Desktop/Work/UPRM-Multi_Frq-BioZ-Research/build/sdhc.o
                0x10000b20                ls
 .text.createFile
                0x10000bbc      0x148 C:/Users/oscar/OneDrive/Desktop/Work/UPRM-Multi_Frq-BioZ-Research/build/sdhc.o
                0x10000bbc                createFile
 .text.appendFile
                0x10000d04      0x110 C:/Users/oscar/OneDrive/Desktop/Work/UPRM-Multi_Frq-BioZ-Research/build/sdhc.o
                0x10000d04                appendFile
 .text.mkdir    0x10000e14       0x9c C:/Users/oscar/OneDrive/Desktop/Work/UPRM-Multi_Frq-BioZ-Research/build/sdhc.o
                0x10000e14                mkdir
 .text.cd       0x10000eb0       0xa0 C:/Users/oscar/OneDrive/Desktop/Work/UPRM-Multi_Frq-BioZ-Research/build/sdhc.o
                0x10000eb0                cd
 .text.deleteFile
                0x10000f50       0x78 C:/Users/oscar/OneDrive/Desktop/Work/UPRM-Multi_Frq-BioZ-Research/build/sdhc.o
                0x10000f50                deleteFile
 .text.createNextBiozLogFile
                0x10000fc8      0x16c C:/Users/oscar/OneDrive/Desktop/Work/UPRM-Multi_Frq-BioZ-Research/build/sdhc.o
                0x10000fc8                createNextBiozLogFile
 .text.example  0x10001134      0x31c C:/Users/oscar/OneDrive/Desktop/Work/UPRM-Multi_Frq-BioZ-Research/build/sdhc.o
                0x10001134                example
 .text.waitCardInserted
                0x10001450       0x50 C:/Users/oscar/OneDrive/Desktop/Work/UPRM-Multi_Frq-BioZ-Research/build/sdhc.o
                0x10001450                waitCardInserted
 .text.initSPI  0x100014a0       0xa8 C:/Users/oscar/OneDrive/Desktop/Work/UPRM-Multi_Frq-BioZ-Research/build/spiFunctions.o
                0x100014a0                initSPI
 .text.regWrite
                0x10001548       0x70 C:/Users/oscar/OneDrive/Desktop/Work/UPRM-Multi_Frq-BioZ-Research/build/spiFunctions.o
                0x10001548                regWrite
 .text.regRead  0x100015b8       0x88 C:/Users/oscar/OneDrive/Desktop/Work/UPRM-Multi_Frq-BioZ-Research/build/spiFunctions.o
                0x100015b8                regRead
 .text.shutdownSPI
                0x10001640       0x30 C:/Users/oscar/OneDrive/Desktop/Work/UPRM-Multi_Frq-BioZ-Research/build/spiFunctions.o
                0x10001640                shutdownSPI
 .text.changeReg
                0x10001670      0x124 C:/Users/oscar/OneDrive/Desktop/Work/UPRM-Multi_Frq-BioZ-Research/build/spiFunctions.o
                0x10001670                changeReg
 .text.spiBurst
                0x10001794      0x13c C:/Users/oscar/OneDrive/Desktop/Work/UPRM-Multi_Frq-BioZ-Research/build/spiFunctions.o
                0x10001794                spiBurst
 .text.handle_size
                0x100018d0       0x1c C:/Users/oscar/OneDrive/Desktop/Work/UPRM-Multi_Frq-BioZ-Research/build/user-cli.o
                0x100018d0                handle_size
 .text.handle_format
                0x100018ec       0x1c C:/Users/oscar/OneDrive/Desktop/Work/UPRM-Multi_Frq-BioZ-Research/build/user-cli.o
                0x100018ec                handle_format
 .text.handle_mount
                0x10001908       0x1c C:/Users/oscar/OneDrive/Desktop/Work/UPRM-Multi_Frq-BioZ-Research/build/user-cli.o
                0x10001908                handle_mount
 .text.handle_ls
                0x10001924       0x1c C:/Users/oscar/OneDrive/Desktop/Work/UPRM-Multi_Frq-BioZ-Research/build/user-cli.o
                0x10001924                handle_ls
 .text.handle_mkdir
                0x10001940       0x1c C:/Users/oscar/OneDrive/Desktop/Work/UPRM-Multi_Frq-BioZ-Research/build/user-cli.o
                0x10001940                handle_mkdir
 .text.handle_createfile
                0x1000195c       0x2c C:/Users/oscar/OneDrive/Desktop/Work/UPRM-Multi_Frq-BioZ-Research/build/user-cli.o
                0x1000195c                handle_createfile
 .text.handle_cd
                0x10001988       0x1c C:/Users/oscar/OneDrive/Desktop/Work/UPRM-Multi_Frq-BioZ-Research/build/user-cli.o
                0x10001988                handle_cd
 .text.handle_add_data
                0x100019a4       0x2c C:/Users/oscar/OneDrive/Desktop/Work/UPRM-Multi_Frq-BioZ-Research/build/user-cli.o
                0x100019a4                handle_add_data
 .text.handle_del
                0x100019d0       0x1c C:/Users/oscar/OneDrive/Desktop/Work/UPRM-Multi_Frq-BioZ-Research/build/user-cli.o
                0x100019d0                handle_del
 .text.handle_fatfs
                0x100019ec       0x1c C:/Users/oscar/OneDrive/Desktop/Work/UPRM-Multi_Frq-BioZ-Research/build/user-cli.o
                0x100019ec                handle_fatfs
 .text.handle_unmount
                0x10001a08       0x1c C:/Users/oscar/OneDrive/Desktop/Work/UPRM-Multi_Frq-BioZ-Research/build/user-cli.o
                0x10001a08                handle_unmount
 .text.ext_flash_clock
                0x10001a24       0x70 C:/Users/oscar/OneDrive/Desktop/Work/UPRM-Multi_Frq-BioZ-Research/build/board.o
 .text.ext_flash_board_init
                0x10001a94       0x80 C:/Users/oscar/OneDrive/Desktop/Work/UPRM-Multi_Frq-BioZ-Research/build/board.o
 .text.ext_flash_board_write
                0x10001b14      0x11c C:/Users/oscar/OneDrive/Desktop/Work/UPRM-Multi_Frq-BioZ-Research/build/board.o
 .text.ext_flash_board_read
                0x10001c30      0x11c C:/Users/oscar/OneDrive/Desktop/Work/UPRM-Multi_Frq-BioZ-Research/build/board.o
 .text.GPIO0_IRQHandler
                0x10001d4c        0x8 C:/Users/oscar/OneDrive/Desktop/Work/UPRM-Multi_Frq-BioZ-Research/build/board.o
                0x10001d4c                GPIO0_IRQHandler
 .text.mxc_assert
                0x10001d54       0x10 C:/Users/oscar/OneDrive/Desktop/Work/UPRM-Multi_Frq-BioZ-Research/build/board.o
                0x10001d54                mxc_assert
 .text.Board_Init
                0x10001d64       0x78 C:/Users/oscar/OneDrive/Desktop/Work/UPRM-Multi_Frq-BioZ-Research/build/board.o
                0x10001d64                Board_Init
 .text.NMI_Handler
                0x10001ddc        0x4 C:/Users/oscar/OneDrive/Desktop/Work/UPRM-Multi_Frq-BioZ-Research/build/board.o
                0x10001ddc                NMI_Handler
 .text.SD_Power
                0x10001de0       0x44 C:/Users/oscar/OneDrive/Desktop/Work/UPRM-Multi_Frq-BioZ-Research/build/board.o
                0x10001de0                SD_Power
 .text.SD_Get_Connections
                0x10001e24       0x1c C:/Users/oscar/OneDrive/Desktop/Work/UPRM-Multi_Frq-BioZ-Research/build/board.o
                0x10001e24                SD_Get_Connections
 .text._close   0x10001e40        0x8 C:/Users/oscar/OneDrive/Desktop/Work/UPRM-Multi_Frq-BioZ-Research/build/stdio.o
                0x10001e40                _close
 .text._isatty  0x10001e48        0x8 C:/Users/oscar/OneDrive/Desktop/Work/UPRM-Multi_Frq-BioZ-Research/build/stdio.o
                0x10001e48                _isatty
 .text._lseek   0x10001e50        0x8 C:/Users/oscar/OneDrive/Desktop/Work/UPRM-Multi_Frq-BioZ-Research/build/stdio.o
                0x10001e50                _lseek
 .text._fstat   0x10001e58        0x8 C:/Users/oscar/OneDrive/Desktop/Work/UPRM-Multi_Frq-BioZ-Research/build/stdio.o
                0x10001e58                _fstat
 .text._read    0x10001e60       0x50 C:/Users/oscar/OneDrive/Desktop/Work/UPRM-Multi_Frq-BioZ-Research/build/stdio.o
                0x10001e60                _read
 .text._write   0x10001eb0       0x54 C:/Users/oscar/OneDrive/Desktop/Work/UPRM-Multi_Frq-BioZ-Research/build/stdio.o
                0x10001eb0                _write
 .text.LED_Init
                0x10001f04       0x40 C:/Users/oscar/OneDrive/Desktop/Work/UPRM-Multi_Frq-BioZ-Research/build/led.o
                0x10001f04                LED_Init
 .text.PB_Init  0x10001f44       0x60 C:/Users/oscar/OneDrive/Desktop/Work/UPRM-Multi_Frq-BioZ-Research/build/pb.o
                0x10001f44                PB_Init
 .text.Ext_Flash_Configure
                0x10001fa4       0x28 C:/Users/oscar/OneDrive/Desktop/Work/UPRM-Multi_Frq-BioZ-Research/build/w25.o
                0x10001fa4                Ext_Flash_Configure
 .text.handle_help
                0x10001fcc       0x50 C:/Users/oscar/OneDrive/Desktop/Work/UPRM-Multi_Frq-BioZ-Research/build/cli.o
                0x10001fcc                handle_help
 .text.MXC_CLI_Handler
                0x1000201c       0x10 C:/Users/oscar/OneDrive/Desktop/Work/UPRM-Multi_Frq-BioZ-Research/build/cli.o
                0x1000201c                MXC_CLI_Handler
 .text.process_command
                0x1000202c       0xd8 C:/Users/oscar/OneDrive/Desktop/Work/UPRM-Multi_Frq-BioZ-Research/build/cli.o
                0x1000202c                process_command
 .text.line_accumulator
                0x10002104       0x98 C:/Users/oscar/OneDrive/Desktop/Work/UPRM-Multi_Frq-BioZ-Research/build/cli.o
                0x10002104                line_accumulator
 .text.CLI_Callback
                0x1000219c       0x20 C:/Users/oscar/OneDrive/Desktop/Work/UPRM-Multi_Frq-BioZ-Research/build/cli.o
                0x1000219c                CLI_Callback
 .text.MXC_CLI_Init
                0x100021bc      0x134 C:/Users/oscar/OneDrive/Desktop/Work/UPRM-Multi_Frq-BioZ-Research/build/cli.o
                0x100021bc                MXC_CLI_Init
 .text          0x100022f0      0x154 C:/Users/oscar/OneDrive/Desktop/Work/UPRM-Multi_Frq-BioZ-Research/build/startup_max32655.o
                0x100022f0                Reset_Handler
                0x1000232e                HardFault_Handler
                0x10002330                MemManage_Handler
                0x10002332                BusFault_Handler
                0x10002334                UsageFault_Handler
                0x10002336                SVC_Handler
                0x10002338                DebugMon_Handler
                0x1000233a                PendSV_Handler
                0x1000233c                SysTick_Handler
                0x1000233e                Default_Handler
                0x10002340                PF_IRQHandler
                0x10002342                WDT0_IRQHandler
                0x10002344                RSV02_IRQHandler
                0x10002346                RTC_IRQHandler
                0x10002348                TRNG_IRQHandler
                0x1000234a                TMR0_IRQHandler
                0x1000234c                TMR1_IRQHandler
                0x1000234e                TMR2_IRQHandler
                0x10002350                TMR3_IRQHandler
                0x10002352                TMR4_IRQHandler
                0x10002354                TMR5_IRQHandler
                0x10002356                RSV11_IRQHandler
                0x10002358                RSV12_IRQHandler
                0x1000235a                I2C0_IRQHandler
                0x1000235c                UART0_IRQHandler
                0x1000235e                UART1_IRQHandler
                0x10002360                SPI1_IRQHandler
                0x10002362                RSV17_IRQHandler
                0x10002364                RSV18_IRQHandler
                0x10002366                RSV19_IRQHandler
                0x10002368                ADC_IRQHandler
                0x1000236a                RSV21_IRQHandler
                0x1000236c                RSV22_IRQHandler
                0x1000236e                FLC0_IRQHandler
                0x10002372                GPIO1_IRQHandler
                0x10002374                GPIO2_IRQHandler
                0x10002376                RSV27_IRQHandler
                0x10002378                DMA0_IRQHandler
                0x1000237a                DMA1_IRQHandler
                0x1000237c                DMA2_IRQHandler
                0x1000237e                DMA3_IRQHandler
                0x10002380                RSV32_IRQHandler
                0x10002382                RSV33_IRQHandler
                0x10002384                UART2_IRQHandler
                0x10002386                RSV35_IRQHandler
                0x10002388                I2C1_IRQHandler
                0x1000238a                RSV37_IRQHandler
                0x1000238c                RSV38_IRQHandler
                0x1000238e                BTLE_TX_DONE_IRQHandler
                0x10002390                BTLE_RX_RCVD_IRQHandler
                0x10002392                BTLE_RX_ENG_DET_IRQHandler
                0x10002394                BTLE_SFD_DET_IRQHandler
                0x10002396                BTLE_SFD_TO_IRQHandler
                0x10002398                BTLE_GP_EVENT_IRQHandler
                0x1000239a                BTLE_CFO_IRQHandler
                0x1000239c                BTLE_SIG_DET_IRQHandler
                0x1000239e                BTLE_AGC_EVENT_IRQHandler
                0x100023a0                BTLE_RFFE_SPIM_IRQHandler
                0x100023a2                BTLE_TX_AES_IRQHandler
                0x100023a4                BTLE_RX_AES_IRQHandler
                0x100023a6                BTLE_INV_APB_ADDR_IRQHandler
                0x100023a8                BTLE_IQ_DATA_VALID_IRQHandler
                0x100023aa                WUT0_IRQHandler
                0x100023ac                GPIOWAKE_IRQHandler
                0x100023ae                RSV55_IRQHandler
                0x100023b0                SPI0_IRQHandler
                0x100023b2                WDT1_IRQHandler
                0x100023b4                RSV57_IRQHandler
                0x100023b6                PT_IRQHandler
                0x100023b8                RSV60_IRQHandler
                0x100023ba                RSV61_IRQHandler
                0x100023bc                I2C2_IRQHandler
                0x100023be                RISCV_IRQHandler
                0x100023c0                RSV64_IRQHandler
                0x100023c2                RSV65_IRQHandler
                0x100023c4                RSV66_IRQHandler
                0x100023c6                OWM_IRQHandler
                0x100023c8                RSV68_IRQHandler
                0x100023ca                RSV69_IRQHandler
                0x100023cc                RSV70_IRQHandler
                0x100023ce                RSV71_IRQHandler
                0x100023d0                RSV72_IRQHandler
                0x100023d2                RSV73_IRQHandler
                0x100023d4                RSV74_IRQHandler
                0x100023d6                RSV75_IRQHandler
                0x100023d8                RSV76_IRQHandler
                0x100023da                RSV77_IRQHandler
                0x100023dc                RSV78_IRQHandler
                0x100023de                RSV79_IRQHandler
                0x100023e0                RSV80_IRQHandler
                0x100023e2                RSV81_IRQHandler
                0x100023e4                ECC_IRQHandler
                0x100023e6                DVS_IRQHandler
                0x100023e8                SIMO_IRQHandler
                0x100023ea                RSV85_IRQHandler
                0x100023ec                RSV86_IRQHandler
                0x100023ee                RSV87_IRQHandler
                0x100023f0                UART3_IRQHandler
                0x100023f2                RSV89_IRQHandler
                0x100023f4                RSV90_IRQHandler
                0x100023f6                RSV91_IRQHandler
                0x100023f8                RSV92_IRQHandler
                0x100023fa                RSV93_IRQHandler
                0x100023fc                RSV94_IRQHandler
                0x100023fe                RSV95_IRQHandler
                0x10002400                RSV96_IRQHandler
                0x10002402                AES_IRQHandler
                0x10002404                CRC_IRQHandler
                0x10002406                I2S_IRQHandler
                0x10002408                RSV116_IRQHandler
                0x1000240a                RSV117_IRQHandler
                0x1000240c                RSV118_IRQHandler
                0x1000240e                LPCMP_IRQHandler
                0x10002410                RSV120_IRQHandler
                0x10002412                RSV121_IRQHandler
                0x10002414                RSV122_IRQHandler
                0x10002416                RSV123_IRQHandler
                0x10002418                RSV124_IRQHandler
                0x1000241a                WUT1_IRQHandler
 .text._sbrk    0x10002444       0x3c C:/Users/oscar/OneDrive/Desktop/Work/UPRM-Multi_Frq-BioZ-Research/build/heap.o
                0x10002444                _sbrk
 .text._getpid  0x10002480        0x8 C:/Users/oscar/OneDrive/Desktop/Work/UPRM-Multi_Frq-BioZ-Research/build/system_max32655.o
                0x10002480                _getpid
 .text._kill    0x10002488        0x8 C:/Users/oscar/OneDrive/Desktop/Work/UPRM-Multi_Frq-BioZ-Research/build/system_max32655.o
                0x10002488                _kill
 .text.SystemCoreClockUpdate
                0x10002490       0x74 C:/Users/oscar/OneDrive/Desktop/Work/UPRM-Multi_Frq-BioZ-Research/build/system_max32655.o
                0x10002490                SystemCoreClockUpdate
 .text.PreInit  0x10002504       0x40 C:/Users/oscar/OneDrive/Desktop/Work/UPRM-Multi_Frq-BioZ-Research/build/system_max32655.o
                0x10002504                PreInit
 .text.PinInit  0x10002544        0x4 C:/Users/oscar/OneDrive/Desktop/Work/UPRM-Multi_Frq-BioZ-Research/build/system_max32655.o
                0x10002544                PinInit
 .text.PalSysInit
                0x10002548        0x4 C:/Users/oscar/OneDrive/Desktop/Work/UPRM-Multi_Frq-BioZ-Research/build/system_max32655.o
                0x10002548                PalSysInit
 .text.SystemInit
                0x1000254c       0x80 C:/Users/oscar/OneDrive/Desktop/Work/UPRM-Multi_Frq-BioZ-Research/build/system_max32655.o
                0x1000254c                SystemInit
 .text.MXC_DelayInit
                0x100025cc       0x84 C:/MaximSDK/Libraries/PeriphDrivers/bin/MAX32655/spi-v1_softfp/libPeriphDriver_spi-v1_softfp.a(mxc_delay.o)
 .text.MXC_DelayAsync
                0x10002650       0x44 C:/MaximSDK/Libraries/PeriphDrivers/bin/MAX32655/spi-v1_softfp/libPeriphDriver_spi-v1_softfp.a(mxc_delay.o)
                0x10002650                MXC_DelayAsync
 .text.MXC_DelayAbort
                0x10002694       0x34 C:/MaximSDK/Libraries/PeriphDrivers/bin/MAX32655/spi-v1_softfp/libPeriphDriver_spi-v1_softfp.a(mxc_delay.o)
                0x10002694                MXC_DelayAbort
 .text.MXC_DelayCheck
                0x100026c8       0x64 C:/MaximSDK/Libraries/PeriphDrivers/bin/MAX32655/spi-v1_softfp/libPeriphDriver_spi-v1_softfp.a(mxc_delay.o)
                0x100026c8                MXC_DelayCheck
 .text.MXC_Delay
                0x1000272c       0x58 C:/MaximSDK/Libraries/PeriphDrivers/bin/MAX32655/spi-v1_softfp/libPeriphDriver_spi-v1_softfp.a(mxc_delay.o)
                0x1000272c                MXC_Delay
 .text.NVIC_SetRAM
                0x10002784       0x24 C:/MaximSDK/Libraries/PeriphDrivers/bin/MAX32655/spi-v1_softfp/libPeriphDriver_spi-v1_softfp.a(nvic_table.o)
                0x10002784                NVIC_SetRAM
 .text.MXC_NVIC_SetVector
                0x100027a8       0x44 C:/MaximSDK/Libraries/PeriphDrivers/bin/MAX32655/spi-v1_softfp/libPeriphDriver_spi-v1_softfp.a(nvic_table.o)
                0x100027a8                MXC_NVIC_SetVector
 .text.MXC_SYS_ClockDisable
                0x100027ec       0x48 C:/MaximSDK/Libraries/PeriphDrivers/bin/MAX32655/spi-v1_softfp/libPeriphDriver_spi-v1_softfp.a(sys_me17.o)
                0x100027ec                MXC_SYS_ClockDisable
 .text.MXC_SYS_ClockEnable
                0x10002834       0x50 C:/MaximSDK/Libraries/PeriphDrivers/bin/MAX32655/spi-v1_softfp/libPeriphDriver_spi-v1_softfp.a(sys_me17.o)
                0x10002834                MXC_SYS_ClockEnable
 .text.MXC_SYS_Clock_Timeout
                0x10002884       0x30 C:/MaximSDK/Libraries/PeriphDrivers/bin/MAX32655/spi-v1_softfp/libPeriphDriver_spi-v1_softfp.a(sys_me17.o)
                0x10002884                MXC_SYS_Clock_Timeout
 .text.MXC_SYS_ClockSourceEnable
                0x100028b4       0x9c C:/MaximSDK/Libraries/PeriphDrivers/bin/MAX32655/spi-v1_softfp/libPeriphDriver_spi-v1_softfp.a(sys_me17.o)
                0x100028b4                MXC_SYS_ClockSourceEnable
 .text.MXC_SYS_Clock_Select
                0x10002950      0x19c C:/MaximSDK/Libraries/PeriphDrivers/bin/MAX32655/spi-v1_softfp/libPeriphDriver_spi-v1_softfp.a(sys_me17.o)
                0x10002950                MXC_SYS_Clock_Select
 .text.MXC_SYS_GetClockDiv
                0x10002aec        0xc C:/MaximSDK/Libraries/PeriphDrivers/bin/MAX32655/spi-v1_softfp/libPeriphDriver_spi-v1_softfp.a(sys_me17.o)
                0x10002aec                MXC_SYS_GetClockDiv
 .text.MXC_SYS_SetClockDiv
                0x10002af8       0x24 C:/MaximSDK/Libraries/PeriphDrivers/bin/MAX32655/spi-v1_softfp/libPeriphDriver_spi-v1_softfp.a(sys_me17.o)
                0x10002af8                MXC_SYS_SetClockDiv
 .text.MXC_SYS_Reset_Periph
                0x10002b1c       0x58 C:/MaximSDK/Libraries/PeriphDrivers/bin/MAX32655/spi-v1_softfp/libPeriphDriver_spi-v1_softfp.a(sys_me17.o)
                0x10002b1c                MXC_SYS_Reset_Periph
 .text.MXC_DMA_RevA_ReleaseChannel
                0x10002b74       0x60 C:/MaximSDK/Libraries/PeriphDrivers/bin/MAX32655/spi-v1_softfp/libPeriphDriver_spi-v1_softfp.a(dma_reva.o)
                0x10002b74                MXC_DMA_RevA_ReleaseChannel
 .text.MXC_GPIO_Init
                0x10002bd4       0x36 C:/MaximSDK/Libraries/PeriphDrivers/bin/MAX32655/spi-v1_softfp/libPeriphDriver_spi-v1_softfp.a(gpio_me17.o)
                0x10002bd4                MXC_GPIO_Init
 *fill*         0x10002c0a        0x2 
 .text.MXC_GPIO_InGet
                0x10002c0c       0x3c C:/MaximSDK/Libraries/PeriphDrivers/bin/MAX32655/spi-v1_softfp/libPeriphDriver_spi-v1_softfp.a(gpio_me17.o)
                0x10002c0c                MXC_GPIO_InGet
 .text.MXC_GPIO_OutSet
                0x10002c48       0x2c C:/MaximSDK/Libraries/PeriphDrivers/bin/MAX32655/spi-v1_softfp/libPeriphDriver_spi-v1_softfp.a(gpio_me17.o)
                0x10002c48                MXC_GPIO_OutSet
 .text.MXC_GPIO_OutClr
                0x10002c74       0x30 C:/MaximSDK/Libraries/PeriphDrivers/bin/MAX32655/spi-v1_softfp/libPeriphDriver_spi-v1_softfp.a(gpio_me17.o)
                0x10002c74                MXC_GPIO_OutClr
 .text.MXC_GPIO_Handler
                0x10002ca4        0x8 C:/MaximSDK/Libraries/PeriphDrivers/bin/MAX32655/spi-v1_softfp/libPeriphDriver_spi-v1_softfp.a(gpio_me17.o)
                0x10002ca4                MXC_GPIO_Handler
 .text.MXC_GPIO_ClearFlags
                0x10002cac       0x1c C:/MaximSDK/Libraries/PeriphDrivers/bin/MAX32655/spi-v1_softfp/libPeriphDriver_spi-v1_softfp.a(gpio_me17.o)
                0x10002cac                MXC_GPIO_ClearFlags
 .text.MXC_GPIO_GetFlags
                0x10002cc8       0x1c C:/MaximSDK/Libraries/PeriphDrivers/bin/MAX32655/spi-v1_softfp/libPeriphDriver_spi-v1_softfp.a(gpio_me17.o)
                0x10002cc8                MXC_GPIO_GetFlags
 .text.MXC_GPIO_SetVSSEL
                0x10002ce4       0x20 C:/MaximSDK/Libraries/PeriphDrivers/bin/MAX32655/spi-v1_softfp/libPeriphDriver_spi-v1_softfp.a(gpio_me17.o)
                0x10002ce4                MXC_GPIO_SetVSSEL
 .text.MXC_GPIO_SetDriveStrength
                0x10002d04        0x8 C:/MaximSDK/Libraries/PeriphDrivers/bin/MAX32655/spi-v1_softfp/libPeriphDriver_spi-v1_softfp.a(gpio_me17.o)
                0x10002d04                MXC_GPIO_SetDriveStrength
 .text.MXC_GPIO_GetConfigLock
                0x10002d0c        0x8 C:/MaximSDK/Libraries/PeriphDrivers/bin/MAX32655/spi-v1_softfp/libPeriphDriver_spi-v1_softfp.a(gpio_me17.o)
                0x10002d0c                MXC_GPIO_GetConfigLock
 .text.MXC_GPIO_Config
                0x10002d14      0x290 C:/MaximSDK/Libraries/PeriphDrivers/bin/MAX32655/spi-v1_softfp/libPeriphDriver_spi-v1_softfp.a(gpio_me17.o)
                0x10002d14                MXC_GPIO_Config
 .text.MXC_GPIO_RevA_InGet
                0x10002fa4        0x6 C:/MaximSDK/Libraries/PeriphDrivers/bin/MAX32655/spi-v1_softfp/libPeriphDriver_spi-v1_softfp.a(gpio_reva.o)
                0x10002fa4                MXC_GPIO_RevA_InGet
 .text.MXC_GPIO_RevA_OutSet
                0x10002faa        0x4 C:/MaximSDK/Libraries/PeriphDrivers/bin/MAX32655/spi-v1_softfp/libPeriphDriver_spi-v1_softfp.a(gpio_reva.o)
                0x10002faa                MXC_GPIO_RevA_OutSet
 .text.MXC_GPIO_RevA_OutClr
                0x10002fae        0x4 C:/MaximSDK/Libraries/PeriphDrivers/bin/MAX32655/spi-v1_softfp/libPeriphDriver_spi-v1_softfp.a(gpio_reva.o)
                0x10002fae                MXC_GPIO_RevA_OutClr
 .text.MXC_GPIO_RevA_ClearFlags
                0x10002fb2        0x4 C:/MaximSDK/Libraries/PeriphDrivers/bin/MAX32655/spi-v1_softfp/libPeriphDriver_spi-v1_softfp.a(gpio_reva.o)
                0x10002fb2                MXC_GPIO_RevA_ClearFlags
 .text.MXC_GPIO_RevA_GetFlags
                0x10002fb6        0x4 C:/MaximSDK/Libraries/PeriphDrivers/bin/MAX32655/spi-v1_softfp/libPeriphDriver_spi-v1_softfp.a(gpio_reva.o)
                0x10002fb6                MXC_GPIO_RevA_GetFlags
 .text.MXC_GPIO_RevA_SetVSSEL
                0x10002fba       0x3e C:/MaximSDK/Libraries/PeriphDrivers/bin/MAX32655/spi-v1_softfp/libPeriphDriver_spi-v1_softfp.a(gpio_reva.o)
                0x10002fba                MXC_GPIO_RevA_SetVSSEL
 .text.MXC_GPIO_RevA_SetAF
                0x10002ff8       0x88 C:/MaximSDK/Libraries/PeriphDrivers/bin/MAX32655/spi-v1_softfp/libPeriphDriver_spi-v1_softfp.a(gpio_reva.o)
                0x10002ff8                MXC_GPIO_RevA_SetAF
 .text.MXC_GPIO_RevA_SetDriveStrength
                0x10003080       0x98 C:/MaximSDK/Libraries/PeriphDrivers/bin/MAX32655/spi-v1_softfp/libPeriphDriver_spi-v1_softfp.a(gpio_reva.o)
                0x10003080                MXC_GPIO_RevA_SetDriveStrength
 .text.MXC_ICC_Enable
                0x10003118        0x8 C:/MaximSDK/Libraries/PeriphDrivers/bin/MAX32655/spi-v1_softfp/libPeriphDriver_spi-v1_softfp.a(icc_me17.o)
                0x10003118                MXC_ICC_Enable
 .text.MXC_ICC_Ready
                0x10003120        0xa C:/MaximSDK/Libraries/PeriphDrivers/bin/MAX32655/spi-v1_softfp/libPeriphDriver_spi-v1_softfp.a(icc_reva.o)
 .text.MXC_ICC_RevA_Enable
                0x1000312a       0x38 C:/MaximSDK/Libraries/PeriphDrivers/bin/MAX32655/spi-v1_softfp/libPeriphDriver_spi-v1_softfp.a(icc_reva.o)
                0x1000312a                MXC_ICC_RevA_Enable
 *fill*         0x10003162        0x2 
 .text.MXC_SIMO_SetVregO_A
                0x10003164       0x10 C:/MaximSDK/Libraries/PeriphDrivers/bin/MAX32655/spi-v1_softfp/libPeriphDriver_spi-v1_softfp.a(simo_me17.o)
                0x10003164                MXC_SIMO_SetVregO_A
 .text.MXC_SIMO_SetVregO_B
                0x10003174       0x10 C:/MaximSDK/Libraries/PeriphDrivers/bin/MAX32655/spi-v1_softfp/libPeriphDriver_spi-v1_softfp.a(simo_me17.o)
                0x10003174                MXC_SIMO_SetVregO_B
 .text.MXC_SIMO_SetVregO_C
                0x10003184       0x10 C:/MaximSDK/Libraries/PeriphDrivers/bin/MAX32655/spi-v1_softfp/libPeriphDriver_spi-v1_softfp.a(simo_me17.o)
                0x10003184                MXC_SIMO_SetVregO_C
 .text.MXC_SIMO_GetOutReadyA
                0x10003194       0x10 C:/MaximSDK/Libraries/PeriphDrivers/bin/MAX32655/spi-v1_softfp/libPeriphDriver_spi-v1_softfp.a(simo_me17.o)
                0x10003194                MXC_SIMO_GetOutReadyA
 .text.MXC_SIMO_GetOutReadyB
                0x100031a4       0x10 C:/MaximSDK/Libraries/PeriphDrivers/bin/MAX32655/spi-v1_softfp/libPeriphDriver_spi-v1_softfp.a(simo_me17.o)
                0x100031a4                MXC_SIMO_GetOutReadyB
 .text.MXC_SIMO_GetOutReadyC
                0x100031b4       0x10 C:/MaximSDK/Libraries/PeriphDrivers/bin/MAX32655/spi-v1_softfp/libPeriphDriver_spi-v1_softfp.a(simo_me17.o)
                0x100031b4                MXC_SIMO_GetOutReadyC
 .text.MXC_SIMO_RevA_SetVregO_A
                0x100031c4       0x30 C:/MaximSDK/Libraries/PeriphDrivers/bin/MAX32655/spi-v1_softfp/libPeriphDriver_spi-v1_softfp.a(simo_reva.o)
                0x100031c4                MXC_SIMO_RevA_SetVregO_A
 .text.MXC_SIMO_RevA_SetVregO_B
                0x100031f4       0x30 C:/MaximSDK/Libraries/PeriphDrivers/bin/MAX32655/spi-v1_softfp/libPeriphDriver_spi-v1_softfp.a(simo_reva.o)
                0x100031f4                MXC_SIMO_RevA_SetVregO_B
 .text.MXC_SIMO_RevA_SetVregO_C
                0x10003224       0x30 C:/MaximSDK/Libraries/PeriphDrivers/bin/MAX32655/spi-v1_softfp/libPeriphDriver_spi-v1_softfp.a(simo_reva.o)
                0x10003224                MXC_SIMO_RevA_SetVregO_C
 .text.MXC_SIMO_RevA_GetOutReadyA
                0x10003254       0x12 C:/MaximSDK/Libraries/PeriphDrivers/bin/MAX32655/spi-v1_softfp/libPeriphDriver_spi-v1_softfp.a(simo_reva.o)
                0x10003254                MXC_SIMO_RevA_GetOutReadyA
 .text.MXC_SIMO_RevA_GetOutReadyB
                0x10003266       0x12 C:/MaximSDK/Libraries/PeriphDrivers/bin/MAX32655/spi-v1_softfp/libPeriphDriver_spi-v1_softfp.a(simo_reva.o)
                0x10003266                MXC_SIMO_RevA_GetOutReadyB
 .text.MXC_SIMO_RevA_GetOutReadyC
                0x10003278       0x12 C:/MaximSDK/Libraries/PeriphDrivers/bin/MAX32655/spi-v1_softfp/libPeriphDriver_spi-v1_softfp.a(simo_reva.o)
                0x10003278                MXC_SIMO_RevA_GetOutReadyC
 *fill*         0x1000328a        0x2 
 .text.MXC_SPI_Init
                0x1000328c      0x214 C:/MaximSDK/Libraries/PeriphDrivers/bin/MAX32655/spi-v1_softfp/libPeriphDriver_spi-v1_softfp.a(spi_me17.o)
                0x1000328c                MXC_SPI_Init
 .text.MXC_SPI_Shutdown
                0x100034a0       0x58 C:/MaximSDK/Libraries/PeriphDrivers/bin/MAX32655/spi-v1_softfp/libPeriphDriver_spi-v1_softfp.a(spi_me17.o)
                0x100034a0                MXC_SPI_Shutdown
 .text.MXC_SPI_GetPeripheralClock
                0x100034f8       0x7c C:/MaximSDK/Libraries/PeriphDrivers/bin/MAX32655/spi-v1_softfp/libPeriphDriver_spi-v1_softfp.a(spi_me17.o)
                0x100034f8                MXC_SPI_GetPeripheralClock
 .text.MXC_SPI_SetFrequency
                0x10003574        0x8 C:/MaximSDK/Libraries/PeriphDrivers/bin/MAX32655/spi-v1_softfp/libPeriphDriver_spi-v1_softfp.a(spi_me17.o)
                0x10003574                MXC_SPI_SetFrequency
 .text.MXC_SPI_SetDataSize
                0x1000357c        0x8 C:/MaximSDK/Libraries/PeriphDrivers/bin/MAX32655/spi-v1_softfp/libPeriphDriver_spi-v1_softfp.a(spi_me17.o)
                0x1000357c                MXC_SPI_SetDataSize
 .text.MXC_SPI_GetDataSize
                0x10003584        0x8 C:/MaximSDK/Libraries/PeriphDrivers/bin/MAX32655/spi-v1_softfp/libPeriphDriver_spi-v1_softfp.a(spi_me17.o)
                0x10003584                MXC_SPI_GetDataSize
 .text.MXC_SPI_SetSlave
                0x1000358c        0x8 C:/MaximSDK/Libraries/PeriphDrivers/bin/MAX32655/spi-v1_softfp/libPeriphDriver_spi-v1_softfp.a(spi_me17.o)
                0x1000358c                MXC_SPI_SetSlave
 .text.MXC_SPI_SetWidth
                0x10003594        0x8 C:/MaximSDK/Libraries/PeriphDrivers/bin/MAX32655/spi-v1_softfp/libPeriphDriver_spi-v1_softfp.a(spi_me17.o)
                0x10003594                MXC_SPI_SetWidth
 .text.MXC_SPI_GetWidth
                0x1000359c        0x8 C:/MaximSDK/Libraries/PeriphDrivers/bin/MAX32655/spi-v1_softfp/libPeriphDriver_spi-v1_softfp.a(spi_me17.o)
                0x1000359c                MXC_SPI_GetWidth
 .text.MXC_SPI_SetMode
                0x100035a4        0x8 C:/MaximSDK/Libraries/PeriphDrivers/bin/MAX32655/spi-v1_softfp/libPeriphDriver_spi-v1_softfp.a(spi_me17.o)
                0x100035a4                MXC_SPI_SetMode
 .text.MXC_SPI_StartTransmission
                0x100035ac        0x8 C:/MaximSDK/Libraries/PeriphDrivers/bin/MAX32655/spi-v1_softfp/libPeriphDriver_spi-v1_softfp.a(spi_me17.o)
                0x100035ac                MXC_SPI_StartTransmission
 .text.MXC_SPI_GetActive
                0x100035b4        0x8 C:/MaximSDK/Libraries/PeriphDrivers/bin/MAX32655/spi-v1_softfp/libPeriphDriver_spi-v1_softfp.a(spi_me17.o)
                0x100035b4                MXC_SPI_GetActive
 .text.MXC_SPI_ReadRXFIFO
                0x100035bc        0x8 C:/MaximSDK/Libraries/PeriphDrivers/bin/MAX32655/spi-v1_softfp/libPeriphDriver_spi-v1_softfp.a(spi_me17.o)
                0x100035bc                MXC_SPI_ReadRXFIFO
 .text.MXC_SPI_GetRXFIFOAvailable
                0x100035c4        0x8 C:/MaximSDK/Libraries/PeriphDrivers/bin/MAX32655/spi-v1_softfp/libPeriphDriver_spi-v1_softfp.a(spi_me17.o)
                0x100035c4                MXC_SPI_GetRXFIFOAvailable
 .text.MXC_SPI_WriteTXFIFO
                0x100035cc        0x8 C:/MaximSDK/Libraries/PeriphDrivers/bin/MAX32655/spi-v1_softfp/libPeriphDriver_spi-v1_softfp.a(spi_me17.o)
                0x100035cc                MXC_SPI_WriteTXFIFO
 .text.MXC_SPI_GetTXFIFOAvailable
                0x100035d4        0x8 C:/MaximSDK/Libraries/PeriphDrivers/bin/MAX32655/spi-v1_softfp/libPeriphDriver_spi-v1_softfp.a(spi_me17.o)
                0x100035d4                MXC_SPI_GetTXFIFOAvailable
 .text.MXC_SPI_SetRXThreshold
                0x100035dc        0x8 C:/MaximSDK/Libraries/PeriphDrivers/bin/MAX32655/spi-v1_softfp/libPeriphDriver_spi-v1_softfp.a(spi_me17.o)
                0x100035dc                MXC_SPI_SetRXThreshold
 .text.MXC_SPI_SetTXThreshold
                0x100035e4        0x8 C:/MaximSDK/Libraries/PeriphDrivers/bin/MAX32655/spi-v1_softfp/libPeriphDriver_spi-v1_softfp.a(spi_me17.o)
                0x100035e4                MXC_SPI_SetTXThreshold
 .text.MXC_SPI_MasterTransaction
                0x100035ec        0x8 C:/MaximSDK/Libraries/PeriphDrivers/bin/MAX32655/spi-v1_softfp/libPeriphDriver_spi-v1_softfp.a(spi_me17.o)
                0x100035ec                MXC_SPI_MasterTransaction
 .text.MXC_SPI_SetDefaultTXData
                0x100035f4        0x8 C:/MaximSDK/Libraries/PeriphDrivers/bin/MAX32655/spi-v1_softfp/libPeriphDriver_spi-v1_softfp.a(spi_me17.o)
                0x100035f4                MXC_SPI_SetDefaultTXData
 .text.MXC_SPI_RevA1_TransSetup
                0x100035fc      0x1c4 C:/MaximSDK/Libraries/PeriphDrivers/bin/MAX32655/spi-v1_softfp/libPeriphDriver_spi-v1_softfp.a(spi_reva1.o)
 .text.MXC_SPI_RevA1_TransHandler
                0x100037c0      0x18c C:/MaximSDK/Libraries/PeriphDrivers/bin/MAX32655/spi-v1_softfp/libPeriphDriver_spi-v1_softfp.a(spi_reva1.o)
 .text.MXC_SPI_RevA1_MasterTransHandler
                0x1000394c       0x98 C:/MaximSDK/Libraries/PeriphDrivers/bin/MAX32655/spi-v1_softfp/libPeriphDriver_spi-v1_softfp.a(spi_reva1.o)
 .text.MXC_SPI_RevA1_Init
                0x100039e4      0x104 C:/MaximSDK/Libraries/PeriphDrivers/bin/MAX32655/spi-v1_softfp/libPeriphDriver_spi-v1_softfp.a(spi_reva1.o)
                0x100039e4                MXC_SPI_RevA1_Init
 .text.MXC_SPI_RevA1_Shutdown
                0x10003ae8       0xc8 C:/MaximSDK/Libraries/PeriphDrivers/bin/MAX32655/spi-v1_softfp/libPeriphDriver_spi-v1_softfp.a(spi_reva1.o)
                0x10003ae8                MXC_SPI_RevA1_Shutdown
 .text.MXC_SPI_RevA1_SetFrequency
                0x10003bb0       0x84 C:/MaximSDK/Libraries/PeriphDrivers/bin/MAX32655/spi-v1_softfp/libPeriphDriver_spi-v1_softfp.a(spi_reva1.o)
                0x10003bb0                MXC_SPI_RevA1_SetFrequency
 .text.MXC_SPI_RevA1_SetDataSize
                0x10003c34       0x9c C:/MaximSDK/Libraries/PeriphDrivers/bin/MAX32655/spi-v1_softfp/libPeriphDriver_spi-v1_softfp.a(spi_reva1.o)
                0x10003c34                MXC_SPI_RevA1_SetDataSize
 .text.MXC_SPI_RevA1_GetDataSize
                0x10003cd0       0x14 C:/MaximSDK/Libraries/PeriphDrivers/bin/MAX32655/spi-v1_softfp/libPeriphDriver_spi-v1_softfp.a(spi_reva1.o)
                0x10003cd0                MXC_SPI_RevA1_GetDataSize
 .text.MXC_SPI_RevA1_SetSlave
                0x10003ce4       0x74 C:/MaximSDK/Libraries/PeriphDrivers/bin/MAX32655/spi-v1_softfp/libPeriphDriver_spi-v1_softfp.a(spi_reva1.o)
                0x10003ce4                MXC_SPI_RevA1_SetSlave
 .text.MXC_SPI_RevA1_SetWidth
                0x10003d58       0x3a C:/MaximSDK/Libraries/PeriphDrivers/bin/MAX32655/spi-v1_softfp/libPeriphDriver_spi-v1_softfp.a(spi_reva1.o)
                0x10003d58                MXC_SPI_RevA1_SetWidth
 .text.MXC_SPI_RevA1_GetWidth
                0x10003d92       0x28 C:/MaximSDK/Libraries/PeriphDrivers/bin/MAX32655/spi-v1_softfp/libPeriphDriver_spi-v1_softfp.a(spi_reva1.o)
                0x10003d92                MXC_SPI_RevA1_GetWidth
 .text.MXC_SPI_RevA1_SetMode
                0x10003dba       0x56 C:/MaximSDK/Libraries/PeriphDrivers/bin/MAX32655/spi-v1_softfp/libPeriphDriver_spi-v1_softfp.a(spi_reva1.o)
                0x10003dba                MXC_SPI_RevA1_SetMode
 .text.MXC_SPI_RevA1_StartTransmission
                0x10003e10       0x1a C:/MaximSDK/Libraries/PeriphDrivers/bin/MAX32655/spi-v1_softfp/libPeriphDriver_spi-v1_softfp.a(spi_reva1.o)
                0x10003e10                MXC_SPI_RevA1_StartTransmission
 .text.MXC_SPI_RevA1_GetActive
                0x10003e2a       0x12 C:/MaximSDK/Libraries/PeriphDrivers/bin/MAX32655/spi-v1_softfp/libPeriphDriver_spi-v1_softfp.a(spi_reva1.o)
                0x10003e2a                MXC_SPI_RevA1_GetActive
 .text.MXC_SPI_RevA1_ReadRXFIFO
                0x10003e3c       0x64 C:/MaximSDK/Libraries/PeriphDrivers/bin/MAX32655/spi-v1_softfp/libPeriphDriver_spi-v1_softfp.a(spi_reva1.o)
                0x10003e3c                MXC_SPI_RevA1_ReadRXFIFO
 .text.MXC_SPI_RevA1_GetRXFIFOAvailable
                0x10003ea0        0x8 C:/MaximSDK/Libraries/PeriphDrivers/bin/MAX32655/spi-v1_softfp/libPeriphDriver_spi-v1_softfp.a(spi_reva1.o)
                0x10003ea0                MXC_SPI_RevA1_GetRXFIFOAvailable
 .text.MXC_SPI_RevA1_WriteTXFIFO
                0x10003ea8       0x60 C:/MaximSDK/Libraries/PeriphDrivers/bin/MAX32655/spi-v1_softfp/libPeriphDriver_spi-v1_softfp.a(spi_reva1.o)
                0x10003ea8                MXC_SPI_RevA1_WriteTXFIFO
 .text.MXC_SPI_RevA1_GetTXFIFOAvailable
                0x10003f08        0xc C:/MaximSDK/Libraries/PeriphDrivers/bin/MAX32655/spi-v1_softfp/libPeriphDriver_spi-v1_softfp.a(spi_reva1.o)
                0x10003f08                MXC_SPI_RevA1_GetTXFIFOAvailable
 .text.MXC_SPI_RevA1_SetRXThreshold
                0x10003f14       0x1e C:/MaximSDK/Libraries/PeriphDrivers/bin/MAX32655/spi-v1_softfp/libPeriphDriver_spi-v1_softfp.a(spi_reva1.o)
                0x10003f14                MXC_SPI_RevA1_SetRXThreshold
 .text.MXC_SPI_RevA1_SetTXThreshold
                0x10003f32       0x1e C:/MaximSDK/Libraries/PeriphDrivers/bin/MAX32655/spi-v1_softfp/libPeriphDriver_spi-v1_softfp.a(spi_reva1.o)
                0x10003f32                MXC_SPI_RevA1_SetTXThreshold
 .text.MXC_SPI_RevA1_MasterTransaction
                0x10003f50       0x5c C:/MaximSDK/Libraries/PeriphDrivers/bin/MAX32655/spi-v1_softfp/libPeriphDriver_spi-v1_softfp.a(spi_reva1.o)
                0x10003f50                MXC_SPI_RevA1_MasterTransaction
 .text.MXC_SPI_RevA1_SetDefaultTXData
                0x10003fac       0x34 C:/MaximSDK/Libraries/PeriphDrivers/bin/MAX32655/spi-v1_softfp/libPeriphDriver_spi-v1_softfp.a(spi_reva1.o)
                0x10003fac                MXC_SPI_RevA1_SetDefaultTXData
 .text.MXC_UART_AsyncCallback
                0x10003fe0        0x8 C:/MaximSDK/Libraries/PeriphDrivers/bin/MAX32655/spi-v1_softfp/libPeriphDriver_spi-v1_softfp.a(uart_me17.o)
                0x10003fe0                MXC_UART_AsyncCallback
 .text.MXC_UART_AsyncStop
                0x10003fe8        0x8 C:/MaximSDK/Libraries/PeriphDrivers/bin/MAX32655/spi-v1_softfp/libPeriphDriver_spi-v1_softfp.a(uart_me17.o)
                0x10003fe8                MXC_UART_AsyncStop
 .text.MXC_UART_Shutdown
                0x10003ff0       0x70 C:/MaximSDK/Libraries/PeriphDrivers/bin/MAX32655/spi-v1_softfp/libPeriphDriver_spi-v1_softfp.a(uart_me17.o)
                0x10003ff0                MXC_UART_Shutdown
 .text.MXC_UART_SetFrequency
                0x10004060       0xa4 C:/MaximSDK/Libraries/PeriphDrivers/bin/MAX32655/spi-v1_softfp/libPeriphDriver_spi-v1_softfp.a(uart_me17.o)
                0x10004060                MXC_UART_SetFrequency
 .text.MXC_UART_SetDataSize
                0x10004104        0x8 C:/MaximSDK/Libraries/PeriphDrivers/bin/MAX32655/spi-v1_softfp/libPeriphDriver_spi-v1_softfp.a(uart_me17.o)
                0x10004104                MXC_UART_SetDataSize
 .text.MXC_UART_SetStopBits
                0x1000410c        0x8 C:/MaximSDK/Libraries/PeriphDrivers/bin/MAX32655/spi-v1_softfp/libPeriphDriver_spi-v1_softfp.a(uart_me17.o)
                0x1000410c                MXC_UART_SetStopBits
 .text.MXC_UART_SetParity
                0x10004114        0x8 C:/MaximSDK/Libraries/PeriphDrivers/bin/MAX32655/spi-v1_softfp/libPeriphDriver_spi-v1_softfp.a(uart_me17.o)
                0x10004114                MXC_UART_SetParity
 .text.MXC_UART_SetClockSource
                0x1000411c       0x8c C:/MaximSDK/Libraries/PeriphDrivers/bin/MAX32655/spi-v1_softfp/libPeriphDriver_spi-v1_softfp.a(uart_me17.o)
                0x1000411c                MXC_UART_SetClockSource
 .text.MXC_UART_GetClockSource
                0x100041a8       0x50 C:/MaximSDK/Libraries/PeriphDrivers/bin/MAX32655/spi-v1_softfp/libPeriphDriver_spi-v1_softfp.a(uart_me17.o)
                0x100041a8                MXC_UART_GetClockSource
 .text.MXC_UART_Init
                0x100041f8       0xa8 C:/MaximSDK/Libraries/PeriphDrivers/bin/MAX32655/spi-v1_softfp/libPeriphDriver_spi-v1_softfp.a(uart_me17.o)
                0x100041f8                MXC_UART_Init
 .text.MXC_UART_GetActive
                0x100042a0        0x8 C:/MaximSDK/Libraries/PeriphDrivers/bin/MAX32655/spi-v1_softfp/libPeriphDriver_spi-v1_softfp.a(uart_me17.o)
                0x100042a0                MXC_UART_GetActive
 .text.MXC_UART_ReadCharacterRaw
                0x100042a8        0x8 C:/MaximSDK/Libraries/PeriphDrivers/bin/MAX32655/spi-v1_softfp/libPeriphDriver_spi-v1_softfp.a(uart_me17.o)
                0x100042a8                MXC_UART_ReadCharacterRaw
 .text.MXC_UART_WriteCharacterRaw
                0x100042b0        0x8 C:/MaximSDK/Libraries/PeriphDrivers/bin/MAX32655/spi-v1_softfp/libPeriphDriver_spi-v1_softfp.a(uart_me17.o)
                0x100042b0                MXC_UART_WriteCharacterRaw
 .text.MXC_UART_ReadCharacter
                0x100042b8        0x8 C:/MaximSDK/Libraries/PeriphDrivers/bin/MAX32655/spi-v1_softfp/libPeriphDriver_spi-v1_softfp.a(uart_me17.o)
                0x100042b8                MXC_UART_ReadCharacter
 .text.MXC_UART_WriteCharacter
                0x100042c0        0x8 C:/MaximSDK/Libraries/PeriphDrivers/bin/MAX32655/spi-v1_softfp/libPeriphDriver_spi-v1_softfp.a(uart_me17.o)
                0x100042c0                MXC_UART_WriteCharacter
 .text.MXC_UART_ReadRXFIFO
                0x100042c8        0x8 C:/MaximSDK/Libraries/PeriphDrivers/bin/MAX32655/spi-v1_softfp/libPeriphDriver_spi-v1_softfp.a(uart_me17.o)
                0x100042c8                MXC_UART_ReadRXFIFO
 .text.MXC_UART_GetRXFIFOAvailable
                0x100042d0        0x8 C:/MaximSDK/Libraries/PeriphDrivers/bin/MAX32655/spi-v1_softfp/libPeriphDriver_spi-v1_softfp.a(uart_me17.o)
                0x100042d0                MXC_UART_GetRXFIFOAvailable
 .text.MXC_UART_WriteTXFIFO
                0x100042d8        0x8 C:/MaximSDK/Libraries/PeriphDrivers/bin/MAX32655/spi-v1_softfp/libPeriphDriver_spi-v1_softfp.a(uart_me17.o)
                0x100042d8                MXC_UART_WriteTXFIFO
 .text.MXC_UART_GetTXFIFOAvailable
                0x100042e0        0x8 C:/MaximSDK/Libraries/PeriphDrivers/bin/MAX32655/spi-v1_softfp/libPeriphDriver_spi-v1_softfp.a(uart_me17.o)
                0x100042e0                MXC_UART_GetTXFIFOAvailable
 .text.MXC_UART_ClearRXFIFO
                0x100042e8        0x8 C:/MaximSDK/Libraries/PeriphDrivers/bin/MAX32655/spi-v1_softfp/libPeriphDriver_spi-v1_softfp.a(uart_me17.o)
                0x100042e8                MXC_UART_ClearRXFIFO
 .text.MXC_UART_ClearTXFIFO
                0x100042f0        0x8 C:/MaximSDK/Libraries/PeriphDrivers/bin/MAX32655/spi-v1_softfp/libPeriphDriver_spi-v1_softfp.a(uart_me17.o)
                0x100042f0                MXC_UART_ClearTXFIFO
 .text.MXC_UART_SetRXThreshold
                0x100042f8        0x8 C:/MaximSDK/Libraries/PeriphDrivers/bin/MAX32655/spi-v1_softfp/libPeriphDriver_spi-v1_softfp.a(uart_me17.o)
                0x100042f8                MXC_UART_SetRXThreshold
 .text.MXC_UART_GetFlags
                0x10004300        0x8 C:/MaximSDK/Libraries/PeriphDrivers/bin/MAX32655/spi-v1_softfp/libPeriphDriver_spi-v1_softfp.a(uart_me17.o)
                0x10004300                MXC_UART_GetFlags
 .text.MXC_UART_ClearFlags
                0x10004308        0x8 C:/MaximSDK/Libraries/PeriphDrivers/bin/MAX32655/spi-v1_softfp/libPeriphDriver_spi-v1_softfp.a(uart_me17.o)
                0x10004308                MXC_UART_ClearFlags
 .text.MXC_UART_EnableInt
                0x10004310        0x8 C:/MaximSDK/Libraries/PeriphDrivers/bin/MAX32655/spi-v1_softfp/libPeriphDriver_spi-v1_softfp.a(uart_me17.o)
                0x10004310                MXC_UART_EnableInt
 .text.MXC_UART_DisableInt
                0x10004318        0x8 C:/MaximSDK/Libraries/PeriphDrivers/bin/MAX32655/spi-v1_softfp/libPeriphDriver_spi-v1_softfp.a(uart_me17.o)
                0x10004318                MXC_UART_DisableInt
 .text.MXC_UART_TransactionAsync
                0x10004320        0x8 C:/MaximSDK/Libraries/PeriphDrivers/bin/MAX32655/spi-v1_softfp/libPeriphDriver_spi-v1_softfp.a(uart_me17.o)
                0x10004320                MXC_UART_TransactionAsync
 .text.MXC_UART_AsyncHandler
                0x10004328        0x8 C:/MaximSDK/Libraries/PeriphDrivers/bin/MAX32655/spi-v1_softfp/libPeriphDriver_spi-v1_softfp.a(uart_me17.o)
                0x10004328                MXC_UART_AsyncHandler
 .text.emptyRxAsync
                0x10004330       0x52 C:/MaximSDK/Libraries/PeriphDrivers/bin/MAX32655/spi-v1_softfp/libPeriphDriver_spi-v1_softfp.a(uart_revb.o)
 *fill*         0x10004382        0x2 
 .text.MXC_UART_RevB_Init
                0x10004384       0xe0 C:/MaximSDK/Libraries/PeriphDrivers/bin/MAX32655/spi-v1_softfp/libPeriphDriver_spi-v1_softfp.a(uart_revb.o)
                0x10004384                MXC_UART_RevB_Init
 .text.MXC_UART_RevB_SetFrequency
                0x10004464       0x1e C:/MaximSDK/Libraries/PeriphDrivers/bin/MAX32655/spi-v1_softfp/libPeriphDriver_spi-v1_softfp.a(uart_revb.o)
                0x10004464                MXC_UART_RevB_SetFrequency
 .text.MXC_UART_RevB_SetDataSize
                0x10004482       0x20 C:/MaximSDK/Libraries/PeriphDrivers/bin/MAX32655/spi-v1_softfp/libPeriphDriver_spi-v1_softfp.a(uart_revb.o)
                0x10004482                MXC_UART_RevB_SetDataSize
 .text.MXC_UART_RevB_SetStopBits
                0x100044a2       0x24 C:/MaximSDK/Libraries/PeriphDrivers/bin/MAX32655/spi-v1_softfp/libPeriphDriver_spi-v1_softfp.a(uart_revb.o)
                0x100044a2                MXC_UART_RevB_SetStopBits
 .text.MXC_UART_RevB_SetParity
                0x100044c6       0x90 C:/MaximSDK/Libraries/PeriphDrivers/bin/MAX32655/spi-v1_softfp/libPeriphDriver_spi-v1_softfp.a(uart_revb.o)
                0x100044c6                MXC_UART_RevB_SetParity
 *fill*         0x10004556        0x2 
 .text.MXC_UART_RevB_SetClockSource
                0x10004558       0x98 C:/MaximSDK/Libraries/PeriphDrivers/bin/MAX32655/spi-v1_softfp/libPeriphDriver_spi-v1_softfp.a(uart_revb.o)
                0x10004558                MXC_UART_RevB_SetClockSource
 .text.MXC_UART_RevB_GetClockSource
                0x100045f0        0x8 C:/MaximSDK/Libraries/PeriphDrivers/bin/MAX32655/spi-v1_softfp/libPeriphDriver_spi-v1_softfp.a(uart_revb.o)
                0x100045f0                MXC_UART_RevB_GetClockSource
 .text.MXC_UART_RevB_GetActive
                0x100045f8       0x12 C:/MaximSDK/Libraries/PeriphDrivers/bin/MAX32655/spi-v1_softfp/libPeriphDriver_spi-v1_softfp.a(uart_revb.o)
                0x100045f8                MXC_UART_RevB_GetActive
 .text.MXC_UART_RevB_ReadCharacterRaw
                0x1000460a       0x12 C:/MaximSDK/Libraries/PeriphDrivers/bin/MAX32655/spi-v1_softfp/libPeriphDriver_spi-v1_softfp.a(uart_revb.o)
                0x1000460a                MXC_UART_RevB_ReadCharacterRaw
 .text.MXC_UART_RevB_WriteCharacterRaw
                0x1000461c       0x14 C:/MaximSDK/Libraries/PeriphDrivers/bin/MAX32655/spi-v1_softfp/libPeriphDriver_spi-v1_softfp.a(uart_revb.o)
                0x1000461c                MXC_UART_RevB_WriteCharacterRaw
 .text.MXC_UART_RevB_ReadRXFIFO
                0x10004630       0x24 C:/MaximSDK/Libraries/PeriphDrivers/bin/MAX32655/spi-v1_softfp/libPeriphDriver_spi-v1_softfp.a(uart_revb.o)
                0x10004630                MXC_UART_RevB_ReadRXFIFO
 .text.MXC_UART_RevB_GetRXFIFOAvailable
                0x10004654        0x8 C:/MaximSDK/Libraries/PeriphDrivers/bin/MAX32655/spi-v1_softfp/libPeriphDriver_spi-v1_softfp.a(uart_revb.o)
                0x10004654                MXC_UART_RevB_GetRXFIFOAvailable
 .text.MXC_UART_RevB_WriteTXFIFO
                0x1000465c       0x24 C:/MaximSDK/Libraries/PeriphDrivers/bin/MAX32655/spi-v1_softfp/libPeriphDriver_spi-v1_softfp.a(uart_revb.o)
                0x1000465c                MXC_UART_RevB_WriteTXFIFO
 .text.MXC_UART_RevB_GetTXFIFOAvailable
                0x10004680        0xc C:/MaximSDK/Libraries/PeriphDrivers/bin/MAX32655/spi-v1_softfp/libPeriphDriver_spi-v1_softfp.a(uart_revb.o)
                0x10004680                MXC_UART_RevB_GetTXFIFOAvailable
 .text.MXC_UART_RevB_ClearRXFIFO
                0x1000468c       0x14 C:/MaximSDK/Libraries/PeriphDrivers/bin/MAX32655/spi-v1_softfp/libPeriphDriver_spi-v1_softfp.a(uart_revb.o)
                0x1000468c                MXC_UART_RevB_ClearRXFIFO
 .text.MXC_UART_RevB_ClearTXFIFO
                0x100046a0       0x14 C:/MaximSDK/Libraries/PeriphDrivers/bin/MAX32655/spi-v1_softfp/libPeriphDriver_spi-v1_softfp.a(uart_revb.o)
                0x100046a0                MXC_UART_RevB_ClearTXFIFO
 .text.MXC_UART_RevB_SetRXThreshold
                0x100046b4       0x1e C:/MaximSDK/Libraries/PeriphDrivers/bin/MAX32655/spi-v1_softfp/libPeriphDriver_spi-v1_softfp.a(uart_revb.o)
                0x100046b4                MXC_UART_RevB_SetRXThreshold
 .text.MXC_UART_RevB_GetFlags
                0x100046d2        0x4 C:/MaximSDK/Libraries/PeriphDrivers/bin/MAX32655/spi-v1_softfp/libPeriphDriver_spi-v1_softfp.a(uart_revb.o)
                0x100046d2                MXC_UART_RevB_GetFlags
 .text.MXC_UART_RevB_ClearFlags
                0x100046d6        0x6 C:/MaximSDK/Libraries/PeriphDrivers/bin/MAX32655/spi-v1_softfp/libPeriphDriver_spi-v1_softfp.a(uart_revb.o)
                0x100046d6                MXC_UART_RevB_ClearFlags
 .text.MXC_UART_RevB_EnableInt
                0x100046dc        0xa C:/MaximSDK/Libraries/PeriphDrivers/bin/MAX32655/spi-v1_softfp/libPeriphDriver_spi-v1_softfp.a(uart_revb.o)
                0x100046dc                MXC_UART_RevB_EnableInt
 .text.MXC_UART_RevB_DisableInt
                0x100046e6        0xc C:/MaximSDK/Libraries/PeriphDrivers/bin/MAX32655/spi-v1_softfp/libPeriphDriver_spi-v1_softfp.a(uart_revb.o)
                0x100046e6                MXC_UART_RevB_DisableInt
 *fill*         0x100046f2        0x2 
 .text.MXC_UART_RevB_TransactionAsync
                0x100046f4      0x208 C:/MaximSDK/Libraries/PeriphDrivers/bin/MAX32655/spi-v1_softfp/libPeriphDriver_spi-v1_softfp.a(uart_revb.o)
                0x100046f4                MXC_UART_RevB_TransactionAsync
 .text.MXC_UART_RevB_AsyncTxCallback
                0x100048fc       0x58 C:/MaximSDK/Libraries/PeriphDrivers/bin/MAX32655/spi-v1_softfp/libPeriphDriver_spi-v1_softfp.a(uart_revb.o)
                0x100048fc                MXC_UART_RevB_AsyncTxCallback
 .text.MXC_UART_RevB_AsyncRxCallback
                0x10004954       0x58 C:/MaximSDK/Libraries/PeriphDrivers/bin/MAX32655/spi-v1_softfp/libPeriphDriver_spi-v1_softfp.a(uart_revb.o)
                0x10004954                MXC_UART_RevB_AsyncRxCallback
 .text.MXC_UART_RevB_AsyncCallback
                0x100049ac       0x68 C:/MaximSDK/Libraries/PeriphDrivers/bin/MAX32655/spi-v1_softfp/libPeriphDriver_spi-v1_softfp.a(uart_revb.o)
                0x100049ac                MXC_UART_RevB_AsyncCallback
 .text.MXC_UART_RevB_AsyncStopTx
                0x10004a14        0xc C:/MaximSDK/Libraries/PeriphDrivers/bin/MAX32655/spi-v1_softfp/libPeriphDriver_spi-v1_softfp.a(uart_revb.o)
                0x10004a14                MXC_UART_RevB_AsyncStopTx
 .text.MXC_UART_RevB_AsyncStopRx
                0x10004a20        0xc C:/MaximSDK/Libraries/PeriphDrivers/bin/MAX32655/spi-v1_softfp/libPeriphDriver_spi-v1_softfp.a(uart_revb.o)
                0x10004a20                MXC_UART_RevB_AsyncStopRx
 .text.MXC_UART_RevB_AsyncStop
                0x10004a2c        0xe C:/MaximSDK/Libraries/PeriphDrivers/bin/MAX32655/spi-v1_softfp/libPeriphDriver_spi-v1_softfp.a(uart_revb.o)
                0x10004a2c                MXC_UART_RevB_AsyncStop
 *fill*         0x10004a3a        0x2 
 .text.MXC_UART_RevB_AsyncHandler
                0x10004a3c      0x150 C:/MaximSDK/Libraries/PeriphDrivers/bin/MAX32655/spi-v1_softfp/libPeriphDriver_spi-v1_softfp.a(uart_revb.o)
                0x10004a3c                MXC_UART_RevB_AsyncHandler
 .text.MXC_GetLock
                0x10004b8c       0x1c C:/MaximSDK/Libraries/PeriphDrivers/bin/MAX32655/spi-v1_softfp/libPeriphDriver_spi-v1_softfp.a(mxc_lock.o)
                0x10004b8c                MXC_GetLock
 .text.MXC_FreeLock
                0x10004ba8        0xa C:/MaximSDK/Libraries/PeriphDrivers/bin/MAX32655/spi-v1_softfp/libPeriphDriver_spi-v1_softfp.a(mxc_lock.o)
                0x10004ba8                MXC_FreeLock
 *fill*         0x10004bb2        0x2 
 .text.MXC_GPIO_Common_Init
                0x10004bb4       0x40 C:/MaximSDK/Libraries/PeriphDrivers/bin/MAX32655/spi-v1_softfp/libPeriphDriver_spi-v1_softfp.a(gpio_common.o)
                0x10004bb4                MXC_GPIO_Common_Init
 .text.MXC_GPIO_Common_Handler
                0x10004bf4       0x90 C:/MaximSDK/Libraries/PeriphDrivers/bin/MAX32655/spi-v1_softfp/libPeriphDriver_spi-v1_softfp.a(gpio_common.o)
                0x10004bf4                MXC_GPIO_Common_Handler
 .text.MXC_GPIO_Common_GetConfigLock
                0x10004c84        0xc C:/MaximSDK/Libraries/PeriphDrivers/bin/MAX32655/spi-v1_softfp/libPeriphDriver_spi-v1_softfp.a(gpio_common.o)
                0x10004c84                MXC_GPIO_Common_GetConfigLock
 .text.MXC_UART_Common_ReadCharacter
                0x10004c90       0x16 C:/MaximSDK/Libraries/PeriphDrivers/bin/MAX32655/spi-v1_softfp/libPeriphDriver_spi-v1_softfp.a(uart_common.o)
                0x10004c90                MXC_UART_Common_ReadCharacter
 .text.MXC_UART_Common_WriteCharacter
                0x10004ca6       0x1a C:/MaximSDK/Libraries/PeriphDrivers/bin/MAX32655/spi-v1_softfp/libPeriphDriver_spi-v1_softfp.a(uart_common.o)
                0x10004ca6                MXC_UART_Common_WriteCharacter
 .text.get_ldnumber
                0x10004cc0       0x38 C:/Users/oscar/OneDrive/Desktop/Work/UPRM-Multi_Frq-BioZ-Research/build/Fat32Driver/FAT32.a(ff.o)
 .text.validate
                0x10004cf8       0x30 C:/Users/oscar/OneDrive/Desktop/Work/UPRM-Multi_Frq-BioZ-Research/build/Fat32Driver/FAT32.a(ff.o)
 .text.tchar2uni
                0x10004d28       0x54 C:/Users/oscar/OneDrive/Desktop/Work/UPRM-Multi_Frq-BioZ-Research/build/Fat32Driver/FAT32.a(ff.o)
 .text.dir_clear
                0x10004d7c       0x90 C:/Users/oscar/OneDrive/Desktop/Work/UPRM-Multi_Frq-BioZ-Research/build/Fat32Driver/FAT32.a(ff.o)
 .text.init_alloc_info.isra.0
                0x10004e0c       0x1c C:/Users/oscar/OneDrive/Desktop/Work/UPRM-Multi_Frq-BioZ-Research/build/Fat32Driver/FAT32.a(ff.o)
 .text.sync_fs  0x10004e28       0xac C:/Users/oscar/OneDrive/Desktop/Work/UPRM-Multi_Frq-BioZ-Research/build/Fat32Driver/FAT32.a(ff.o)
 .text.move_window
                0x10004ed4       0x64 C:/Users/oscar/OneDrive/Desktop/Work/UPRM-Multi_Frq-BioZ-Research/build/Fat32Driver/FAT32.a(ff.o)
 .text.change_bitmap
                0x10004f38       0x98 C:/Users/oscar/OneDrive/Desktop/Work/UPRM-Multi_Frq-BioZ-Research/build/Fat32Driver/FAT32.a(ff.o)
 .text.put_fat.part.0
                0x10004fd0      0x10c C:/Users/oscar/OneDrive/Desktop/Work/UPRM-Multi_Frq-BioZ-Research/build/Fat32Driver/FAT32.a(ff.o)
 .text.fill_last_frag
                0x100050dc       0x48 C:/Users/oscar/OneDrive/Desktop/Work/UPRM-Multi_Frq-BioZ-Research/build/Fat32Driver/FAT32.a(ff.o)
 .text.fill_first_frag
                0x10005124       0x48 C:/Users/oscar/OneDrive/Desktop/Work/UPRM-Multi_Frq-BioZ-Research/build/Fat32Driver/FAT32.a(ff.o)
 .text.get_fat  0x1000516c      0x120 C:/Users/oscar/OneDrive/Desktop/Work/UPRM-Multi_Frq-BioZ-Research/build/Fat32Driver/FAT32.a(ff.o)
 .text.dir_sdi  0x1000528c       0xa8 C:/Users/oscar/OneDrive/Desktop/Work/UPRM-Multi_Frq-BioZ-Research/build/Fat32Driver/FAT32.a(ff.o)
 .text.remove_chain
                0x10005334      0x11c C:/Users/oscar/OneDrive/Desktop/Work/UPRM-Multi_Frq-BioZ-Research/build/Fat32Driver/FAT32.a(ff.o)
 .text.create_chain
                0x10005450      0x234 C:/Users/oscar/OneDrive/Desktop/Work/UPRM-Multi_Frq-BioZ-Research/build/Fat32Driver/FAT32.a(ff.o)
 .text.dir_next
                0x10005684       0xd4 C:/Users/oscar/OneDrive/Desktop/Work/UPRM-Multi_Frq-BioZ-Research/build/Fat32Driver/FAT32.a(ff.o)
 .text.dir_alloc
                0x10005758       0x50 C:/Users/oscar/OneDrive/Desktop/Work/UPRM-Multi_Frq-BioZ-Research/build/Fat32Driver/FAT32.a(ff.o)
 .text.dir_remove
                0x100057a8       0x64 C:/Users/oscar/OneDrive/Desktop/Work/UPRM-Multi_Frq-BioZ-Research/build/Fat32Driver/FAT32.a(ff.o)
 .text.load_xdir
                0x1000580c      0x160 C:/Users/oscar/OneDrive/Desktop/Work/UPRM-Multi_Frq-BioZ-Research/build/Fat32Driver/FAT32.a(ff.o)
 .text.dir_read
                0x1000596c      0x158 C:/Users/oscar/OneDrive/Desktop/Work/UPRM-Multi_Frq-BioZ-Research/build/Fat32Driver/FAT32.a(ff.o)
 .text.store_xdir
                0x10005ac4       0xc0 C:/Users/oscar/OneDrive/Desktop/Work/UPRM-Multi_Frq-BioZ-Research/build/Fat32Driver/FAT32.a(ff.o)
 .text.dir_find
                0x10005b84      0x260 C:/Users/oscar/OneDrive/Desktop/Work/UPRM-Multi_Frq-BioZ-Research/build/Fat32Driver/FAT32.a(ff.o)
 .text.follow_path
                0x10005de4      0x434 C:/Users/oscar/OneDrive/Desktop/Work/UPRM-Multi_Frq-BioZ-Research/build/Fat32Driver/FAT32.a(ff.o)
 .text.get_fileinfo
                0x10006218      0x22c C:/Users/oscar/OneDrive/Desktop/Work/UPRM-Multi_Frq-BioZ-Research/build/Fat32Driver/FAT32.a(ff.o)
 .text.check_fs
                0x10006444      0x10c C:/Users/oscar/OneDrive/Desktop/Work/UPRM-Multi_Frq-BioZ-Research/build/Fat32Driver/FAT32.a(ff.o)
 .text.mount_volume
                0x10006550      0x3a8 C:/Users/oscar/OneDrive/Desktop/Work/UPRM-Multi_Frq-BioZ-Research/build/Fat32Driver/FAT32.a(ff.o)
 .text.dir_register
                0x100068f8      0x4c0 C:/Users/oscar/OneDrive/Desktop/Work/UPRM-Multi_Frq-BioZ-Research/build/Fat32Driver/FAT32.a(ff.o)
 .text.f_mount  0x10006db8       0x54 C:/Users/oscar/OneDrive/Desktop/Work/UPRM-Multi_Frq-BioZ-Research/build/Fat32Driver/FAT32.a(ff.o)
                0x10006db8                f_mount
 .text.f_open   0x10006e0c      0x2c0 C:/Users/oscar/OneDrive/Desktop/Work/UPRM-Multi_Frq-BioZ-Research/build/Fat32Driver/FAT32.a(ff.o)
                0x10006e0c                f_open
 .text.f_read   0x100070cc      0x1c8 C:/Users/oscar/OneDrive/Desktop/Work/UPRM-Multi_Frq-BioZ-Research/build/Fat32Driver/FAT32.a(ff.o)
                0x100070cc                f_read
 .text.f_write  0x10007294      0x230 C:/Users/oscar/OneDrive/Desktop/Work/UPRM-Multi_Frq-BioZ-Research/build/Fat32Driver/FAT32.a(ff.o)
                0x10007294                f_write
 .text.f_sync   0x100074c4      0x1b8 C:/Users/oscar/OneDrive/Desktop/Work/UPRM-Multi_Frq-BioZ-Research/build/Fat32Driver/FAT32.a(ff.o)
                0x100074c4                f_sync
 .text.f_close  0x1000767c       0x28 C:/Users/oscar/OneDrive/Desktop/Work/UPRM-Multi_Frq-BioZ-Research/build/Fat32Driver/FAT32.a(ff.o)
                0x1000767c                f_close
 .text.f_chdir  0x100076a4       0x94 C:/Users/oscar/OneDrive/Desktop/Work/UPRM-Multi_Frq-BioZ-Research/build/Fat32Driver/FAT32.a(ff.o)
                0x100076a4                f_chdir
 .text.f_getcwd
                0x10007738      0x194 C:/Users/oscar/OneDrive/Desktop/Work/UPRM-Multi_Frq-BioZ-Research/build/Fat32Driver/FAT32.a(ff.o)
                0x10007738                f_getcwd
 .text.f_opendir
                0x100078cc       0x94 C:/Users/oscar/OneDrive/Desktop/Work/UPRM-Multi_Frq-BioZ-Research/build/Fat32Driver/FAT32.a(ff.o)
                0x100078cc                f_opendir
 .text.f_closedir
                0x10007960       0x30 C:/Users/oscar/OneDrive/Desktop/Work/UPRM-Multi_Frq-BioZ-Research/build/Fat32Driver/FAT32.a(ff.o)
                0x10007960                f_closedir
 .text.f_readdir
                0x10007990       0x60 C:/Users/oscar/OneDrive/Desktop/Work/UPRM-Multi_Frq-BioZ-Research/build/Fat32Driver/FAT32.a(ff.o)
                0x10007990                f_readdir
 .text.f_stat   0x100079f0       0x44 C:/Users/oscar/OneDrive/Desktop/Work/UPRM-Multi_Frq-BioZ-Research/build/Fat32Driver/FAT32.a(ff.o)
                0x100079f0                f_stat
 .text.f_getfree
                0x10007a34      0x134 C:/Users/oscar/OneDrive/Desktop/Work/UPRM-Multi_Frq-BioZ-Research/build/Fat32Driver/FAT32.a(ff.o)
                0x10007a34                f_getfree
 .text.f_unlink
                0x10007b68       0xc8 C:/Users/oscar/OneDrive/Desktop/Work/UPRM-Multi_Frq-BioZ-Research/build/Fat32Driver/FAT32.a(ff.o)
                0x10007b68                f_unlink
 .text.f_mkdir  0x10007c30      0x228 C:/Users/oscar/OneDrive/Desktop/Work/UPRM-Multi_Frq-BioZ-Research/build/Fat32Driver/FAT32.a(ff.o)
                0x10007c30                f_mkdir
 .text.f_rename
                0x10007e58      0x234 C:/Users/oscar/OneDrive/Desktop/Work/UPRM-Multi_Frq-BioZ-Research/build/Fat32Driver/FAT32.a(ff.o)
                0x10007e58                f_rename
 .text.f_chmod  0x1000808c       0x78 C:/Users/oscar/OneDrive/Desktop/Work/UPRM-Multi_Frq-BioZ-Research/build/Fat32Driver/FAT32.a(ff.o)
                0x1000808c                f_chmod
 .text.f_getlabel
                0x10008104      0x128 C:/Users/oscar/OneDrive/Desktop/Work/UPRM-Multi_Frq-BioZ-Research/build/Fat32Driver/FAT32.a(ff.o)
                0x10008104                f_getlabel
 .text.f_setlabel
                0x1000822c      0x1c0 C:/Users/oscar/OneDrive/Desktop/Work/UPRM-Multi_Frq-BioZ-Research/build/Fat32Driver/FAT32.a(ff.o)
                0x1000822c                f_setlabel
 .text.f_mkfs   0x100083ec      0xe10 C:/Users/oscar/OneDrive/Desktop/Work/UPRM-Multi_Frq-BioZ-Research/build/Fat32Driver/FAT32.a(ff.o)
                0x100083ec                f_mkfs
 .text.ff_uni2oem
                0x100091fc       0x54 C:/Users/oscar/OneDrive/Desktop/Work/UPRM-Multi_Frq-BioZ-Research/build/Fat32Driver/FAT32.a(ffunicode.o)
                0x100091fc                ff_uni2oem
 .text.ff_oem2uni
                0x10009250       0x4c C:/Users/oscar/OneDrive/Desktop/Work/UPRM-Multi_Frq-BioZ-Research/build/Fat32Driver/FAT32.a(ffunicode.o)
                0x10009250                ff_oem2uni
 .text.ff_wtoupper
                0x1000929c       0xa4 C:/Users/oscar/OneDrive/Desktop/Work/UPRM-Multi_Frq-BioZ-Research/build/Fat32Driver/FAT32.a(ffunicode.o)
                0x1000929c                ff_wtoupper
 .text.init_mmc
                0x10009340      0x120 C:/Users/oscar/OneDrive/Desktop/Work/UPRM-Multi_Frq-BioZ-Research/build/Fat32Driver/FAT32.a(diskio.o)
 .text.sd_select
                0x10009460      0x104 C:/Users/oscar/OneDrive/Desktop/Work/UPRM-Multi_Frq-BioZ-Research/build/Fat32Driver/FAT32.a(diskio.o)
 .text.rcvr_datablock
                0x10009564       0xd0 C:/Users/oscar/OneDrive/Desktop/Work/UPRM-Multi_Frq-BioZ-Research/build/Fat32Driver/FAT32.a(diskio.o)
 .text.xmit_datablock
                0x10009634      0x140 C:/Users/oscar/OneDrive/Desktop/Work/UPRM-Multi_Frq-BioZ-Research/build/Fat32Driver/FAT32.a(diskio.o)
 .text.send_cmd
                0x10009774      0x1b0 C:/Users/oscar/OneDrive/Desktop/Work/UPRM-Multi_Frq-BioZ-Research/build/Fat32Driver/FAT32.a(diskio.o)
 .text.disk_status
                0x10009924       0x10 C:/Users/oscar/OneDrive/Desktop/Work/UPRM-Multi_Frq-BioZ-Research/build/Fat32Driver/FAT32.a(diskio.o)
                0x10009924                disk_status
 .text.disk_initialize
                0x10009934      0x1e4 C:/Users/oscar/OneDrive/Desktop/Work/UPRM-Multi_Frq-BioZ-Research/build/Fat32Driver/FAT32.a(diskio.o)
                0x10009934                disk_initialize
 .text.disk_read
                0x10009b18       0xd8 C:/Users/oscar/OneDrive/Desktop/Work/UPRM-Multi_Frq-BioZ-Research/build/Fat32Driver/FAT32.a(diskio.o)
                0x10009b18                disk_read
 .text.disk_write
                0x10009bf0      0x1a8 C:/Users/oscar/OneDrive/Desktop/Work/UPRM-Multi_Frq-BioZ-Research/build/Fat32Driver/FAT32.a(diskio.o)
                0x10009bf0                disk_write
 .text.disk_ioctl
                0x10009d98      0x11c C:/Users/oscar/OneDrive/Desktop/Work/UPRM-Multi_Frq-BioZ-Research/build/Fat32Driver/FAT32.a(diskio.o)
                0x10009d98                disk_ioctl
 .text.atoi     0x10009eb4        0x8 C:/Program Files (x86)/Arm GNU Toolchain arm-none-eabi/14.2 rel1/bin/../lib/gcc/arm-none-eabi/14.2.1/thumb/v7e-m+fp/softfp\libc.a(libc_a-atoi.o)
                0x10009eb4                atoi
 .text.calloc   0x10009ebc       0x18 C:/Program Files (x86)/Arm GNU Toolchain arm-none-eabi/14.2 rel1/bin/../lib/gcc/arm-none-eabi/14.2.1/thumb/v7e-m+fp/softfp\libc.a(libc_a-calloc.o)
                0x10009ebc                calloc
 .text._calloc_r
                0x10009ed4       0x6c C:/Program Files (x86)/Arm GNU Toolchain arm-none-eabi/14.2 rel1/bin/../lib/gcc/arm-none-eabi/14.2.1/thumb/v7e-m+fp/softfp\libc.a(libc_a-callocr.o)
                0x10009ed4                _calloc_r
 .text.malloc   0x10009f40       0x10 C:/Program Files (x86)/Arm GNU Toolchain arm-none-eabi/14.2 rel1/bin/../lib/gcc/arm-none-eabi/14.2.1/thumb/v7e-m+fp/softfp\libc.a(libc_a-malloc.o)
                0x10009f40                malloc
 .text.free     0x10009f50       0x10 C:/Program Files (x86)/Arm GNU Toolchain arm-none-eabi/14.2 rel1/bin/../lib/gcc/arm-none-eabi/14.2.1/thumb/v7e-m+fp/softfp\libc.a(libc_a-malloc.o)
                0x10009f50                free
 .text._malloc_r
                0x10009f60      0x598 C:/Program Files (x86)/Arm GNU Toolchain arm-none-eabi/14.2 rel1/bin/../lib/gcc/arm-none-eabi/14.2.1/thumb/v7e-m+fp/softfp\libc.a(libc_a-mallocr.o)
                0x10009f60                _malloc_r
 .text.__malloc_lock
                0x1000a4f8        0xc C:/Program Files (x86)/Arm GNU Toolchain arm-none-eabi/14.2 rel1/bin/../lib/gcc/arm-none-eabi/14.2.1/thumb/v7e-m+fp/softfp\libc.a(libc_a-mlock.o)
                0x1000a4f8                __malloc_lock
 .text.__malloc_unlock
                0x1000a504        0xc C:/Program Files (x86)/Arm GNU Toolchain arm-none-eabi/14.2 rel1/bin/../lib/gcc/arm-none-eabi/14.2.1/thumb/v7e-m+fp/softfp\libc.a(libc_a-mlock.o)
                0x1000a504                __malloc_unlock
 .text.rand     0x1000a510       0x40 C:/Program Files (x86)/Arm GNU Toolchain arm-none-eabi/14.2 rel1/bin/../lib/gcc/arm-none-eabi/14.2.1/thumb/v7e-m+fp/softfp\libc.a(libc_a-rand.o)
                0x1000a510                rand
 .text._strtol_l.isra.0
                0x1000a550      0x138 C:/Program Files (x86)/Arm GNU Toolchain arm-none-eabi/14.2 rel1/bin/../lib/gcc/arm-none-eabi/14.2.1/thumb/v7e-m+fp/softfp\libc.a(libc_a-strtol.o)
 .text.strtol   0x1000a688       0x1c C:/Program Files (x86)/Arm GNU Toolchain arm-none-eabi/14.2 rel1/bin/../lib/gcc/arm-none-eabi/14.2.1/thumb/v7e-m+fp/softfp\libc.a(libc_a-strtol.o)
                0x1000a688                strtol
 .text.stdio_exit_handler
                0x1000a6a4       0x18 C:/Program Files (x86)/Arm GNU Toolchain arm-none-eabi/14.2 rel1/bin/../lib/gcc/arm-none-eabi/14.2.1/thumb/v7e-m+fp/softfp\libc.a(libc_a-findfp.o)
 .text.cleanup_stdio
                0x1000a6bc       0x40 C:/Program Files (x86)/Arm GNU Toolchain arm-none-eabi/14.2 rel1/bin/../lib/gcc/arm-none-eabi/14.2.1/thumb/v7e-m+fp/softfp\libc.a(libc_a-findfp.o)
 .text.global_stdio_init.part.0
                0x1000a6fc       0xf0 C:/Program Files (x86)/Arm GNU Toolchain arm-none-eabi/14.2 rel1/bin/../lib/gcc/arm-none-eabi/14.2.1/thumb/v7e-m+fp/softfp\libc.a(libc_a-findfp.o)
 .text.__sinit  0x1000a7ec       0x3c C:/Program Files (x86)/Arm GNU Toolchain arm-none-eabi/14.2 rel1/bin/../lib/gcc/arm-none-eabi/14.2.1/thumb/v7e-m+fp/softfp\libc.a(libc_a-findfp.o)
                0x1000a7ec                __sinit
 .text.__sfp_lock_acquire
                0x1000a828        0xc C:/Program Files (x86)/Arm GNU Toolchain arm-none-eabi/14.2 rel1/bin/../lib/gcc/arm-none-eabi/14.2.1/thumb/v7e-m+fp/softfp\libc.a(libc_a-findfp.o)
                0x1000a828                __sfp_lock_acquire
 .text.__sfp_lock_release
                0x1000a834        0xc C:/Program Files (x86)/Arm GNU Toolchain arm-none-eabi/14.2 rel1/bin/../lib/gcc/arm-none-eabi/14.2.1/thumb/v7e-m+fp/softfp\libc.a(libc_a-findfp.o)
                0x1000a834                __sfp_lock_release
 .text._fwalk_sglue
                0x1000a840       0x44 C:/Program Files (x86)/Arm GNU Toolchain arm-none-eabi/14.2 rel1/bin/../lib/gcc/arm-none-eabi/14.2.1/thumb/v7e-m+fp/softfp\libc.a(libc_a-fwalk.o)
                0x1000a840                _fwalk_sglue
 .text.printf   0x1000a884       0x28 C:/Program Files (x86)/Arm GNU Toolchain arm-none-eabi/14.2 rel1/bin/../lib/gcc/arm-none-eabi/14.2.1/thumb/v7e-m+fp/softfp\libc.a(libc_a-printf.o)
                0x1000a884                printf
 .text.putchar  0x1000a8ac       0x10 C:/Program Files (x86)/Arm GNU Toolchain arm-none-eabi/14.2 rel1/bin/../lib/gcc/arm-none-eabi/14.2.1/thumb/v7e-m+fp/softfp\libc.a(libc_a-putchar.o)
                0x1000a8ac                putchar
 .text._puts_r  0x1000a8bc       0xbc C:/Program Files (x86)/Arm GNU Toolchain arm-none-eabi/14.2 rel1/bin/../lib/gcc/arm-none-eabi/14.2.1/thumb/v7e-m+fp/softfp\libc.a(libc_a-puts.o)
                0x1000a8bc                _puts_r
 .text.puts     0x1000a978       0x10 C:/Program Files (x86)/Arm GNU Toolchain arm-none-eabi/14.2 rel1/bin/../lib/gcc/arm-none-eabi/14.2.1/thumb/v7e-m+fp/softfp\libc.a(libc_a-puts.o)
                0x1000a978                puts
 .text.snprintf
                0x1000a988       0x90 C:/Program Files (x86)/Arm GNU Toolchain arm-none-eabi/14.2 rel1/bin/../lib/gcc/arm-none-eabi/14.2.1/thumb/v7e-m+fp/softfp\libc.a(libc_a-snprintf.o)
                0x1000a988                snprintf
 .text.__sread  0x1000aa18       0x24 C:/Program Files (x86)/Arm GNU Toolchain arm-none-eabi/14.2 rel1/bin/../lib/gcc/arm-none-eabi/14.2.1/thumb/v7e-m+fp/softfp\libc.a(libc_a-stdio.o)
                0x1000aa18                __sread
 .text.__swrite
                0x1000aa3c       0x40 C:/Program Files (x86)/Arm GNU Toolchain arm-none-eabi/14.2 rel1/bin/../lib/gcc/arm-none-eabi/14.2.1/thumb/v7e-m+fp/softfp\libc.a(libc_a-stdio.o)
                0x1000aa3c                __swrite
 .text.__sseek  0x1000aa7c       0x24 C:/Program Files (x86)/Arm GNU Toolchain arm-none-eabi/14.2 rel1/bin/../lib/gcc/arm-none-eabi/14.2.1/thumb/v7e-m+fp/softfp\libc.a(libc_a-stdio.o)
                0x1000aa7c                __sseek
 .text.__sclose
                0x1000aaa0        0x8 C:/Program Files (x86)/Arm GNU Toolchain arm-none-eabi/14.2 rel1/bin/../lib/gcc/arm-none-eabi/14.2.1/thumb/v7e-m+fp/softfp\libc.a(libc_a-stdio.o)
                0x1000aaa0                __sclose
 .text.memcmp   0x1000aaa8       0x5c C:/Program Files (x86)/Arm GNU Toolchain arm-none-eabi/14.2 rel1/bin/../lib/gcc/arm-none-eabi/14.2.1/thumb/v7e-m+fp/softfp\libc.a(libc_a-memcmp.o)
                0x1000aaa8                memcmp
 .text.memset   0x1000ab04       0x9c C:/Program Files (x86)/Arm GNU Toolchain arm-none-eabi/14.2 rel1/bin/../lib/gcc/arm-none-eabi/14.2.1/thumb/v7e-m+fp/softfp\libc.a(libc_a-memset.o)
                0x1000ab04                memset
 .text.strcasecmp
                0x1000aba0       0x4c C:/Program Files (x86)/Arm GNU Toolchain arm-none-eabi/14.2 rel1/bin/../lib/gcc/arm-none-eabi/14.2.1/thumb/v7e-m+fp/softfp\libc.a(libc_a-strcasecmp.o)
                0x1000aba0                strcasecmp
 .text.strchr   0x1000abec       0xd0 C:/Program Files (x86)/Arm GNU Toolchain arm-none-eabi/14.2 rel1/bin/../lib/gcc/arm-none-eabi/14.2.1/thumb/v7e-m+fp/softfp\libc.a(libc_a-strchr.o)
                0x1000abec                strchr
 .text.strncmp  0x1000acbc       0x78 C:/Program Files (x86)/Arm GNU Toolchain arm-none-eabi/14.2 rel1/bin/../lib/gcc/arm-none-eabi/14.2.1/thumb/v7e-m+fp/softfp\libc.a(libc_a-strncmp.o)
                0x1000acbc                strncmp
 .text.__strtok_r
                0x1000ad34       0x64 C:/Program Files (x86)/Arm GNU Toolchain arm-none-eabi/14.2 rel1/bin/../lib/gcc/arm-none-eabi/14.2.1/thumb/v7e-m+fp/softfp\libc.a(libc_a-strtok_r.o)
                0x1000ad34                __strtok_r
 .text.strtok_r
                0x1000ad98        0x8 C:/Program Files (x86)/Arm GNU Toolchain arm-none-eabi/14.2 rel1/bin/../lib/gcc/arm-none-eabi/14.2.1/thumb/v7e-m+fp/softfp\libc.a(libc_a-strtok_r.o)
                0x1000ad98                strtok_r
 .text._close_r
                0x1000ada0       0x24 C:/Program Files (x86)/Arm GNU Toolchain arm-none-eabi/14.2 rel1/bin/../lib/gcc/arm-none-eabi/14.2.1/thumb/v7e-m+fp/softfp\libc.a(libc_a-closer.o)
                0x1000ada0                _close_r
 .text._lseek_r
                0x1000adc4       0x2c C:/Program Files (x86)/Arm GNU Toolchain arm-none-eabi/14.2 rel1/bin/../lib/gcc/arm-none-eabi/14.2.1/thumb/v7e-m+fp/softfp\libc.a(libc_a-lseekr.o)
                0x1000adc4                _lseek_r
 .text._read_r  0x1000adf0       0x2c C:/Program Files (x86)/Arm GNU Toolchain arm-none-eabi/14.2 rel1/bin/../lib/gcc/arm-none-eabi/14.2.1/thumb/v7e-m+fp/softfp\libc.a(libc_a-readr.o)
                0x1000adf0                _read_r
 .text._sbrk_r  0x1000ae1c       0x24 C:/Program Files (x86)/Arm GNU Toolchain arm-none-eabi/14.2 rel1/bin/../lib/gcc/arm-none-eabi/14.2.1/thumb/v7e-m+fp/softfp\libc.a(libc_a-sbrkr.o)
                0x1000ae1c                _sbrk_r
 .text._write_r
                0x1000ae40       0x2c C:/Program Files (x86)/Arm GNU Toolchain arm-none-eabi/14.2 rel1/bin/../lib/gcc/arm-none-eabi/14.2.1/thumb/v7e-m+fp/softfp\libc.a(libc_a-writer.o)
                0x1000ae40                _write_r
 .text.__errno  0x1000ae6c        0xc C:/Program Files (x86)/Arm GNU Toolchain arm-none-eabi/14.2 rel1/bin/../lib/gcc/arm-none-eabi/14.2.1/thumb/v7e-m+fp/softfp\libc.a(libc_a-errno.o)
                0x1000ae6c                __errno
 .text.__libc_init_array
                0x1000ae78       0x50 C:/Program Files (x86)/Arm GNU Toolchain arm-none-eabi/14.2 rel1/bin/../lib/gcc/arm-none-eabi/14.2.1/thumb/v7e-m+fp/softfp\libc.a(libc_a-init.o)
                0x1000ae78                __libc_init_array
 .text.__retarget_lock_init_recursive
                0x1000aec8        0x4 C:/Program Files (x86)/Arm GNU Toolchain arm-none-eabi/14.2 rel1/bin/../lib/gcc/arm-none-eabi/14.2.1/thumb/v7e-m+fp/softfp\libc.a(libc_a-lock.o)
                0x1000aec8                __retarget_lock_init_recursive
 .text.__retarget_lock_close_recursive
                0x1000aecc        0x4 C:/Program Files (x86)/Arm GNU Toolchain arm-none-eabi/14.2 rel1/bin/../lib/gcc/arm-none-eabi/14.2.1/thumb/v7e-m+fp/softfp\libc.a(libc_a-lock.o)
                0x1000aecc                __retarget_lock_close_recursive
 .text.__retarget_lock_acquire_recursive
                0x1000aed0        0x4 C:/Program Files (x86)/Arm GNU Toolchain arm-none-eabi/14.2 rel1/bin/../lib/gcc/arm-none-eabi/14.2.1/thumb/v7e-m+fp/softfp\libc.a(libc_a-lock.o)
                0x1000aed0                __retarget_lock_acquire_recursive
 .text.__retarget_lock_release_recursive
                0x1000aed4        0x4 C:/Program Files (x86)/Arm GNU Toolchain arm-none-eabi/14.2 rel1/bin/../lib/gcc/arm-none-eabi/14.2.1/thumb/v7e-m+fp/softfp\libc.a(libc_a-lock.o)
                0x1000aed4                __retarget_lock_release_recursive
 .text.sysconf  0x1000aed8       0x1c C:/Program Files (x86)/Arm GNU Toolchain arm-none-eabi/14.2 rel1/bin/../lib/gcc/arm-none-eabi/14.2.1/thumb/v7e-m+fp/softfp\libc.a(libc_a-sysconf.o)
                0x1000aed8                sysconf
 .text          0x1000aef4      0x134 C:/Program Files (x86)/Arm GNU Toolchain arm-none-eabi/14.2 rel1/bin/../lib/gcc/arm-none-eabi/14.2.1/thumb/v7e-m+fp/softfp\libc.a(libc_a-memcpy.o)
                0x1000aef4                memcpy
 *fill*         0x1000b028       0x18 
 .text          0x1000b040       0xd8 C:/Program Files (x86)/Arm GNU Toolchain arm-none-eabi/14.2 rel1/bin/../lib/gcc/arm-none-eabi/14.2.1/thumb/v7e-m+fp/softfp\libc.a(libc_a-strlen.o)
                0x1000b040                strlen
 .text.startup.register_fini
                0x1000b118       0x14 C:/Program Files (x86)/Arm GNU Toolchain arm-none-eabi/14.2 rel1/bin/../lib/gcc/arm-none-eabi/14.2.1/thumb/v7e-m+fp/softfp\libc.a(libc_a-__call_atexit.o)
 .text.atexit   0x1000b12c        0xc C:/Program Files (x86)/Arm GNU Toolchain arm-none-eabi/14.2 rel1/bin/../lib/gcc/arm-none-eabi/14.2.1/thumb/v7e-m+fp/softfp\libc.a(libc_a-atexit.o)
                0x1000b12c                atexit
 .text._malloc_trim_r
                0x1000b138       0xb8 C:/Program Files (x86)/Arm GNU Toolchain arm-none-eabi/14.2 rel1/bin/../lib/gcc/arm-none-eabi/14.2.1/thumb/v7e-m+fp/softfp\libc.a(libc_a-freer.o)
                0x1000b138                _malloc_trim_r
 .text._free_r  0x1000b1f0      0x1f0 C:/Program Files (x86)/Arm GNU Toolchain arm-none-eabi/14.2 rel1/bin/../lib/gcc/arm-none-eabi/14.2.1/thumb/v7e-m+fp/softfp\libc.a(libc_a-freer.o)
                0x1000b1f0                _free_r
 .text._svfprintf_r
                0x1000b3e0     0x21f4 C:/Program Files (x86)/Arm GNU Toolchain arm-none-eabi/14.2 rel1/bin/../lib/gcc/arm-none-eabi/14.2.1/thumb/v7e-m+fp/softfp\libc.a(libc_a-svfprintf.o)
                0x1000b3e0                _svfprintf_r
 *fill*         0x1000d5d4        0x4 
 .text._vfprintf_r
                0x1000d5d8     0x2320 C:/Program Files (x86)/Arm GNU Toolchain arm-none-eabi/14.2 rel1/bin/../lib/gcc/arm-none-eabi/14.2.1/thumb/v7e-m+fp/softfp\libc.a(libc_a-vfprintf.o)
                0x1000d5d8                _vfprintf_r
 .text.__sbprintf
                0x1000f8f8       0x84 C:/Program Files (x86)/Arm GNU Toolchain arm-none-eabi/14.2 rel1/bin/../lib/gcc/arm-none-eabi/14.2.1/thumb/v7e-m+fp/softfp\libc.a(libc_a-vfprintf.o)
 .text.__sprint_r
                0x1000f97c       0x20 C:/Program Files (x86)/Arm GNU Toolchain arm-none-eabi/14.2 rel1/bin/../lib/gcc/arm-none-eabi/14.2.1/thumb/v7e-m+fp/softfp\libc.a(libc_a-sprint_r.o)
                0x1000f97c                __sprint_r
 .text.__ssprint_r
                0x1000f99c       0x58 C:/Program Files (x86)/Arm GNU Toolchain arm-none-eabi/14.2 rel1/bin/../lib/gcc/arm-none-eabi/14.2.1/thumb/v7e-m+fp/softfp\libc.a(libc_a-ssprint_r.o)
                0x1000f99c                __ssprint_r
 .text._fclose_r
                0x1000f9f4       0xc0 C:/Program Files (x86)/Arm GNU Toolchain arm-none-eabi/14.2 rel1/bin/../lib/gcc/arm-none-eabi/14.2.1/thumb/v7e-m+fp/softfp\libc.a(libc_a-fclose.o)
                0x1000f9f4                _fclose_r
 .text.__sflush_r
                0x1000fab4      0x134 C:/Program Files (x86)/Arm GNU Toolchain arm-none-eabi/14.2 rel1/bin/../lib/gcc/arm-none-eabi/14.2.1/thumb/v7e-m+fp/softfp\libc.a(libc_a-fflush.o)
                0x1000fab4                __sflush_r
 .text._fflush_r
                0x1000fbe8       0x54 C:/Program Files (x86)/Arm GNU Toolchain arm-none-eabi/14.2 rel1/bin/../lib/gcc/arm-none-eabi/14.2.1/thumb/v7e-m+fp/softfp\libc.a(libc_a-fflush.o)
                0x1000fbe8                _fflush_r
 .text.__sfvwrite_r
                0x1000fc3c      0x2e4 C:/Program Files (x86)/Arm GNU Toolchain arm-none-eabi/14.2 rel1/bin/../lib/gcc/arm-none-eabi/14.2.1/thumb/v7e-m+fp/softfp\libc.a(libc_a-fvwrite.o)
                0x1000fc3c                __sfvwrite_r
 .text._putc_r  0x1000ff20       0x78 C:/Program Files (x86)/Arm GNU Toolchain arm-none-eabi/14.2 rel1/bin/../lib/gcc/arm-none-eabi/14.2.1/thumb/v7e-m+fp/softfp\libc.a(libc_a-putc.o)
                0x1000ff20                _putc_r
 .text.__swbuf_r
                0x1000ff98       0xac C:/Program Files (x86)/Arm GNU Toolchain arm-none-eabi/14.2 rel1/bin/../lib/gcc/arm-none-eabi/14.2.1/thumb/v7e-m+fp/softfp\libc.a(libc_a-wbuf.o)
                0x1000ff98                __swbuf_r
 .text.__swsetup_r
                0x10010044       0xfc C:/Program Files (x86)/Arm GNU Toolchain arm-none-eabi/14.2 rel1/bin/../lib/gcc/arm-none-eabi/14.2.1/thumb/v7e-m+fp/softfp\libc.a(libc_a-wsetup.o)
                0x10010044                __swsetup_r
 .text.memmove  0x10010140       0xf8 C:/Program Files (x86)/Arm GNU Toolchain arm-none-eabi/14.2 rel1/bin/../lib/gcc/arm-none-eabi/14.2.1/thumb/v7e-m+fp/softfp\libc.a(libc_a-memmove.o)
                0x10010140                memmove
 .text.strncpy  0x10010238       0x68 C:/Program Files (x86)/Arm GNU Toolchain arm-none-eabi/14.2 rel1/bin/../lib/gcc/arm-none-eabi/14.2.1/thumb/v7e-m+fp/softfp\libc.a(libc_a-strncpy.o)
                0x10010238                strncpy
 .text.__locale_mb_cur_max
                0x100102a0        0xc C:/Program Files (x86)/Arm GNU Toolchain arm-none-eabi/14.2 rel1/bin/../lib/gcc/arm-none-eabi/14.2.1/thumb/v7e-m+fp/softfp\libc.a(libc_a-locale.o)
                0x100102a0                __locale_mb_cur_max
 .text._localeconv_r
                0x100102ac        0x8 C:/Program Files (x86)/Arm GNU Toolchain arm-none-eabi/14.2 rel1/bin/../lib/gcc/arm-none-eabi/14.2.1/thumb/v7e-m+fp/softfp\libc.a(libc_a-localeconv.o)
                0x100102ac                _localeconv_r
 .text.__libc_fini_array
                0x100102b4       0x28 C:/Program Files (x86)/Arm GNU Toolchain arm-none-eabi/14.2 rel1/bin/../lib/gcc/arm-none-eabi/14.2.1/thumb/v7e-m+fp/softfp\libc.a(libc_a-fini.o)
                0x100102b4                __libc_fini_array
 *fill*         0x100102dc        0x4 
 .text          0x100102e0       0xa0 C:/Program Files (x86)/Arm GNU Toolchain arm-none-eabi/14.2 rel1/bin/../lib/gcc/arm-none-eabi/14.2.1/thumb/v7e-m+fp/softfp\libc.a(libc_a-memchr.o)
                0x100102e0                memchr
 .text.frexp    0x10010380       0x6c C:/Program Files (x86)/Arm GNU Toolchain arm-none-eabi/14.2 rel1/bin/../lib/gcc/arm-none-eabi/14.2.1/thumb/v7e-m+fp/softfp\libc.a(libm_a-s_frexp.o)
                0x10010380                frexp
 .text.__register_exitproc
                0x100103ec       0x80 C:/Program Files (x86)/Arm GNU Toolchain arm-none-eabi/14.2 rel1/bin/../lib/gcc/arm-none-eabi/14.2.1/thumb/v7e-m+fp/softfp\libc.a(libc_a-__atexit.o)
                0x100103ec                __register_exitproc
 .text.quorem   0x1001046c      0x12c C:/Program Files (x86)/Arm GNU Toolchain arm-none-eabi/14.2 rel1/bin/../lib/gcc/arm-none-eabi/14.2.1/thumb/v7e-m+fp/softfp\libc.a(libc_a-dtoa.o)
 .text._dtoa_r  0x10010598     0x1038 C:/Program Files (x86)/Arm GNU Toolchain arm-none-eabi/14.2 rel1/bin/../lib/gcc/arm-none-eabi/14.2.1/thumb/v7e-m+fp/softfp\libc.a(libc_a-dtoa.o)
                0x10010598                _dtoa_r
 .text.__ascii_mbtowc
                0x100115d0       0x2c C:/Program Files (x86)/Arm GNU Toolchain arm-none-eabi/14.2 rel1/bin/../lib/gcc/arm-none-eabi/14.2.1/thumb/v7e-m+fp/softfp\libc.a(libc_a-mbtowc_r.o)
                0x100115d0                __ascii_mbtowc
 .text._Balloc  0x100115fc       0x4c C:/Program Files (x86)/Arm GNU Toolchain arm-none-eabi/14.2 rel1/bin/../lib/gcc/arm-none-eabi/14.2.1/thumb/v7e-m+fp/softfp\libc.a(libc_a-mprec.o)
                0x100115fc                _Balloc
 .text._Bfree   0x10011648       0x14 C:/Program Files (x86)/Arm GNU Toolchain arm-none-eabi/14.2 rel1/bin/../lib/gcc/arm-none-eabi/14.2.1/thumb/v7e-m+fp/softfp\libc.a(libc_a-mprec.o)
                0x10011648                _Bfree
 .text.__multadd
                0x1001165c       0xa0 C:/Program Files (x86)/Arm GNU Toolchain arm-none-eabi/14.2 rel1/bin/../lib/gcc/arm-none-eabi/14.2.1/thumb/v7e-m+fp/softfp\libc.a(libc_a-mprec.o)
                0x1001165c                __multadd
 .text.__hi0bits
                0x100116fc       0x54 C:/Program Files (x86)/Arm GNU Toolchain arm-none-eabi/14.2 rel1/bin/../lib/gcc/arm-none-eabi/14.2.1/thumb/v7e-m+fp/softfp\libc.a(libc_a-mprec.o)
                0x100116fc                __hi0bits
 .text.__lo0bits
                0x10011750       0x80 C:/Program Files (x86)/Arm GNU Toolchain arm-none-eabi/14.2 rel1/bin/../lib/gcc/arm-none-eabi/14.2.1/thumb/v7e-m+fp/softfp\libc.a(libc_a-mprec.o)
                0x10011750                __lo0bits
 .text.__i2b    0x100117d0       0x5c C:/Program Files (x86)/Arm GNU Toolchain arm-none-eabi/14.2 rel1/bin/../lib/gcc/arm-none-eabi/14.2.1/thumb/v7e-m+fp/softfp\libc.a(libc_a-mprec.o)
                0x100117d0                __i2b
 .text.__multiply
                0x1001182c      0x16c C:/Program Files (x86)/Arm GNU Toolchain arm-none-eabi/14.2 rel1/bin/../lib/gcc/arm-none-eabi/14.2.1/thumb/v7e-m+fp/softfp\libc.a(libc_a-mprec.o)
                0x1001182c                __multiply
 .text.__pow5mult
                0x10011998       0xc0 C:/Program Files (x86)/Arm GNU Toolchain arm-none-eabi/14.2 rel1/bin/../lib/gcc/arm-none-eabi/14.2.1/thumb/v7e-m+fp/softfp\libc.a(libc_a-mprec.o)
                0x10011998                __pow5mult
 .text.__lshift
                0x10011a58       0xe8 C:/Program Files (x86)/Arm GNU Toolchain arm-none-eabi/14.2 rel1/bin/../lib/gcc/arm-none-eabi/14.2.1/thumb/v7e-m+fp/softfp\libc.a(libc_a-mprec.o)
                0x10011a58                __lshift
 .text.__mcmp   0x10011b40       0x44 C:/Program Files (x86)/Arm GNU Toolchain arm-none-eabi/14.2 rel1/bin/../lib/gcc/arm-none-eabi/14.2.1/thumb/v7e-m+fp/softfp\libc.a(libc_a-mprec.o)
                0x10011b40                __mcmp
 .text.__mdiff  0x10011b84      0x174 C:/Program Files (x86)/Arm GNU Toolchain arm-none-eabi/14.2 rel1/bin/../lib/gcc/arm-none-eabi/14.2.1/thumb/v7e-m+fp/softfp\libc.a(libc_a-mprec.o)